******************************************************************************
                  TI ARM Linker PC v18.12.1                    
******************************************************************************
>> Linked Tue Aug 13 10:14:20 2019

OUTPUT FILE NAME:   <Kapture_D2_Test_Code.out>
ENTRY POINT SYMBOL: "ResetISR"  address: 00003db9


MEMORY CONFIGURATION

         name            origin    length      used     unused   attr    fill
----------------------  --------  ---------  --------  --------  ----  --------
  FLASH                 00000000   00058000  000063a8  00051c58  R  X
  GPRAM                 11000000   00002000  00000000  00002000  RW X
  SRAM                  20000000   00014000  00002b82  0001147e  RW X


SEGMENT ALLOCATION MAP

run origin  load origin   length   init length attrs members
----------  ----------- ---------- ----------- ----- -------
00000000    00000000    00006350   00006350    r-x
  00000000    00000000    0000003c   0000003c    r-- .resetVecs
  0000003c    0000003c    000057ec   000057ec    r-x .text
  00005828    00005828    00000920   00000920    r-- .const
  00006148    00006148    00000208   00000208    r-- .cinit
00057fa8    00057fa8    00000058   00000058    r--
  00057fa8    00057fa8    00000058   00000058    r-- .ccfg
20000100    20000100    000011f7   00000000    rw-
  20000100    20000100    00000004   00000000    rw- .data:xdcRomConstPtr
  20000104    20000104    00000004   00000000    rw- .data:xdcRomExternFuncPtr
  20000108    20000108    00000004   00000000    rw- .data:xdcRomStatePtr
  20000110    20000110    000011e7   00000000    rw- .bss
200012f8    200012f8    00001000   00000000    r--
  200012f8    200012f8    00001000   00000000    r-- .priheap
200022f8    200022f8    000004b7   00000000    rw-
  200022f8    200022f8    000004b7   00000000    rw- .data
20013c00    20013c00    00000400   00000000    rw-
  20013c00    20013c00    00000400   00000000    rw- .stack


SECTION ALLOCATION MAP

 output                                  attributes/
section   page    origin      length       input sections
--------  ----  ----------  ----------   ----------------
.binit     0    00000000    00000000     

.cinit     0    00006148    00000208     
                  00006148    000001b1     (.cinit..data.load) [load image, compression = lzss]
                  000062f9    00000003     --HOLE-- [fill = 0]
                  000062fc    0000000c     (__TI_handler_table)
                  00006308    00000008     (.cinit..bss.load) [load image, compression = zero_init]
                  00006310    00000008     (.cinit..data:xdcRomConstPtr.load) [load image, compression = lzss]
                  00006318    00000008     (.cinit..data:xdcRomExternFuncPtr.load) [load image, compression = lzss]
                  00006320    00000008     (.cinit..data:xdcRomStatePtr.load) [load image, compression = lzss]
                  00006328    00000028     (__TI_cinit_table)

.init_array 
*          0    00000000    00000000     UNINITIALIZED

.ccfg      0    00057fa8    00000058     
                  00057fa8    00000058     ccfg.obj (.ccfg:retain)

.bss       0    20000110    000011e7     UNINITIALIZED
                  20000110    00000400     uart_printf.obj (.bss:uartPrintf_outArray)
                  20000510    00000258     (.common:uartCC26XXObjects)
                  20000768    00000200     mutex_pem4f.oem4f (.bss:taskStackSection)
                  20000968    00000200     (.common:maintaskStack)
                  20000b68    00000120     (.common:gptimerCC26XXObjects)
                  20000c88    00000100     (.common:pwmtimerCC26xxObjects)
                  20000d88    000000dc     (.common:adcCC26xxObjects)
                  20000e64    000000d8     (.common:ti_sysbios_family_arm_m3_Hwi_dispatchTable)
                  20000f3c    0000007c     (.common:pinHandleTable)
                  20000fb8    00000050     (.common:maintaskStruct)
                  20001008    00000044     main.obj (.bss)
                  2000104c    00000040     (.common:uartCC26XXRingBuffer)
                  2000108c    00000034     drivers_cc26x2.aem4f : PINCC26XX.oem4f (.bss:pinSwi)
                  200010c0    00000024     main.obj (.bss:buttonClockStruct)
                  200010e4    00000024     main.obj (.bss:lockDelayedStopMotorClock)
                  20001108    00000024     main.obj (.bss:touchClockStruct)
                  2000112c    00000024     main.obj (.bss:uiClockStruct)
                  20001150    00000024     (.common:uartParams)
                  20001174    00000020     drivers_cc26x2.aem4f : PINCC26XX.oem4f (.bss:pinGpioConfigTable)
                  20001194    00000020     (.common:FIFOStack)
                  200011b4    00000020     (.common:KeyBuffer)
                  200011d4    0000001c     driverlib.lib : osc.obj (.bss:$O1$$)
                  200011f0    0000001c     main.obj (.bss:UI)
                  2000120c    0000001c     drivers_cc26x2.aem4f : ADCCC26XX.oem4f (.bss:adcSemaphore)
                  20001228    0000001c                          : PINCC26XX.oem4f (.bss:pinHwi)
                  20001244    0000001c                          : PINCC26XX.oem4f (.bss:pinSemaphore)
                  20001260    00000010     (.common:FIFOBuf)
                  20001270    0000000c     main.obj (.bss:batteryCntPinState)
                  2000127c    0000000c     main.obj (.bss:buttonPinState)
                  20001288    0000000c     main.obj (.bss:coverDetectPinState)
                  20001294    0000000c     main.obj (.bss:keypadIntPinState)
                  200012a0    0000000c     main.obj (.bss:keypadPwrPinState)
                  200012ac    0000000c     main.obj (.bss:ledPinState)
                  200012b8    0000000c     main.obj (.bss:motorDRPinState)
                  200012c4    0000000c     main.obj (.bss:motorSWPinState)
                  200012d0    0000000c     drivers_cc26x2.aem4f : PWMTimerCC26XX.oem4f (.bss:pinState)
                  200012dc    00000004                          : PINCC26XX.oem4f (.bss)
                  200012e0    00000004     (.common:ClockP_tickPeriod)
                  200012e4    00000004     (.common:PowerCC26XX_swiKey)
                  200012e8    00000004     (.common:PowerCC26XX_taskKey)
                  200012ec    00000004     (.common:keyPadUart)
                  200012f0    00000004     (.common:sleepTickCount)
                  200012f4    00000002     (.common:touchCount)
                  200012f6    00000001     (.common:driverlib_release_0_54539)

.data      0    200022f8    000004b7     UNINITIALIZED
                  200022f8    0000010c     mutex_pem4f.oem4f (.data:ROM_stateStruct)
                  20002404    000000ec     drivers_cc26x2.aem4f : PowerCC26X2.oem4f (.data:PowerCC26X2_module)
                  200024f0    0000004c     mutex_pem4f.oem4f (.data:ti_sysbios_knl_Task_Object__table__V)
                  2000253c    00000004     drivers_cc26x2.aem4f : PWMTimerCC26XX.oem4f (.data)
                  20002540    00000048     mutex_pem4f.oem4f (.data:ti_sysbios_family_arm_cc26xx_Timer_Object__table__V)
                  20002588    00000038     mutex_pem4f.oem4f (.data:ti_sysbios_gates_GateMutex_Object__table__V)
                  200025c0    00000030     mutex_pem4f.oem4f (.data:ti_sysbios_knl_Swi_Module_State_0_readyQ__A)
                  200025f0    00000030     mutex_pem4f.oem4f (.data:ti_sysbios_knl_Swi_Object__table__V)
                  20002620    00000020     mutex_pem4f.oem4f (.data:ti_sysbios_knl_Clock_Object__table__V)
                  20002640    00000020     mutex_pem4f.oem4f (.data:ti_sysbios_knl_Task_Module_State_0_readyQ__A)
                  20002660    00000020     mutex_pem4f.oem4f (.data:xdc_runtime_Error_IgnoreBlock)
                  20002680    00000018     main.obj (.data:ledPinTable)
                  20002698    00000018     mutex_pem4f.oem4f (.data:ti_sysbios_family_arm_m3_Hwi_Object__table__V)
                  200026b0    00000018     mutex_pem4f.oem4f (.data:ti_sysbios_heaps_HeapMem_Object__table__V)
                  200026c8    0000000c     main.obj (.data:buttonPinTable)
                  200026d4    0000000c     main.obj (.data)
                  200026e0    0000000c     main.obj (.data:motorDRPinTable)
                  200026ec    0000000c     main.obj (.data:motorSWPinTable)
                  200026f8    00000008     rtsv7M4_T_le_v4SPD16_eabi.lib : _lock.c.obj (.data:$O1$$)
                  20002700    00000008     main.obj (.data:batteryCntPinTable)
                  20002708    00000008     main.obj (.data:coverDetectPinTable)
                  20002710    00000008     drivers_cc26x2.aem4f : PINCC26XX.oem4f (.data)
                  20002718    00000008     main.obj (.data:keyPadPowerPinTable)
                  20002720    00000008     main.obj (.data:keypadIntPinTable)
                  20002728    00000008     mutex_pem4f.oem4f (.data:ti_sysbios_family_arm_m3_Hwi_Module__root__V)
                  20002730    00000008     mutex_pem4f.oem4f (.data:ti_sysbios_gates_GateHwi_Module__root__V)
                  20002738    00000008     mutex_pem4f.oem4f (.data:ti_sysbios_gates_GateMutex_Module__root__V)
                  20002740    00000008     mutex_pem4f.oem4f (.data:ti_sysbios_hal_Hwi_Module__root__V)
                  20002748    00000008     mutex_pem4f.oem4f (.data:ti_sysbios_heaps_HeapMem_Module__root__V)
                  20002750    00000008     mutex_pem4f.oem4f (.data:ti_sysbios_knl_Clock_Module__root__V)
                  20002758    00000008     mutex_pem4f.oem4f (.data:ti_sysbios_knl_Event_Module__root__V)
                  20002760    00000008     mutex_pem4f.oem4f (.data:ti_sysbios_knl_Mailbox_Module__root__V)
                  20002768    00000008     mutex_pem4f.oem4f (.data:ti_sysbios_knl_Queue_Module__root__V)
                  20002770    00000008     mutex_pem4f.oem4f (.data:ti_sysbios_knl_Semaphore_Module__root__V)
                  20002778    00000008     mutex_pem4f.oem4f (.data:ti_sysbios_knl_Swi_Module__root__V)
                  20002780    00000008     mutex_pem4f.oem4f (.data:ti_sysbios_knl_Task_Module__root__V)
                  20002788    00000008     uart_printf.obj (.data)
                  20002790    00000008     mutex_pem4f.oem4f (.data:xdc_runtime_System_Module_State_0_atexitHandlers__A)
                  20002798    00000004     rtsv7M4_T_le_v4SPD16_eabi.lib : stkdepth_vars.c.obj (.data)
                  2000279c    00000004     mutex_pem4f.oem4f (.data:ti_sysbios_family_arm_m3_Hwi_Module_State_0_excContext__A)
                  200027a0    00000004     mutex_pem4f.oem4f (.data:ti_sysbios_family_arm_m3_Hwi_Module_State_0_excStack__A)
                  200027a4    00000004     mutex_pem4f.oem4f (.data:ti_sysbios_knl_Task_Module_State_0_idleTask__A)
                  200027a8    00000002     drivers_cc26x2.aem4f : ADCCC26XX.oem4f (.data)
                  200027aa    00000002     mutex_pem4f.oem4f (.data:ti_sysbios_family_arm_m3_Hwi_Module_State_0_excActive__A)
                  200027ac    00000001     drivers_cc26x2.aem4f : ADC.oem4f (.data)
                  200027ad    00000001                          : PWM.oem4f (.data)
                  200027ae    00000001                          : UART.oem4f (.data)

.stack     0    20013c00    00000400     UNINITIALIZED
                  20013c00    00000400     --HOLE--

.priheap   0    200012f8    00001000     UNINITIALIZED
                  200012f8    00001000     --HOLE--

.data:xdcRomConstPtr 
*          0    20000100    00000004     UNINITIALIZED
                  20000100    00000004     mutex_pem4f.oem4f (.data:xdcRomConstPtr)

.data:xdcRomExternFuncPtr 
*          0    20000104    00000004     UNINITIALIZED
                  20000104    00000004     mutex_pem4f.oem4f (.data:xdcRomExternFuncPtr)

.data:xdcRomStatePtr 
*          0    20000108    00000004     UNINITIALIZED
                  20000108    00000004     mutex_pem4f.oem4f (.data:xdcRomStatePtr)

.bootVecs 
*          0    00000000    00000008     DSECT
                  00000000    00000008     boot.aem4f : boot.oem4f (.bootVecs)

.resetVecs 
*          0    00000000    0000003c     
                  00000000    0000003c     mutex_pem4f.oem4f (.resetVecs)

.vecs      0    20000000    000000d8     NOLOAD SECTION
                  20000000    000000d8     mutex_pem4f.oem4f (.vecs)

xdc.meta   0    00000000    000000ef     COPY SECTION
                  00000000    000000ef     mutex_pem4f.oem4f (xdc.meta)

xdc.noload 
*          0    00000000    00000000     COPY SECTION

.text      0    0000003c    000057ec     
                  0000003c    000003cc     main.obj (.text:uiFxn)
                  00000408    00000344     main.obj (.text:InitMaintask)
                  0000074c    00000330     main.obj (.text:RLCheck)
                  00000a7c    00000258     main.obj (.text:maintaskFxn)
                  00000cd4    000001c0     drivers_cc26x2.aem4f : PINCC26XX.oem4f (.text:PIN_init)
                  00000e94    000001ac                          : PowerCC26X2.oem4f (.text:Power_sleep)
                  00001040    00000190                          : PowerCC26X2_calibrateRCOSC.oem4f (.text:calibrateRcoscHf1)
                  000011d0    0000018c                          : PowerCC26X2_calibrateRCOSC.oem4f (.text:runCalibrateFsm)
                  0000135c    00000184     main.obj (.text:ProcessKeypadData)
                  000014e0    00000170     main.obj (.text:SetUI)
                  00001650    00000164     drivers_cc26x2.aem4f : UARTCC26XX.oem4f (.text:UARTCC26XX_open)
                  000017b4    00000154                          : UARTCC26XX.oem4f (.text:UARTCC26XX_hwiIntFxn)
                  00001908    00000150                          : PowerCC26X2.oem4f (.text:Power_init)
                  00001a58    0000013a                          : UARTCC26XX.oem4f (.text:UARTCC26XX_read)
                  00001b92    00000002                          : PWMTimerCC26XX.oem4f (.text:PWMTimerCC26XX_init)
                  00001b94    0000011c     main.obj (.text:motorSWCallbackFxn)
                  00001cb0    00000112     main.obj (.text:GetBatteryADC)
                  00001dc2    00000002     rtsv7M4_T_le_v4SPD16_eabi.lib : _lock.c.obj (.text:_nop)
                  00001dc4    000000f8     drivers_cc26x2.aem4f : PINCC26XX.oem4f (.text:PINCC26XX_setIoCfg)
                  00001ebc    000000f8     mutex_pem4f.oem4f (.text:xdc_runtime_System_printfExtend__I)
                  00001fb4    000000f4     drivers_cc26x2.aem4f : ADCCC26XX.oem4f (.text:ADCCC26XX_convert)
                  000020a8    000000f4     driverlib.lib : sys_ctrl.obj (.text:NOROM_SysCtrlStandby)
                  0000219c    000000f0     main.obj (.text:InitGlobalParameter)
                  0000228c    000000f0     main.obj (.text:InitMotor)
                  0000237c    000000e0     drivers_cc26x2.aem4f : UARTCC26XX.oem4f (.text:UARTCC26XX_write)
                  0000245c    000000dc                          : PWMTimerCC26XX.oem4f (.text:PWMTimerCC26XX_open)
                  00002538    000000d8     main.obj (.text:buttonClockFxn)
                  00002610    000000c8     drivers_cc26x2.aem4f : PowerCC26X2.oem4f (.text:Power_releaseDependency)
                  000026d8    000000c4                          : PowerCC26X2.oem4f (.text:Power_setDependency)
                  0000279c    000000c0                          : UARTCC26XX.oem4f (.text:UARTCC26XX_initIO)
                  0000285c    000000b8                          : UARTCC26XX.oem4f (.text:UARTCC26XX_initHw)
                  00002914    000000b4     dpl_cc26x2.aem4f : PowerCC26X2_tirtos.oem4f (.text:PowerCC26XX_standbyPolicy)
                  000029c8    000000b4     uart_printf.obj (.text:uartPrintf_flush)
                  00002a7c    000000b0     main.obj (.text:keyPadCallback)
                  00002b2c    000000ac     drivers_cc26x2.aem4f : PINCC26XX.oem4f (.text:PIN_open)
                  00002bd8    000000ac     driverlib.lib : setup.obj (.text:TrimAfterColdResetWakeupFromShutDown)
                  00002c84    000000a0     auto_init.aem4f : auto_init.oem4f (.text)
                  00002d24    0000009c     drivers_cc26x2.aem4f : PWMTimerCC26XX.oem4f (.text:PWMTimerCC26XX_setDutyAndPeriod)
                  00002dc0    0000009c     rtsv7M4_T_le_v4SPD16_eabi.lib : memcpy_t2.asm.obj (.text)
                  00002e5c    00000098     driverlib.lib : setup.obj (.text:NOROM_SetupTrimDevice)
                  00002ef4    00000098     drivers_cc26x2.aem4f : UARTCC26XX.oem4f (.text:writeTxFifoFlush)
                  00002f8c    00000096     rtsv7M4_T_le_v4SPD16_eabi.lib : ull_div_t2.asm.obj (.text)
                  00003022    00000092     drivers_cc26x2.aem4f : UARTCC26XX.oem4f (.text:UARTCC26XX_writeCancel)
                  000030b4    00000088                          : GPTimerCC26XX.oem4f (.text:GPTimerCC26XX_open)
                  0000313c    00000088     driverlib.lib : osc.obj (.text:NOROM_OSCHF_AttemptToSwitchToXosc)
                  000031c4    00000088     drivers_cc26x2.aem4f : PowerCC26X2_calibrateRCOSC.oem4f (.text:calibrateRcoscHf2)
                  0000324c    00000088                          : PowerCC26X2.oem4f (.text:disableLFClockQualifiers)
                  000032d4    00000088                          : PowerCC26X2_calibrateRCOSC.oem4f (.text:updateSubSecInc)
                  0000335c    00000084     CC26X2R1_LAUNCHXL_fxns.obj (.text:CC26X2R1_LAUNCHXL_sendExtFlashByte)
                  000033e0    00000084     drivers_cc26x2.aem4f : UARTCC26XX.oem4f (.text:UARTCC26XX_close)
                  00003464    00000080     rom_sysbios.aem4f : rom_sysbios.obj (.text:ti_sysbios_family_arm_cc26xx_Timer_start__E)
                  000034e4    0000007c     drivers_cc26x2.aem4f : PowerCC26X2.oem4f (.text:configureXOSCHF)
                  00003560    0000007a     rtsv7M4_T_le_v4SPD16_eabi.lib : memset_t2.asm.obj (.text)
                  000035da    00000002     drivers_cc26x2.aem4f : PowerCC26X2.oem4f (.text:emptyClockFunc)
                  000035dc    00000074                          : ADCCC26XX.oem4f (.text:ADCCC26XX_open)
                  00003650    00000074                          : PowerCC26X2_calibrateRCOSC.oem4f (.text:PowerCC26X2_auxISR)
                  000036c4    00000070                          : GPTimerCC26XX.oem4f (.text:GPTimerCC26XX_resetHw)
                  00003734    00000070                          : PINCC26XX.oem4f (.text:PIN_add)
                  000037a4    0000006d     rom_sysbios.aem4f : rom_sysbios.obj (.text:xdc_runtime_System_formatNum__I)
                  00003811    00000001     --HOLE-- [fill = 0]
                  00003812    00000002     rtsv7M4_T_le_v4SPD16_eabi.lib : div0.asm.obj (.text)
                  00003814    00000068     driverlib.lib : osc.obj (.text:NOROM_OSCHF_SwitchToRcOscTurnOffXosc)
                  0000387c    00000068     rtsv7M4_T_le_v4SPD16_eabi.lib : copy_decompress_lzss.c.obj (.text:decompress:lzss:__TI_decompress_lzss)
                  000038e4    00000064     drivers_cc26x2.aem4f : ADCCC26XX.oem4f (.text:ADCCC26XX_convertToMicroVolts)
                  00003948    00000064                          : UARTCC26XX.oem4f (.text:UARTCC26XX_control)
                  000039ac    00000064     rom_sysbios.aem4f : rom_sysbios.obj (.text:ti_sysbios_heaps_HeapMem_initPrimary__I)
                  00003a10    00000062     drivers_cc26x2.aem4f : UARTCC26XX.oem4f (.text:UARTCC26XX_swiIntFxn)
                  00003a72    00000002     mutex_pem4f.oem4f (.text:ti_sysbios_BIOS_nullFunc__I)
                  00003a74    00000060     main.obj (.text:InitPuzzer)
                  00003ad4    00000060     util.obj (.text:Util_constructClock)
                  00003b34    0000005e     FIFO.obj (.text:FIFOGetByte)
                  00003b92    00000002     rom_sysbios.aem4f : rom_sysbios.obj (.text:xdc_runtime_SysCallback_defaultAbort)
                  00003b94    0000005e     FIFO.obj (.text:FIFOPutByte)
                  00003bf2    00000002     rom_sysbios.aem4f : rom_sysbios.obj (.text:xdc_runtime_SysCallback_defaultExit)
                  00003bf4    0000005c     drivers_cc26x2.aem4f : PINCC26XX.oem4f (.text:PIN_remove)
                  00003c50    0000005c                          : PWMTimerCC26XX.oem4f (.text:PWMTimerCC26XX_setPeriod)
                  00003cac    0000005c     mutex_pem4f.oem4f (.text:xdc_runtime_Startup_getState__I)
                  00003d08    00000058     drivers_cc26x2.aem4f : GPTimerCC26XX.oem4f (.text:GPTimerCC26XX_stop)
                  00003d60    00000058                          : PowerCC26X2_calibrateRCOSC.oem4f (.text:PowerCC26X2_initiateCalibration)
                  00003db8    00000058     boot.aem4f : boot.oem4f (.text)
                  00003e10    00000058     uart_printf.obj (.text:uartPrintf_putch)
                  00003e68    00000050     dpl_cc26x2.aem4f : ClockP_tirtos.oem4f (.text:ClockP_construct)
                  00003eb8    00000050     driverlib.lib : chipinfo.obj (.text:NOROM_ChipInfo_GetChipType)
                  00003f08    00000050     drivers_cc26x2.aem4f : PWMTimerCC26XX.oem4f (.text:PWMTimerCC26XX_getdutyCounts)
                  00003f58    0000004c     CC26X2R1_LAUNCHXL_fxns.obj (.text:CC26X2R1_LAUNCHXL_wakeUpExtFlash)
                  00003fa4    0000004c     drivers_cc26x2.aem4f : GPTimerCC26XX.oem4f (.text:GPTimerCC26XX_initHw)
                  00003ff0    0000004c                          : GPTimerCC26XX.oem4f (.text:GPTimerCC26XX_start)
                  0000403c    0000004c                          : UARTCC26XX.oem4f (.text:UARTCC26XX_readCancel)
                  00004088    0000004c     rtsv7M4_T_le_v4SPD16_eabi.lib : cpy_tbl.c.obj (.text:copy_in)
                  000040d4    0000004c     drivers_cc26x2.aem4f : UARTCC26XX.oem4f (.text:startTxFifoEmptyClk)
                  00004120    0000004c     main.obj (.text:touchFxn)
                  0000416c    00000048     drivers_cc26x2.aem4f : PINCC26XX.oem4f (.text:PIN_setOutputEnable)
                  000041b4    00000048                          : PWMTimerCC26XX.oem4f (.text:PWMTimerCC26XX_setDuty)
                  000041fc    00000048                          : PowerCC26X2_calibrateRCOSC.oem4f (.text:PowerCC26X2_RCOSC_clockFunc)
                  00004244    00000048                          : PowerCC26X2.oem4f (.text:switchXOSCHF)
                  0000428c    00000048                          : UARTCC26XX.oem4f (.text:writeFinishedDoCallback)
                  000042d4    00000046                          : RingBuf.oem4f (.text:RingBuf_put)
                  0000431a    00000002     --HOLE-- [fill = 0]
                  0000431c    00000044                          : ADC.oem4f (.text:ADC_init)
                  00004360    00000044     driverlib.lib : chipinfo.obj (.text:NOROM_ChipInfo_GetHwRevision)
                  000043a4    00000044     drivers_cc26x2.aem4f : PINCC26XX.oem4f (.text:PIN_swi)
                  000043e8    00000044                          : PWM.oem4f (.text:PWM_init)
                  0000442c    00000044                          : UART.oem4f (.text:UART_init)
                  00004470    00000042     FIFO.obj (.text:FIFOIsFull)
                  000044b2    00000002     --HOLE-- [fill = 0]
                  000044b4    00000040     drivers_cc26x2.aem4f : ADC.oem4f (.text:ADC_open)
                  000044f4    00000040     CC26X2R1_LAUNCHXL_fxns.obj (.text:CC26X2R1_LAUNCHXL_shutDownExtFlash)
                  00004534    00000040     drivers_cc26x2.aem4f : PWM.oem4f (.text:PWM_open)
                  00004574    00000040                          : RingBuf.oem4f (.text:RingBuf_get)
                  000045b4    00000040                          : UART.oem4f (.text:UART_open)
                  000045f4    00000040     rtsv7M4_T_le_v4SPD16_eabi.lib : u_divt2.asm.obj (.text)
                  00004634    00000040     rom_sysbios.aem4f : rom_sysbios.obj (.text:ti_sysbios_family_arm_cc26xx_Timer_setThreshold__I)
                  00004674    0000003e     dpl_cc26x2.aem4f : HwiP_tirtos.oem4f (.text:HwiP_construct)
                  000046b2    00000002     --HOLE-- [fill = 0]
                  000046b4    0000003c     drivers_cc26x2.aem4f : ADCCC26XX.oem4f (.text:ADCCC26XX_close)
                  000046f0    0000003c                          : PINCC26XX.oem4f (.text:PIN_setInterrupt)
                  0000472c    0000003c                          : PINCC26XX.oem4f (.text:PIN_setOutputValue)
                  00004768    0000003c     dpl_cc26x2.aem4f : SwiP_tirtos.oem4f (.text:SwiP_construct)
                  000047a4    0000003c     main.obj (.text:lockDelayedStopMotorFxn)
                  000047e0    0000003c     rom_sysbios.aem4f : rom_sysbios.obj (.text:ti_sysbios_family_arm_m3_Hwi_construct2__E)
                  0000481c    00000038     FIFO.obj (.text:InitialFIFO)
                  00004854    00000038     main.obj (.text:MainTaskCreate)
                  0000488c    00000038     driverlib.lib : osc.obj (.text:NOROM_OSC_HPOSCRelativeFrequencyOffsetGet)
                  000048c4    00000038     drivers_cc26x2.aem4f : PINCC26XX.oem4f (.text:PIN_setConfig)
                  000048fc    00000038                          : PowerCC26X2.oem4f (.text:notify)
                  00004934    00000038                          : UARTCC26XX.oem4f (.text:readData)
                  0000496c    00000038     rom_sysbios.aem4f : rom_sysbios.obj (.text:ti_sysbios_family_arm_cc26xx_Timer_getCurrentTick__E)
                  000049a4    00000038     drivers_cc26x2.aem4f : UARTCC26XX.oem4f (.text:writeData)
                  000049dc    00000036     rom_sysbios.aem4f : rom_sysbios.obj (.text:ti_sysbios_family_arm_cc26xx_Timer_setNextTick__E)
                  00004a12    00000002     --HOLE-- [fill = 0]
                  00004a14    00000034     main.obj (.text:DoRLCheck)
                  00004a48    00000034     drivers_cc26x2.aem4f : GPTimerCC26XX.oem4f (.text:GPTimerCC26XXSetLoadMatch)
                  00004a7c    00000034                          : GPTimerCC26XX.oem4f (.text:GPTimerCC26XX_configureDebugStall)
                  00004ab0    00000034     driverlib.lib : aux_sysif.obj (.text:NOROM_AUXSYSIFOpModeChange)
                  00004ae4    00000034                   : sys_ctrl.obj (.text:NOROM_SysCtrlIdle)
                  00004b18    00000034     drivers_cc26x2.aem4f : PWMTimerCC26XX.oem4f (.text:PWMTimerCC26XX_getperiodCounts)
                  00004b4c    00000034                          : PowerCC26X2.oem4f (.text:Power_releaseConstraint)
                  00004b80    00000034                          : PowerCC26X2.oem4f (.text:Power_setConstraint)
                  00004bb4    00000034                          : UARTCC26XX.oem4f (.text:readData2RingBuf)
                  00004be8    00000030                          : GPTimerCC26XX.oem4f (.text:GPTimerCC26XX_close)
                  00004c18    00000030                          : PINCC26XX.oem4f (.text:PINCC26XX_setMux)
                  00004c48    00000030                          : PWMTimerCC26XX.oem4f (.text:PWMTimerCC26XX_start)
                  00004c78    00000030     mutex_pem4f.oem4f (.text:ti_sysbios_BIOS_atExitFunc__I)
                  00004ca8    00000030     mutex_pem4f.oem4f (.text:ti_sysbios_BIOS_startFunc__I)
                  00004cd8    00000030     rom_sysbios.aem4f : rom_sysbios.obj (.text:ti_sysbios_family_arm_cc26xx_Timer_initDevice__I)
                  00004d08    0000002c     drivers_cc26x2.aem4f : GPTimerCC26XX.oem4f (.text:GPTimerCC26XX_getTimerValue)
                  00004d34    0000002c                          : PWMTimerCC26XX.oem4f (.text:PWMTimerCC26XX_close)
                  00004d60    0000002c                          : PWMTimerCC26XX.oem4f (.text:PWMTimerCC26XX_stop)
                  00004d8c    0000002c     dpl_cc26x2.aem4f : SemaphoreP_tirtos.oem4f (.text:SemaphoreP_constructBinary)
                  00004db8    0000002c     main.obj (.text:startMotorClockwise)
                  00004de4    0000002c     main.obj (.text:startMotorCounterclockwise)
                  00004e10    0000002c     rom_sysbios.aem4f : rom_sysbios.obj (.text:ti_sysbios_knl_Clock_getTicksUntilInterrupt__E)
                  00004e3c    0000002a     main.obj (.text:StopClock)
                  00004e66    00000002     --HOLE-- [fill = 0]
                  00004e68    00000028     main.obj (.text:InitCloseTouchClock)
                  00004e90    00000028     main.obj (.text:InitUI)
                  00004eb8    00000028     driverlib.lib : osc.obj (.text:NOROM_OSCHF_TurnOnXosc)
                  00004ee0    00000028     drivers_cc26x2.aem4f : PowerCC26X2.oem4f (.text:Power_registerNotify)
                  00004f08    00000028                          : PowerCC26X2.oem4f (.text:oscillatorISR)
                  00004f30    00000026                          : List.oem4f (.text:List_put)
                  00004f56    00000026                          : List.oem4f (.text:List_remove)
                  00004f7c    00000026     main.obj (.text:main)
                  00004fa2    00000002     --HOLE-- [fill = 0]
                  00004fa4    00000024     drivers_cc26x2.aem4f : PowerCC26X2_calibrateRCOSC.oem4f (.text:getTdcSemaphore)
                  00004fc8    00000024     mutex_pem4f.oem4f (.text:ti_sysbios_BIOS_registerRTSLock__I)
                  00004fec    00000024     mutex_pem4f.oem4f (.text:ti_sysbios_BIOS_removeRTSLock__I)
                  00005010    00000024     rom_sysbios.aem4f : rom_sysbios.obj (.text:ti_sysbios_family_arm_cc26xx_Timer_getMaxTicks__E)
                  00005034    00000020     main.obj (.text:CloseTouch)
                  00005054    00000020     drivers_cc26x2.aem4f : PINCC26XX.oem4f (.text:PINCC26XX_setIoCfgMux)
                  00005074    00000020                          : PowerCC26X2.oem4f (.text:Power_unregisterNotify)
                  00005094    00000020                          : UARTCC26XX.oem4f (.text:threadSafeStdbyDisRelease)
                  000050b4    00000020                          : UARTCC26XX.oem4f (.text:threadSafeStdbyDisSet)
                  000050d4    00000020     mutex_pem4f.oem4f (.text:ti_sysbios_BIOS_rtsLock__I)
                  000050f4    00000020     rom_sysbios.aem4f : rom_sysbios.obj (.text:ti_sysbios_family_arm_cc26xx_Timer_dynamicStub__E)
                  00005114    0000001e     drivers_cc26x2.aem4f : PINCC26XX.oem4f (.text:PIN_close)
                  00005132    0000001e                          : PowerCC26X2.oem4f (.text:Power_getTransitionLatency)
                  00005150    0000001c     CC26X2R1_LAUNCHXL.obj (.text:CC26X2R1_LAUNCHXL_initGeneral)
                  0000516c    0000001c     FIFO.obj (.text:FIFOIsEmpty)
                  00005188    0000001c     main.obj (.text:InitDebugPort)
                  000051a4    0000001c     driverlib.lib : chipinfo.obj (.text:NOROM_ChipInfo_GetChipFamily)
                  000051c0    0000001c     drivers_cc26x2.aem4f : PINCC26XX.oem4f (.text:PIN_hwi)
                  000051dc    0000001c     dpl_cc26x2.aem4f : PowerCC26X2_tirtos.oem4f (.text:PowerCC26XX_schedulerDisable)
                  000051f8    0000001c                      : PowerCC26X2_tirtos.oem4f (.text:PowerCC26XX_schedulerRestore)
                  00005214    0000001c     util.obj (.text:Util_isActive)
                  00005230    0000001c     rom_sysbios.aem4f : rom_sysbios.obj (.text:ti_sysbios_family_arm_m3_Hwi_clearInterrupt__E)
                  0000524c    0000001c                       : rom_sysbios.obj (.text:ti_sysbios_knl_Swi_construct2__E)
                  00005268    0000001c     mutex_pem4f.oem4f (.text:xdc_runtime_Startup_exec__I)
                  00005284    0000001a     drivers_cc26x2.aem4f : PWMTimerCC26XX.oem4f (.text:PWMTimerCC26XX_control)
                  0000529e    0000001a                          : PowerCC26X2.oem4f (.text:PowerCC26XX_calibrate)
                  000052b8    00000018     driverlib.lib : chipinfo.obj (.text:NOROM_ChipInfo_GetPackageType)
                  000052d0    00000018     drivers_cc26x2.aem4f : PowerCC26X2.oem4f (.text:Power_idleFunc)
                  000052e8    00000018                          : UART.oem4f (.text:UART_Params_init)
                  00005300    00000018     rtsv7M4_T_le_v4SPD16_eabi.lib : args_main.c.obj (.text:_args_main)
                  00005318    00000018                                   : ll_mul_t2.asm.obj (.text)
                  00005330    00000018     mutex_pem4f.oem4f (.text:ti_sysbios_BIOS_rtsUnlock__I)
                  00005348    00000018     rom_sysbios.aem4f : rom_sysbios.obj (.text:ti_sysbios_knl_Swi_or__E)
                  00005360    00000018                       : rom_sysbios.obj (.text:xdc_runtime_Error_init__E)
                  00005378    00000016     driverlib.lib : chipinfo.obj (.text:NOROM_ThisLibraryIsFor_CC13x2_CC26x2_HwRev20AndLater_HaltIfViolated)
                  0000538e    00000016     mutex_pem4f.oem4f (.text:ti_sysbios_BIOS_exitFunc__I)
                  000053a4    00000016     util.obj (.text:ti_sysbios_knl_Clock_Params_init)
                  000053ba    00000016     main.obj (.text:ti_sysbios_knl_Task_Params_init)
                  000053d0    00000014     drivers_cc26x2.aem4f : PINCC26XX.oem4f (.text:PINCC26XX_getInputValue)
                  000053e4    00000014                          : PINCC26XX.oem4f (.text:PINCC26XX_getOutputValue)
                  000053f8    00000014                          : PWM.oem4f (.text:PWM_Params_init)
                  0000540c    00000014                          : PowerCC26X2_calibrateRCOSC.oem4f (.text:PowerCC26X2_calibrate)
                  00005420    00000014     uart_printf.obj (.text:UartPrintf_init)
                  00005434    00000014     util.obj (.text:Util_startClock)
                  00005448    00000014     util.obj (.text:Util_stopClock)
                  0000545c    00000014     drivers_cc26x2.aem4f : PowerCC26X2.oem4f (.text:configureRFCoreClocks)
                  00005470    00000014     rom_sysbios.aem4f : rom_sysbios.obj (.text:ti_sysbios_family_arm_cc26xx_Timer_getCount64__E)
                  00005484    00000014     mutex_pem4f.oem4f (.text:ti_sysbios_knl_Clock_doTick__I)
                  00005498    00000012     drivers_cc26x2.aem4f : GPTimerCC26XX.oem4f (.text:GPTimerCC26XX_Params_init)
                  000054aa    00000012                          : RingBuf.oem4f (.text:RingBuf_construct)
                  000054bc    00000012     dpl_cc26x2.aem4f : SemaphoreP_tirtos.oem4f (.text:SemaphoreP_pend)
                  000054ce    00000010                      : HwiP_tirtos.oem4f (.text:HwiP_Params_init)
                  000054de    00000002     --HOLE-- [fill = 0]
                  000054e0    00000010     drivers_cc26x2.aem4f : PINCC26XX.oem4f (.text:PINCC26XX_getPinCount)
                  000054f0    00000010     dpl_cc26x2.aem4f : SwiP_tirtos.oem4f (.text:SwiP_Params_init)
                  00005500    00000010     drivers_cc26x2.aem4f : UARTCC26XX.oem4f (.text:uartPostNotify)
                  00005510    0000000e     rtsv7M4_T_le_v4SPD16_eabi.lib : copy_decompress_none.c.obj (.text:decompress:none:__TI_decompress_none)
                  0000551e    0000000e     rom_sysbios.aem4f : rom_sysbios.obj (.text:ti_sysbios_family_arm_cc26xx_TimestampProvider_get32__E)
                  0000552c    0000000c     driverlib.lib : cpu.obj (.text:NOROM_CPUcpsid)
                  00005538    0000000c                   : cpu.obj (.text:NOROM_CPUcpsie)
                  00005544    0000000c     drivers_cc26x2.aem4f : PINCC26XX.oem4f (.text:PIN_registerIntCb)
                  00005550    0000000c                          : PowerCC26X2.oem4f (.text:Power_getConstraintMask)
                  0000555c    0000000c                          : PowerCC26X2.oem4f (.text:Power_getDependencyCount)
                  00005568    0000000c     rtsv7M4_T_le_v4SPD16_eabi.lib : _lock.c.obj (.text:_register_lock)
                  00005574    0000000c                                   : _lock.c.obj (.text:_register_unlock)
                  00005580    0000000c                                   : copy_zero_init.c.obj (.text:decompress:ZI:__TI_zero_init)
                  0000558c    0000000c     util.obj (.text:ti_sysbios_knl_Clock_handle)
                  00005598    0000000c     rom_sysbios.aem4f : rom_sysbios.obj (.text:ti_sysbios_knl_Swi_getTrigger__E)
                  000055a4    0000000a     drivers_cc26x2.aem4f : ADC.oem4f (.text:ADC_Params_init)
                  000055ae    0000000a                          : ADC.oem4f (.text:ADC_close)
                  000055b8    0000000a                          : ADC.oem4f (.text:ADC_convert)
                  000055c2    0000000a                          : ADC.oem4f (.text:ADC_convertToMicroVolts)
                  000055cc    0000000a     dpl_cc26x2.aem4f : ClockP_tirtos.oem4f (.text:ClockP_Params_init)
                  000055d6    0000000a     drivers_cc26x2.aem4f : PWM.oem4f (.text:PWM_start)
                  000055e0    0000000a                          : PWM.oem4f (.text:PWM_stop)
                  000055ea    0000000a                          : UART.oem4f (.text:UART_read)
                  000055f4    0000000a                          : UART.oem4f (.text:UART_write)
                  000055fe    00000008                          : ADCCC26XX.oem4f (.text:ADCCC26XX_init)
                  00005606    00000008     CC26X2R1_LAUNCHXL_fxns.obj (.text:Board_initHook)
                  0000560e    00000008     drivers_cc26x2.aem4f : GPTimerCC26XX.oem4f (.text:GPTimerCC26XX_setLoadValue)
                  00005616    00000008                          : GPTimerCC26XX.oem4f (.text:GPTimerCC26XX_setMatchValue)
                  0000561e    00000008                          : UARTCC26XX.oem4f (.text:UARTCC26XX_init)
                  00005626    00000008                          : UARTCC26XX.oem4f (.text:readSemCallback)
                  0000562e    00000008                          : UARTCC26XX.oem4f (.text:writeSemCallback)
                  00005636    00000008     mutex_pem4f.oem4f (.text:xdc_runtime_Text_visitRope__I)
                  0000563e    00000006     drivers_cc26x2.aem4f : ADCCC26XX.oem4f (.text:ADCCC26XX_control)
                  00005644    00000006                          : GPTimerCC26XX.oem4f (.text:GPTimerCC26XX_getValue)
                  0000564a    00000006     driverlib.lib : cpu.obj (.text:NOROM_CPUdelay)
                  00005650    00000006     drivers_cc26x2.aem4f : UARTCC26XX.oem4f (.text:UARTCC26XX_readPolling)
                  00005656    00000006                          : UARTCC26XX.oem4f (.text:UARTCC26XX_writePolling)
                  0000565c    00000004     dpl_cc26x2.aem4f : PowerCC26X2_tirtos.oem4f (.text:CPUwfi)
                  00005660    00000004                      : ClockP_tirtos.oem4f (.text:ClockP_destruct)
                  00005664    00000004                      : ClockP_tirtos.oem4f (.text:ClockP_getCpuFreq)
                  00005668    00000004                      : ClockP_tirtos.oem4f (.text:ClockP_setTimeout)
                  0000566c    00000004                      : ClockP_tirtos.oem4f (.text:ClockP_start)
                  00005670    00000004                      : ClockP_tirtos.oem4f (.text:ClockP_stop)
                  00005674    00000004                      : HwiP_tirtos.oem4f (.text:HwiP_clearInterrupt)
                  00005678    00000004                      : HwiP_tirtos.oem4f (.text:HwiP_destruct)
                  0000567c    00000004                      : HwiP_tirtos.oem4f (.text:HwiP_disable)
                  00005680    00000004                      : SemaphoreP_tirtos.oem4f (.text:SemaphoreP_destruct)
                  00005684    00000004                      : SemaphoreP_tirtos.oem4f (.text:SemaphoreP_post)
                  00005688    00000004                      : SwiP_tirtos.oem4f (.text:SwiP_destruct)
                  0000568c    00000004                      : SwiP_tirtos.oem4f (.text:SwiP_disable)
                  00005690    00000004                      : SwiP_tirtos.oem4f (.text:SwiP_getTrigger)
                  00005694    00000004                      : SwiP_tirtos.oem4f (.text:SwiP_or)
                  00005698    00000004     drivers_cc26x2.aem4f : PowerCC26X2.oem4f (.text:nopResourceHandler)
                  0000569c    00000004     rom_sysbios.aem4f : rom_sysbios.obj (.text:ti_sysbios_knl_Clock_isActive__E)
                  000056a0    00000004     mutex_pem4f.oem4f (.text:xdc_runtime_Startup_reset__I)
                  000056a4    00000004     rom_sysbios.aem4f : rom_sysbios.obj (.text:xdc_runtime_SysCallback_defaultReady)
                  000056a8    00000008     (.tramp.ti_sysbios_knl_Swi_destruct.1)
                  000056b0    00000008     (.tramp.ti_sysbios_knl_Semaphore_post__E.1)
                  000056b8    00000008     (.tramp.ti_sysbios_knl_Semaphore_destruct.1)
                  000056c0    00000008     (.tramp.ti_sysbios_family_arm_m3_Hwi_disableFxn__E.1)
                  000056c8    00000008     (.tramp.ti_sysbios_family_arm_m3_Hwi_destruct.1)
                  000056d0    00000008     (.tramp.ti_sysbios_BIOS_getCpuFreq__E.1)
                  000056d8    00000008     (.tramp.ti_sysbios_knl_Clock_destruct.1)
                  000056e0    00000008     (.tramp.ti_sysbios_knl_Semaphore_pend__E.1)
                  000056e8    00000008     (.tramp.ti_sysbios_knl_Clock_logTick__E.1)
                  000056f0    00000008     (.tramp.ti_sysbios_knl_Task_Params__init__S.1)
                  000056f8    00000008     (.tramp.ti_sysbios_knl_Swi_post__E.1)
                  00005700    00000008     (.tramp.ti_sysbios_BIOS_RtsGateProxy_leave__E.1)
                  00005708    00000008     (.tramp.ti_sysbios_knl_Swi_construct.1)
                  00005710    00000008     (.tramp.ti_sysbios_knl_Task_restore__E.1)
                  00005718    00000008     (.tramp.ti_sysbios_BIOS_RtsGateProxy_enter__E.1)
                  00005720    00000008     (.tramp.ti_sysbios_BIOS_start__E.1)
                  00005728    00000008     (.tramp.ti_sysbios_knl_Clock_TimerProxy_getCurrentTick__E.1)
                  00005730    00000008     (.tramp.ti_sysbios_knl_Semaphore_construct.1)
                  00005738    00000008     (.tramp.ti_sysbios_knl_Semaphore_Params__init__S.1)
                  00005740    00000008     (.tramp.ti_sysbios_knl_Task_startup__E.1)
                  00005748    00000008     (.tramp.ti_sysbios_knl_Swi_startup__E.1)
                  00005750    00000008     (.tramp.ti_sysbios_hal_Hwi_startup__E.1)
                  00005758    00000008     (.tramp.ti_sysbios_family_arm_cc26xx_Timer_startup__E.1)
                  00005760    00000008     (.tramp.xdc_runtime_System_atexit__E.1)
                  00005768    00000008     (.tramp.ti_sysbios_BIOS_linkedWithIncorrectBootLibrary__E.1)
                  00005770    00000008     (.tramp.xdc_runtime_Startup_rtsDone__E.1)
                  00005778    00000008     (.tramp.ti_sysbios_BIOS_setThreadType__E.1)
                  00005780    00000008     (.tramp.ti_sysbios_knl_Task_disable__E.1)
                  00005788    00000008     (.tramp.ti_sysbios_knl_Swi_disable__E.1)
                  00005790    00000008     (.tramp.ti_sysbios_knl_Task_construct.1)
                  00005798    00000008     (.tramp.ti_sysbios_family_arm_m3_Hwi_construct.1)
                  000057a0    00000008     (.tramp.ti_sysbios_knl_Swi_Params__init__S.1)
                  000057a8    00000008     (.tramp.ti_sysbios_family_arm_m3_Hwi_Params__init__S.1)
                  000057b0    00000008     (.tramp.ti_sysbios_knl_Clock_Params__init__S.1)
                  000057b8    00000008     (.tramp.xdc_runtime_System_exit__E.1)
                  000057c0    00000008     (.tramp.ti_sysbios_knl_Clock_construct.1)
                  000057c8    00000008     (.tramp.ti_sysbios_heaps_HeapMem_restore__E.1)
                  000057d0    00000008     (.tramp.ti_sysbios_heaps_HeapMem_Object__get__S.1)
                  000057d8    00000008     (.tramp.ti_sysbios_knl_Clock_start__E.1)
                  000057e0    00000008     (.tramp.ti_sysbios_knl_Clock_setTimeout__E.1)
                  000057e8    00000008     (.tramp.xdc_runtime_System_doPrint__I.1)
                  000057f0    00000008     (.tramp.xdc_runtime_Text_putSite__E.1)
                  000057f8    00000008     (.tramp.xdc_runtime_Text_putLab__E.1)
                  00005800    00000008     (.tramp.ti_sysbios_family_arm_m3_Hwi_restoreFxn__E.1)
                  00005808    00000008     (.tramp.ti_sysbios_knl_Swi_restore__E.1)
                  00005810    00000008     (.tramp.ti_sysbios_knl_Task_sleep__E.1)
                  00005818    00000008     (.tramp.xdc_runtime_System_printf__E.1)
                  00005820    00000008     (.tramp.ti_sysbios_knl_Clock_stop__E.1)

.const     0    00005828    00000920     
                  00005828    000003b8     mutex_pem4f.oem4f (.const:ROM_constStruct)
                  00005be0    00000084     CC26X2R1_LAUNCHXL.obj (.const:ADC_config)
                  00005c64    00000060     CC26X2R1_LAUNCHXL.obj (.const:GPTimerCC26XX_config)
                  00005cc4    00000060     CC26X2R1_LAUNCHXL.obj (.const:PWM_config)
                  00005d24    00000060     CC26X2R1_LAUNCHXL.obj (.const:gptimerCC26xxHWAttrs)
                  00005d84    00000054     CC26X2R1_LAUNCHXL.obj (.const:BoardGpioInitTable)
                  00005dd8    00000054     drivers_cc26x2.aem4f : PowerCC26X2.oem4f (.const:resourceDB)
                  00005e2c    00000050     CC26X2R1_LAUNCHXL.obj (.const:uartCC26XXHWAttrs)
                  00005e7c    0000004d     CC26X2R1_LAUNCHXL.obj (.const:adcCC26xxHWAttrs)
                  00005ec9    00000001     mutex_pem4f.oem4f (.const:xdc_runtime_Text_charTab__A)
                  00005eca    00000002     --HOLE-- [fill = 0]
                  00005ecc    00000048     mutex_pem4f.oem4f (.const:.string)
                  00005f14    00000048     mutex_pem4f.oem4f (.const:ROM_externFuncPtrs)
                  00005f5c    00000028     drivers_cc26x2.aem4f : UARTCC26XX.oem4f (.const:UARTCC26XX_fxnTable)
                  00005f84    00000024                          : PWMTimerCC26XX.oem4f (.const:PWMTimerCC26XX_fxnTable)
                  00005fa8    00000024                          : UART.oem4f (.const:UART_defaultParams)
                  00005fcc    00000024     mutex_pem4f.oem4f (.const:xdc_runtime_Startup_sfxnTab__A)
                  00005ff0    0000001c     drivers_cc26x2.aem4f : GPTimerCC26XX.oem4f (.const:GPT_LUT)
                  0000600c    00000018                          : ADCCC26XX.oem4f (.const:ADCCC26XX_fxnTable)
                  00006024    00000018                          : PWM.oem4f (.const:PWM_defaultParams)
                  0000603c    00000018     CC26X2R1_LAUNCHXL.obj (.const:UART_config)
                  00006054    00000016     CC26X2R1_LAUNCHXL.obj (.const)
                  0000606a    00000002     --HOLE-- [fill = 0]
                  0000606c    00000014     CC26X2R1_LAUNCHXL_fxns.obj (.const:$P$T1$2)
                  00006080    00000014     drivers_cc26x2.aem4f : UARTCC26XX.oem4f (.const:parityType)
                  00006094    00000012     mutex_pem4f.oem4f (.const:xdc_runtime_Startup_sfxnRts__A)
                  000060a6    00000002     --HOLE-- [fill = 0]
                  000060a8    00000010     CC26X2R1_LAUNCHXL.obj (.const:PowerCC26X2_config)
                  000060b8    00000010     drivers_cc26x2.aem4f : UARTCC26XX.oem4f (.const:dataLength)
                  000060c8    00000010     CC26X2R1_LAUNCHXL.obj (.const:pwmtimerCC26xxHWAttrs)
                  000060d8    0000000c     mutex_pem4f.oem4f (.const:xdc_runtime_Startup_firstFxns__A)
                  000060e4    00000008     driverlib.lib : aux_sysif.obj (.const:$O1$$)
                  000060ec    00000008     CC26X2R1_LAUNCHXL_fxns.obj (.const:$P$T0$1)
                  000060f4    00000008     drivers_cc26x2.aem4f : ADC.oem4f (.const:ADC_defaultParams)
                  000060fc    00000008                          : GPTimerCC26XX.oem4f (.const:GPT_DefaultParams)
                  00006104    00000008     CC26X2R1_LAUNCHXL.obj (.const:PINCC26XX_hwAttrs)
                  0000610c    00000008     drivers_cc26x2.aem4f : UARTCC26XX.oem4f (.const:stopBits)
                  00006114    00000008     mutex_pem4f.oem4f (.const:ti_sysbios_family_arm_m3_Hwi_excHookFuncs__A)
                  0000611c    00000008     mutex_pem4f.oem4f (.const:ti_sysbios_knl_Idle_funcList__A)
                  00006124    00000006     drivers_cc26x2.aem4f : UARTCC26XX.oem4f (.const:.string:rxFifoBytes)
                  0000612a    00000006                          : UARTCC26XX.oem4f (.const:.string:rxFifoThreshold)
                  00006130    00000006                          : UARTCC26XX.oem4f (.const:.string:txFifoBytes)
                  00006136    00000006                          : UARTCC26XX.oem4f (.const:.string:txFifoThreshold)
                  0000613c    00000004     mutex_pem4f.oem4f (.const:ti_sysbios_heaps_HeapMem_primaryHeapBaseAddr__C)
                  00006140    00000004     mutex_pem4f.oem4f (.const:ti_sysbios_heaps_HeapMem_primaryHeapEndAddr__C)
                  00006144    00000004     mutex_pem4f.oem4f (.const:ti_sysbios_knl_Clock_tickPeriod__C)

MODULE SUMMARY

       Module                             code    ro data   rw data
       ------                             ----    -------   -------
    .\
       main.obj                           6080    0         1158   
       CC26X2R1_LAUNCHXL.obj              28      747       1428   
       uart_printf.obj                    288     0         1032   
       FIFO.obj                           338     0         0      
       CC26X2R1_LAUNCHXL_fxns.obj         280     28        0      
       util.obj                           198     0         0      
       ccfg.obj                           0       88        0      
    +--+----------------------------------+-------+---------+---------+
       Total:                             7212    863       3618   
                                                                   
    C:\Users\hukid\workspace_v8\Kapture_D2_Test_Code\Debug\configPkg\package\cfg\
       mutex_pem4f.oem4f                  648     1251      1786   
    +--+----------------------------------+-------+---------+---------+
       Total:                             648     1251      1786   
                                                                   
    C:/TI/simplelink_cc13x2_26x2_sdk_3_10_00_53/kernel/tirtos/packages/ti/dpl/lib/dpl_cc26x2.aem4f
       PowerCC26X2_tirtos.oem4f           240     0         8      
       ClockP_tirtos.oem4f                110     0         4      
       SwiP_tirtos.oem4f                  92      0         0      
       HwiP_tirtos.oem4f                  90      0         0      
       SemaphoreP_tirtos.oem4f            70      0         0      
    +--+----------------------------------+-------+---------+---------+
       Total:                             602     0         12     
                                                                   
    C:/TI/simplelink_cc13x2_26x2_sdk_3_10_00_53/source/ti/devices/cc13x2_cc26x2/driverlib/bin/ccs/driverlib.lib
       osc.obj                            336     0         28     
       setup.obj                          324     0         0      
       sys_ctrl.obj                       296     0         0      
       chipinfo.obj                       222     0         0      
       aux_sysif.obj                      52      8         0      
       cpu.obj                            30      0         0      
       driverlib_release.obj              0       0         1      
    +--+----------------------------------+-------+---------+---------+
       Total:                             1260    8         29     
                                                                   
    C:/TI/simplelink_cc13x2_26x2_sdk_3_10_00_53/source/ti/drivers/lib/drivers_cc26x2.aem4f
       UARTCC26XX.oem4f                   2742    108       0      
       PowerCC26X2.oem4f                  1894    84        236    
       PINCC26XX.oem4f                    1594    0         276    
       PowerCC26X2_calibrateRCOSC.oem4f   1400    0         0      
       PWMTimerCC26XX.oem4f               836     36        16     
       GPTimerCC26XX.oem4f                724     36        0      
       ADCCC26XX.oem4f                    534     24        30     
       UART.oem4f                         176     36        1      
       PWM.oem4f                          172     24        1      
       ADC.oem4f                          172     8         1      
       RingBuf.oem4f                      152     0         0      
       List.oem4f                         76      0         0      
    +--+----------------------------------+-------+---------+---------+
       Total:                             10472   356       561    
                                                                   
    C:\TI\ccsv8\tools\compiler\ti-cgt-arm_18.12.1.LTS\lib\rtsv7M4_T_le_v4SPD16_eabi.lib
       memcpy_t2.asm.obj                  156     0         0      
       ull_div_t2.asm.obj                 150     0         0      
       memset_t2.asm.obj                  122     0         0      
       copy_decompress_lzss.c.obj         104     0         0      
       cpy_tbl.c.obj                      76      0         0      
       u_divt2.asm.obj                    64      0         0      
       _lock.c.obj                        26      0         8      
       args_main.c.obj                    24      0         0      
       ll_mul_t2.asm.obj                  24      0         0      
       copy_decompress_none.c.obj         14      0         0      
       copy_zero_init.c.obj               12      0         0      
       stkdepth_vars.c.obj                0       0         4      
       div0.asm.obj                       2       0         0      
    +--+----------------------------------+-------+---------+---------+
       Total:                             774     0         12     
                                                                   
    C:\TI\simplelink_cc13x2_26x2_sdk_3_10_00_53\kernel\tirtos\packages\ti\targets\arm\rtsarm\lib\auto_init.aem4f
       auto_init.oem4f                    160     0         0      
    +--+----------------------------------+-------+---------+---------+
       Total:                             160     0         0      
                                                                   
    C:\TI\simplelink_cc13x2_26x2_sdk_3_10_00_53\kernel\tirtos\packages\ti\targets\arm\rtsarm\lib\boot.aem4f
       boot.oem4f                         88      0         0      
    +--+----------------------------------+-------+---------+---------+
       Total:                             88      0         0      
                                                                   
    C:\Users\hukid\workspace_v8\Kapture_D2_Test_Code\src\sysbios\rom_sysbios.aem4f
       rom_sysbios.obj                    893     0         0      
    +--+----------------------------------+-------+---------+---------+
       Total:                             893     0         0      
                                                                   
       Stack:                             0       0         1024   
       Linker Generated:                  384     517       0      
    +--+----------------------------------+-------+---------+---------+
       Grand Total:                       22493   2995      7042   


LINKER GENERATED COPY TABLES

__TI_cinit_table @ 00006328 records: 5, size/record: 8, table size: 40
	.data: load addr=00006148, load size=000001b1 bytes, run addr=200022f8, run size=000004b7 bytes, compression=lzss
	.bss: load addr=00006308, load size=00000008 bytes, run addr=20000110, run size=000011e7 bytes, compression=zero_init
	.data:xdcRomConstPtr: load addr=00006310, load size=00000008 bytes, run addr=20000100, run size=00000004 bytes, compression=lzss
	.data:xdcRomExternFuncPtr: load addr=00006318, load size=00000008 bytes, run addr=20000104, run size=00000004 bytes, compression=lzss
	.data:xdcRomStatePtr: load addr=00006320, load size=00000008 bytes, run addr=20000108, run size=00000004 bytes, compression=lzss


LINKER GENERATED HANDLER TABLE

__TI_handler_table @ 000062fc records: 3, size/record: 4, table size: 12
	index: 0, handler: __TI_decompress_lzss
	index: 1, handler: __TI_decompress_none
	index: 2, handler: __TI_zero_init


FAR CALL TRAMPOLINES

callee name               trampoline name
   callee addr  tramp addr   call addr  call info
--------------  -----------  ---------  ----------------
ti_sysbios_knl_Swi_destruct  $Tramp$TT$L$PI$$ti_sysbios_knl_Swi_destruct
   1002e8bd     000056a8     00005688   dpl_cc26x2.aem4f : SwiP_tirtos.oem4f (.text:SwiP_destruct)
ti_sysbios_knl_Semaphore_post__E  $Tramp$TT$L$PI$$ti_sysbios_knl_Semaphore_post__E
   1002cd21     000056b0     00005684   dpl_cc26x2.aem4f : SemaphoreP_tirtos.oem4f (.text:SemaphoreP_post)
ti_sysbios_knl_Semaphore_destruct  $Tramp$TT$L$PI$$ti_sysbios_knl_Semaphore_destruct
   1002e6fd     000056b8     00005680   dpl_cc26x2.aem4f : SemaphoreP_tirtos.oem4f (.text:SemaphoreP_destruct)
ti_sysbios_family_arm_m3_Hwi_disableFxn__E  $Tramp$TT$L$PI$$ti_sysbios_family_arm_m3_Hwi_disableFxn__E
   1002eb55     000056c0     0000567c   dpl_cc26x2.aem4f : HwiP_tirtos.oem4f (.text:HwiP_disable)
ti_sysbios_family_arm_m3_Hwi_destruct  $Tramp$TT$L$PI$$ti_sysbios_family_arm_m3_Hwi_destruct
   1002e475     000056c8     00005678   dpl_cc26x2.aem4f : HwiP_tirtos.oem4f (.text:HwiP_destruct)
ti_sysbios_BIOS_getCpuFreq__E  $Tramp$TT$L$PI$$ti_sysbios_BIOS_getCpuFreq__E
   1002e9fd     000056d0     00005664   dpl_cc26x2.aem4f : ClockP_tirtos.oem4f (.text:ClockP_getCpuFreq)
ti_sysbios_knl_Clock_destruct  $Tramp$TT$L$PI$$ti_sysbios_knl_Clock_destruct
   1002e649     000056d8     00005660   dpl_cc26x2.aem4f : ClockP_tirtos.oem4f (.text:ClockP_destruct)
ti_sysbios_knl_Semaphore_pend__E  $Tramp$TT$L$PI$$ti_sysbios_knl_Semaphore_pend__E
   1002bfb1     000056e0     000054be   dpl_cc26x2.aem4f : SemaphoreP_tirtos.oem4f (.text:SemaphoreP_pend)
ti_sysbios_knl_Clock_logTick__E  $Tramp$TT$L$PI$$ti_sysbios_knl_Clock_logTick__E
   1002dbd7     000056e8     00005486   mutex_pem4f.oem4f (.text:ti_sysbios_knl_Clock_doTick__I)
ti_sysbios_knl_Task_Params__init__S  $Tramp$TT$L$PI$$ti_sysbios_knl_Task_Params__init__S
   1002ec09     000056f0     000053ca   main.obj (.text:ti_sysbios_knl_Task_Params_init)
ti_sysbios_knl_Swi_post__E  $Tramp$TT$L$PI$$ti_sysbios_knl_Swi_post__E
   1002d891     000056f8     0000535c   rom_sysbios.aem4f : rom_sysbios.obj (.text:ti_sysbios_knl_Swi_or__E)
                             0000548e   mutex_pem4f.oem4f (.text:ti_sysbios_knl_Clock_doTick__I)
ti_sysbios_BIOS_RtsGateProxy_leave__E  $Tramp$TT$L$PI$$ti_sysbios_BIOS_RtsGateProxy_leave__E
   1002ec7b     00005700     0000533e   mutex_pem4f.oem4f (.text:ti_sysbios_BIOS_rtsUnlock__I)
ti_sysbios_knl_Swi_construct  $Tramp$TT$L$PI$$ti_sysbios_knl_Swi_construct
   1002d719     00005708     00005252   rom_sysbios.aem4f : rom_sysbios.obj (.text:ti_sysbios_knl_Swi_construct2__E)
ti_sysbios_knl_Task_restore__E  $Tramp$TT$L$PI$$ti_sysbios_knl_Task_restore__E
   1002df45     00005710     00005206   dpl_cc26x2.aem4f : PowerCC26X2_tirtos.oem4f (.text:PowerCC26XX_schedulerRestore)
ti_sysbios_BIOS_RtsGateProxy_enter__E  $Tramp$TT$L$PI$$ti_sysbios_BIOS_RtsGateProxy_enter__E
   1002ec77     00005718     000050da   mutex_pem4f.oem4f (.text:ti_sysbios_BIOS_rtsLock__I)
ti_sysbios_BIOS_start__E  $Tramp$TT$L$PI$$ti_sysbios_BIOS_start__E
   1002eaa5     00005720     00004f9a   main.obj (.text:main)
ti_sysbios_knl_Clock_TimerProxy_getCurrentTick__E  $Tramp$TT$L$PI$$ti_sysbios_knl_Clock_TimerProxy_getCurrentTick__E
   1002eac5     00005728     00004e22   rom_sysbios.aem4f : rom_sysbios.obj (.text:ti_sysbios_knl_Clock_getTicksUntilInterrupt__E)
ti_sysbios_knl_Semaphore_construct  $Tramp$TT$L$PI$$ti_sysbios_knl_Semaphore_construct
   1002ddc1     00005730     00004dae   dpl_cc26x2.aem4f : SemaphoreP_tirtos.oem4f (.text:SemaphoreP_constructBinary)
ti_sysbios_knl_Semaphore_Params__init__S  $Tramp$TT$L$PI$$ti_sysbios_knl_Semaphore_Params__init__S
   1002ebe5     00005738     00004d9e   dpl_cc26x2.aem4f : SemaphoreP_tirtos.oem4f (.text:SemaphoreP_constructBinary)
ti_sysbios_knl_Task_startup__E  $Tramp$TT$L$PI$$ti_sysbios_knl_Task_startup__E
   1002eceb     00005740     00004ccc   mutex_pem4f.oem4f (.text:ti_sysbios_BIOS_startFunc__I)
ti_sysbios_knl_Swi_startup__E  $Tramp$TT$L$PI$$ti_sysbios_knl_Swi_startup__E
   1002ec6b     00005748     00004cc8   mutex_pem4f.oem4f (.text:ti_sysbios_BIOS_startFunc__I)
ti_sysbios_hal_Hwi_startup__E  $Tramp$TT$L$PI$$ti_sysbios_hal_Hwi_startup__E
   1002ec31     00005750     00004cc4   mutex_pem4f.oem4f (.text:ti_sysbios_BIOS_startFunc__I)
ti_sysbios_family_arm_cc26xx_Timer_startup__E  $Tramp$TT$L$PI$$ti_sysbios_family_arm_cc26xx_Timer_startup__E
   1002dcf1     00005758     00004cc0   mutex_pem4f.oem4f (.text:ti_sysbios_BIOS_startFunc__I)
xdc_runtime_System_atexit__E  $Tramp$TT$L$PI$$xdc_runtime_System_atexit__E
   1002f559     00005760     00004cb8   mutex_pem4f.oem4f (.text:ti_sysbios_BIOS_startFunc__I)
ti_sysbios_BIOS_linkedWithIncorrectBootLibrary__E  $Tramp$TT$L$PI$$ti_sysbios_BIOS_linkedWithIncorrectBootLibrary__E
   1002d01b     00005768     00004cb2   mutex_pem4f.oem4f (.text:ti_sysbios_BIOS_startFunc__I)
xdc_runtime_Startup_rtsDone__E  $Tramp$TT$L$PI$$xdc_runtime_Startup_rtsDone__E
   1002f8e5     00005770     00004caa   mutex_pem4f.oem4f (.text:ti_sysbios_BIOS_startFunc__I)
ti_sysbios_BIOS_setThreadType__E  $Tramp$TT$L$PI$$ti_sysbios_BIOS_setThreadType__E
   1002ea11     00005778     00004c84   mutex_pem4f.oem4f (.text:ti_sysbios_BIOS_atExitFunc__I)
                             00005398   mutex_pem4f.oem4f (.text:ti_sysbios_BIOS_exitFunc__I)
ti_sysbios_knl_Task_disable__E  $Tramp$TT$L$PI$$ti_sysbios_knl_Task_disable__E
   1002ea4d     00005780     00004c7e   mutex_pem4f.oem4f (.text:ti_sysbios_BIOS_atExitFunc__I)
                             000051de   dpl_cc26x2.aem4f : PowerCC26X2_tirtos.oem4f (.text:PowerCC26XX_schedulerDisable)
ti_sysbios_knl_Swi_disable__E  $Tramp$TT$L$PI$$ti_sysbios_knl_Swi_disable__E
   1002ea25     00005788     00004c7a   mutex_pem4f.oem4f (.text:ti_sysbios_BIOS_atExitFunc__I)
                             000051e6   dpl_cc26x2.aem4f : PowerCC26X2_tirtos.oem4f (.text:PowerCC26XX_schedulerDisable)
                             0000568c                    : SwiP_tirtos.oem4f (.text:SwiP_disable)
ti_sysbios_knl_Task_construct  $Tramp$TT$L$PI$$ti_sysbios_knl_Task_construct
   1002d5d9     00005790     00004876   main.obj (.text:MainTaskCreate)
ti_sysbios_family_arm_m3_Hwi_construct  $Tramp$TT$L$PI$$ti_sysbios_family_arm_m3_Hwi_construct
   1002d421     00005798     000047fa   rom_sysbios.aem4f : rom_sysbios.obj (.text:ti_sysbios_family_arm_m3_Hwi_construct2__E)
ti_sysbios_knl_Swi_Params__init__S  $Tramp$TT$L$PI$$ti_sysbios_knl_Swi_Params__init__S
   1002ebf1     000057a0     00004782   dpl_cc26x2.aem4f : SwiP_tirtos.oem4f (.text:SwiP_construct)
ti_sysbios_family_arm_m3_Hwi_Params__init__S  $Tramp$TT$L$PI$$ti_sysbios_family_arm_m3_Hwi_Params__init__S
   1002eb49     000057a8     00004690   dpl_cc26x2.aem4f : HwiP_tirtos.oem4f (.text:HwiP_construct)
ti_sysbios_knl_Clock_Params__init__S  $Tramp$TT$L$PI$$ti_sysbios_knl_Clock_Params__init__S
   1002eb9d     000057b0     00003e84   dpl_cc26x2.aem4f : ClockP_tirtos.oem4f (.text:ClockP_construct)
                             000053b4   util.obj (.text:ti_sysbios_knl_Clock_Params_init)
xdc_runtime_System_exit__E  $Tramp$TT$L$PI$$xdc_runtime_System_exit__E
   1002f7b1     000057b8     00003df8   boot.aem4f : boot.oem4f (.text)
                             0000539e   mutex_pem4f.oem4f (.text:ti_sysbios_BIOS_exitFunc__I)
ti_sysbios_knl_Clock_construct  $Tramp$TT$L$PI$$ti_sysbios_knl_Clock_construct
   1002dd8d     000057c0     00003b20   util.obj (.text:Util_constructClock)
                             00003e9e   dpl_cc26x2.aem4f : ClockP_tirtos.oem4f (.text:ClockP_construct)
ti_sysbios_heaps_HeapMem_restore__E  $Tramp$TT$L$PI$$ti_sysbios_heaps_HeapMem_restore__E
   1002eb13     000057c8     000039f8   rom_sysbios.aem4f : rom_sysbios.obj (.text:ti_sysbios_heaps_HeapMem_initPrimary__I)
ti_sysbios_heaps_HeapMem_Object__get__S  $Tramp$TT$L$PI$$ti_sysbios_heaps_HeapMem_Object__get__S
   1002e275     000057d0     000039c0   rom_sysbios.aem4f : rom_sysbios.obj (.text:ti_sysbios_heaps_HeapMem_initPrimary__I)
ti_sysbios_knl_Clock_start__E  $Tramp$TT$L$PI$$ti_sysbios_knl_Clock_start__E
   1002e9e7     000057d8     00002966   dpl_cc26x2.aem4f : PowerCC26X2_tirtos.oem4f (.text:PowerCC26XX_standbyPolicy)
                             00005442   util.obj (.text:Util_startClock)
                             0000566c   dpl_cc26x2.aem4f : ClockP_tirtos.oem4f (.text:ClockP_start)
ti_sysbios_knl_Clock_setTimeout__E  $Tramp$TT$L$PI$$ti_sysbios_knl_Clock_setTimeout__E
   1002ecc3     000057e0     00002960   dpl_cc26x2.aem4f : PowerCC26X2_tirtos.oem4f (.text:PowerCC26XX_standbyPolicy)
                             00005668                    : ClockP_tirtos.oem4f (.text:ClockP_setTimeout)
xdc_runtime_System_doPrint__I  $Tramp$TT$L$PI$$xdc_runtime_System_doPrint__I
   1002ecf1     000057e8     00001f66   mutex_pem4f.oem4f (.text:xdc_runtime_System_printfExtend__I)
xdc_runtime_Text_putSite__E  $Tramp$TT$L$PI$$xdc_runtime_Text_putSite__E
   1002f15d     000057f0     00001f34   mutex_pem4f.oem4f (.text:xdc_runtime_System_printfExtend__I)
xdc_runtime_Text_putLab__E  $Tramp$TT$L$PI$$xdc_runtime_Text_putLab__E
   1002f3c5     000057f8     00001efa   mutex_pem4f.oem4f (.text:xdc_runtime_System_printfExtend__I)
ti_sysbios_family_arm_m3_Hwi_restoreFxn__E  $Tramp$TT$L$PI$$ti_sysbios_family_arm_m3_Hwi_restoreFxn__E
   1002ec47     00005800     00001666   drivers_cc26x2.aem4f : UARTCC26XX.oem4f (.text:UARTCC26XX_open)
                             00001672                        : UARTCC26XX.oem4f (.text:UARTCC26XX_open)
                             000016fc                        : UARTCC26XX.oem4f (.text:UARTCC26XX_open)
                             00001a98                        : UARTCC26XX.oem4f (.text:UARTCC26XX_read)
                             00001af4                        : UARTCC26XX.oem4f (.text:UARTCC26XX_read)
                             00001b1c                        : UARTCC26XX.oem4f (.text:UARTCC26XX_read)
                             00001b2e                        : UARTCC26XX.oem4f (.text:UARTCC26XX_read)
                             00001b78                        : UARTCC26XX.oem4f (.text:UARTCC26XX_read)
                             00001b88                        : UARTCC26XX.oem4f (.text:UARTCC26XX_read)
                             00001e86                        : PINCC26XX.oem4f (.text:PINCC26XX_setIoCfg)
                             000023a0                        : UARTCC26XX.oem4f (.text:UARTCC26XX_write)
                             000023c2                        : UARTCC26XX.oem4f (.text:UARTCC26XX_write)
                             00002418                        : UARTCC26XX.oem4f (.text:UARTCC26XX_write)
                             00002470                        : PWMTimerCC26XX.oem4f (.text:PWMTimerCC26XX_open)
                             00002480                        : PWMTimerCC26XX.oem4f (.text:PWMTimerCC26XX_open)
                             000026bc                        : PowerCC26X2.oem4f (.text:Power_releaseDependency)
                             00002780                        : PowerCC26X2.oem4f (.text:Power_setDependency)
                             00002db2                        : PWMTimerCC26XX.oem4f (.text:PWMTimerCC26XX_setDutyAndPeriod)
                             00002f08                        : UARTCC26XX.oem4f (.text:writeTxFifoFlush)
                             00003046                        : UARTCC26XX.oem4f (.text:UARTCC26XX_writeCancel)
                             0000305c                        : UARTCC26XX.oem4f (.text:UARTCC26XX_writeCancel)
                             00003090                        : UARTCC26XX.oem4f (.text:UARTCC26XX_writeCancel)
                             000030fe                        : GPTimerCC26XX.oem4f (.text:GPTimerCC26XX_open)
                             0000311a                        : GPTimerCC26XX.oem4f (.text:GPTimerCC26XX_open)
                             000035fa                        : ADCCC26XX.oem4f (.text:ADCCC26XX_open)
                             0000361e                        : ADCCC26XX.oem4f (.text:ADCCC26XX_open)
                             0000398e                        : UARTCC26XX.oem4f (.text:UARTCC26XX_control)
                             00003d3c                        : GPTimerCC26XX.oem4f (.text:GPTimerCC26XX_stop)
                             00003d4a                        : GPTimerCC26XX.oem4f (.text:GPTimerCC26XX_stop)
                             00003d86                        : PowerCC26X2_calibrateRCOSC.oem4f (.text:PowerCC26X2_initiateCalibration)
                             00004024                        : GPTimerCC26XX.oem4f (.text:GPTimerCC26XX_start)
                             00004030                        : GPTimerCC26XX.oem4f (.text:GPTimerCC26XX_start)
                             00004062                        : UARTCC26XX.oem4f (.text:UARTCC26XX_readCancel)
                             00004076                        : UARTCC26XX.oem4f (.text:UARTCC26XX_readCancel)
                             0000419e                        : PINCC26XX.oem4f (.text:PIN_setOutputEnable)
                             00004262                        : PowerCC26X2.oem4f (.text:switchXOSCHF)
                             000042e8                        : RingBuf.oem4f (.text:RingBuf_put)
                             00004312                        : RingBuf.oem4f (.text:RingBuf_put)
                             0000434e                        : ADC.oem4f (.text:ADC_init)
                             0000441a                        : PWM.oem4f (.text:PWM_init)
                             0000445e                        : UART.oem4f (.text:UART_init)
                             000045a2                        : RingBuf.oem4f (.text:RingBuf_get)
                             000045aa                        : RingBuf.oem4f (.text:RingBuf_get)
                             000046da                        : ADCCC26XX.oem4f (.text:ADCCC26XX_close)
                             00004b72                        : PowerCC26X2.oem4f (.text:Power_releaseConstraint)
                             00004ba6                        : PowerCC26X2.oem4f (.text:Power_setConstraint)
                             00004c12                        : GPTimerCC26XX.oem4f (.text:GPTimerCC26XX_close)
                             00004c56                        : PWMTimerCC26XX.oem4f (.text:PWMTimerCC26XX_start)
                             00004d54                        : PWMTimerCC26XX.oem4f (.text:PWMTimerCC26XX_close)
                             00004d6e                        : PWMTimerCC26XX.oem4f (.text:PWMTimerCC26XX_stop)
                             00004f50                        : List.oem4f (.text:List_put)
                             00004f76                        : List.oem4f (.text:List_remove)
                             0000508a                        : PowerCC26X2.oem4f (.text:Power_unregisterNotify)
                             000050ae                        : UARTCC26XX.oem4f (.text:threadSafeStdbyDisRelease)
                             000050ce                        : UARTCC26XX.oem4f (.text:threadSafeStdbyDisSet)
ti_sysbios_knl_Swi_restore__E  $Tramp$TT$L$PI$$ti_sysbios_knl_Swi_restore__E
   1002db61     00005808     00000ff6   drivers_cc26x2.aem4f : PowerCC26X2.oem4f (.text:Power_sleep)
                             000051fe   dpl_cc26x2.aem4f : PowerCC26X2_tirtos.oem4f (.text:PowerCC26XX_schedulerRestore)
ti_sysbios_knl_Task_sleep__E  $Tramp$TT$L$PI$$ti_sysbios_knl_Task_sleep__E
   1002ce01     00005810     000007be   main.obj (.text:RLCheck)
                             0000080e   main.obj (.text:RLCheck)
                             000008cc   main.obj (.text:RLCheck)
                             0000091c   main.obj (.text:RLCheck)
                             00000c4a   main.obj (.text:maintaskFxn)
xdc_runtime_System_printf__E  $Tramp$TT$L$PI$$xdc_runtime_System_printf__E
   1002f7e9     00005818     0000042e   main.obj (.text:InitMaintask)
                             00000446   main.obj (.text:InitMaintask)
                             0000045e   main.obj (.text:InitMaintask)
                             00000476   main.obj (.text:InitMaintask)
                             0000048e   main.obj (.text:InitMaintask)
                             000004a6   main.obj (.text:InitMaintask)
                             00000594   main.obj (.text:InitMaintask)
                             000005b0   main.obj (.text:InitMaintask)
                             000005b8   main.obj (.text:InitMaintask)
                             0000078a   main.obj (.text:RLCheck)
                             000007aa   main.obj (.text:RLCheck)
                             000007fa   main.obj (.text:RLCheck)
                             00000898   main.obj (.text:RLCheck)
                             000008b8   main.obj (.text:RLCheck)
                             00000908   main.obj (.text:RLCheck)
                             0000096e   main.obj (.text:RLCheck)
                             0000097e   main.obj (.text:RLCheck)
                             00000986   main.obj (.text:RLCheck)
                             00000ad0   main.obj (.text:maintaskFxn)
                             00000b32   main.obj (.text:maintaskFxn)
                             00000b60   main.obj (.text:maintaskFxn)
                             00000bac   main.obj (.text:maintaskFxn)
                             00000c0e   main.obj (.text:maintaskFxn)
                             00000c3c   main.obj (.text:maintaskFxn)
                             00001394   main.obj (.text:ProcessKeypadData)
                             000013c6   main.obj (.text:ProcessKeypadData)
                             000013dc   main.obj (.text:ProcessKeypadData)
                             00001402   main.obj (.text:ProcessKeypadData)
                             00001bc0   main.obj (.text:motorSWCallbackFxn)
                             00001be6   main.obj (.text:motorSWCallbackFxn)
                             00001bf0   main.obj (.text:motorSWCallbackFxn)
                             00001cd8   main.obj (.text:GetBatteryADC)
                             00001d5a   main.obj (.text:GetBatteryADC)
                             00001d76   main.obj (.text:GetBatteryADC)
                             000022bc   main.obj (.text:InitMotor)
                             000022d4   main.obj (.text:InitMotor)
                             000022e6   main.obj (.text:InitMotor)
                             00003aac   main.obj (.text:InitPuzzer)
                             00003b40   FIFO.obj (.text:FIFOGetByte)
                             00003ba2   FIFO.obj (.text:FIFOPutByte)
                             00004498   FIFO.obj (.text:FIFOIsFull)
                             000047c2   main.obj (.text:lockDelayedStopMotorFxn)
ti_sysbios_knl_Clock_stop__E  $Tramp$TT$L$PI$$ti_sysbios_knl_Clock_stop__E
   1002e2c5     00005820     00000250   main.obj (.text:uiFxn)
                             00002972   dpl_cc26x2.aem4f : PowerCC26X2_tirtos.oem4f (.text:PowerCC26XX_standbyPolicy)
                             0000415a   main.obj (.text:touchFxn)
                             00005456   util.obj (.text:Util_stopClock)
                             00005670   dpl_cc26x2.aem4f : ClockP_tirtos.oem4f (.text:ClockP_stop)

[48 trampolines]
[163 trampoline calls]


GLOBAL SYMBOLS: SORTED ALPHABETICALLY BY Name 

address   name                                                               
-------   ----                                                               
00006054  ADCBuf_count                                                       
000046b5  ADCCC26XX_close                                                    
0000563f  ADCCC26XX_control                                                  
00001fb5  ADCCC26XX_convert                                                  
000038e5  ADCCC26XX_convertToMicroVolts                                      
0000600c  ADCCC26XX_fxnTable                                                 
000055ff  ADCCC26XX_init                                                     
000035dd  ADCCC26XX_open                                                     
000055a5  ADC_Params_init                                                    
000055af  ADC_close                                                          
00005be0  ADC_config                                                         
000055b9  ADC_convert                                                        
000055c3  ADC_convertToMicroVolts                                            
00006055  ADC_count                                                          
000060f4  ADC_defaultParams                                                  
0000431d  ADC_init                                                           
000044b5  ADC_open                                                           
0000605c  AESCBC_count                                                       
0000605a  AESCCM_count                                                       
0000605f  AESCTRDRBG_count                                                   
0000605d  AESCTR_count                                                       
0000605e  AESECB_count                                                       
0000605b  AESGCM_count                                                       
00005d84  BoardGpioInitTable                                                 
00005607  Board_initHook                                                     
00005151  CC26X2R1_LAUNCHXL_initGeneral                                      
0000335d  CC26X2R1_LAUNCHXL_sendExtFlashByte                                 
000044f5  CC26X2R1_LAUNCHXL_shutDownExtFlash                                 
00003f59  CC26X2R1_LAUNCHXL_wakeUpExtFlash                                   
000055cd  ClockP_Params_init                                                 
00003e69  ClockP_construct                                                   
00005661  ClockP_destruct                                                    
00005665  ClockP_getCpuFreq                                                  
1002dc11  ClockP_getSystemTicks                                              
00005669  ClockP_setTimeout                                                  
0000566d  ClockP_start                                                       
00005671  ClockP_stop                                                        
200012e0  ClockP_tickPeriod                                                  
00005035  CloseTouch                                                         
00006061  Display_count                                                      
00004a15  DoRLCheck                                                          
00006056  ECDH_count                                                         
[...]
1002eb79  ti_sysbios_BIOS_RtsGateProxy_Params__init__S                       
1002eb79  ti_sysbios_gates_GateMutex_Params__init__S                         
1002eb79  ti_sysbios_heaps_HeapMem_Module_GateProxy_Params__init__S          
1002eb85  ti_sysbios_heaps_HeapTrack_Params__init__S                         
1002eb91  ti_sysbios_heaps_HeapTrack_isBlocking__E                           
1002eb9d  ti_sysbios_knl_Clock_Params__init__S                               
1002eba9  ti_sysbios_knl_Clock_getTimerHandle__E                             
1002ebb5  ti_sysbios_knl_Event_Params__init__S                               
1002ebc1  ti_sysbios_knl_Mailbox_Params__init__S                             
1002ebcd  ti_sysbios_knl_Queue_dequeue__E                                    
1002ebd9  ti_sysbios_knl_Queue_enqueue__E                                    
1002ebe5  ti_sysbios_knl_Semaphore_Params__init__S                           
1002ebf1  ti_sysbios_knl_Swi_Params__init__S                                 
1002ebfd  ti_sysbios_knl_Swi_self__E                                         
1002ec09  ti_sysbios_knl_Task_Params__init__S                                
1002ec15  ti_sysbios_hal_Hwi_Instance_finalize__E                            
1002ec1f  ti_sysbios_knl_Event_Instance_init__E                              
1002ec29  ti_sysbios_family_arm_m3_Hwi_doSwiRestore__I                       
1002ec31  ti_sysbios_family_arm_m3_Hwi_startup__E                            
1002ec31  ti_sysbios_hal_Hwi_HwiProxy_startup__E                             
1002ec31  ti_sysbios_hal_Hwi_HwiProxy_startup__E                             
1002ec31  ti_sysbios_hal_Hwi_startup__E                                      
1002ec31  ti_sysbios_hal_Hwi_startup__E                                      
1002ec39  ti_sysbios_knl_Idle_loop__E                                        
1002ec41  ti_sysbios_family_arm_m3_Hwi_doTaskRestore__I                      
1002ec47  HwiP_restore                                                       
1002ec47  ti_sysbios_family_arm_m3_Hwi_restoreFxn__E                         
1002ec4d  ti_sysbios_gates_GateHwi_leave__E                                  
1002ec53  ti_sysbios_gates_GateMutex_Instance_finalize__E                    
1002ec59  ti_sysbios_heaps_HeapMem_isBlocking__E                             
1002ec5f  ti_sysbios_knl_Queue_Instance_init__E                              
1002ec65  ti_sysbios_knl_Queue_elemClear__E                                  
1002ec6b  ti_sysbios_knl_Swi_startup__E                                      
1002ec71  ti_sysbios_knl_Task_enable__E                                      
1002ec77  ti_sysbios_BIOS_RtsGateProxy_enter__E                              
1002ec7b  ti_sysbios_BIOS_RtsGateProxy_leave__E                              
1002ec7f  ti_sysbios_family_arm_cc26xx_Timer_getExpiredTicks__E              
1002ec83  ti_sysbios_family_arm_cc26xx_Timer_getPeriod__E                    
1002ec87  ti_sysbios_family_arm_cc26xx_Timer_setPeriod__E                    
1002ec8b  ti_sysbios_family_arm_m3_Hwi_delete                                
1002ec8f  ti_sysbios_family_arm_m3_TaskSupport_Module__startupDone__S        
1002ec8f  ti_sysbios_knl_Task_SupportProxy_Module__startupDone__S            
1002ec93  ti_sysbios_gates_GateHwi_query__E                                  
1002ec93  xdc_runtime_Main_Module_GateProxy_query__E                         
1002ec93  xdc_runtime_System_Module_GateProxy_query__E                       
1002ec93  xdc_runtime_System_Module_GateProxy_query__E                       
1002ec97  ti_sysbios_gates_GateMutex_delete                                  
1002ec9b  ti_sysbios_BIOS_RtsGateProxy_query__E                              
1002ec9b  ti_sysbios_BIOS_RtsGateProxy_query__E                              
1002ec9b  ti_sysbios_gates_GateMutex_query__E                                
1002ec9b  ti_sysbios_heaps_HeapMem_Module_GateProxy_query__E                 
1002ec9b  ti_sysbios_heaps_HeapMem_Module_GateProxy_query__E                 
1002ec9f  ti_sysbios_hal_Hwi_HwiProxy_create                                 
1002eca3  ti_sysbios_hal_Hwi_HwiProxy_delete                                 
1002eca7  ti_sysbios_hal_Hwi_delete                                          
1002ecab  ti_sysbios_heaps_HeapMem_Module_GateProxy_enter__E                 
1002ecaf  ti_sysbios_heaps_HeapMem_Module_GateProxy_leave__E                 
1002ecb3  ti_sysbios_knl_Clock_TimerProxy_getExpiredTicks__E                 
1002ecb7  ti_sysbios_knl_Clock_TimerProxy_getPeriod__E                       
1002ecbb  ti_sysbios_knl_Clock_delete                                        
1002ecbf  ti_sysbios_knl_Clock_removeI__E                                    
1002ecc3  ti_sysbios_knl_Clock_setTimeout__E                                 
1002ecc7  ti_sysbios_knl_Event_delete                                        
1002eccb  ti_sysbios_knl_Mailbox_delete                                      
1002eccf  ti_sysbios_knl_Queue_delete                                        
1002ecd3  ti_sysbios_knl_Queue_head__E                                       
1002ecd7  ti_sysbios_knl_Queue_next__E                                       
1002ecdb  ti_sysbios_knl_Semaphore_delete                                    
1002ecdf  ti_sysbios_knl_Swi_delete                                          
1002ece3  ti_sysbios_knl_Swi_postInit__I                                     
1002ece7  ti_sysbios_knl_Task_delete                                         
1002eceb  ti_sysbios_knl_Task_startup__E                                     
1002ecf1  xdc_runtime_System_doPrint__I                                      
1002f055  xdc_runtime_Startup_startMods__I                                   
1002f15d  xdc_runtime_Text_putSite__E                                        
1002f1f7  xdc_runtime_Error_policySpin__E                                    
1002f1f9  xdc_runtime_Text_putMod__E                                         
1002f289  xdc_runtime_Memory_alloc__E                                        
1002f2f9  xdc_runtime_Core_createObject__I                                   
1002f367  xdc_runtime_Core_deleteObject__I                                   
1002f3c5  xdc_runtime_Text_putLab__E                                         
1002f421  xdc_runtime_Assert_raise__I                                        
1002f475  xdc_runtime_Startup_exec__E                                        
1002f4c9  xdc_runtime_Core_assignParams__I                                   
1002f511  xdc_runtime_Core_constructObject__I                                
1002f559  xdc_runtime_System_atexit__E                                       
1002f5a1  xdc_runtime_Text_xprintf__I                                        
1002f5e5  xdc_runtime_System_processAtExit__E                                
1002f625  xdc_runtime_System_putchar__I                                      
1002f659  xdc_runtime_Core_assignLabel__I                                    
1002f689  xdc_runtime_Text_printVisFxn__I                                    
1002f6b9  xdc_runtime_System_vprintf__E                                      
1002f6e5  xdc_runtime_Text_cordText__E                                       
1002f711  xdc_runtime_System_abort__E                                        
1002f739  xdc_runtime_Error_raiseX__E                                        
1002f759  xdc_runtime_Registry_findById__E                                   
1002f779  xdc_runtime_Error_check__E                                         
1002f795  xdc_runtime_Memory_valloc__E                                       
1002f7b1  xdc_runtime_System_exit__E                                         
1002f7cd  xdc_runtime_Text_ropeText__E                                       
1002f7e9  xdc_runtime_System_printf__E                                       
1002f803  xdc_runtime_Core_destructObject__I                                 
1002f81b  xdc_runtime_System_abortSpin__E                                    
1002f81d  xdc_runtime_Memory_free__E                                         
1002f831  xdc_runtime_Memory_getStats__E                                     
1002f845  xdc_runtime_SysCallback_abort__E                                   
1002f845  xdc_runtime_System_SupportProxy_abort__E                           
1002f859  xdc_runtime_SysCallback_exit__E                                    
1002f859  xdc_runtime_System_SupportProxy_exit__E                            
1002f86d  xdc_runtime_SysCallback_flush__E                                   
1002f86d  xdc_runtime_System_SupportProxy_flush__E                           
1002f86d  xdc_runtime_System_flush__E                                        
1002f881  xdc_runtime_SysCallback_putch__E                                   
1002f881  xdc_runtime_System_SupportProxy_putch__E                           
1002f895  xdc_runtime_SysCallback_ready__E                                   
1002f895  xdc_runtime_System_SupportProxy_ready__E                           
1002f8a9  xdc_runtime_Memory_getMaxDefaultTypeAlign__E                       
1002f8b9  xdc_runtime_System_vsnprintf__E                                    
1002f8c9  xdc_runtime_Timestamp_SupportProxy_get32__E                        
1002f8c9  xdc_runtime_Timestamp_SupportProxy_get32__E                        
1002f8c9  xdc_runtime_Timestamp_get32__E                                     
1002f8c9  xdc_runtime_Timestamp_get32__E                                     
1002f8d9  xdc_runtime_Memory_calloc__E                                       
1002f8e5  xdc_runtime_Startup_rtsDone__E                                     
1002f8f1  xdc_runtime_Memory_HeapProxy_alloc__E                              
1002f8fb  xdc_runtime_Memory_HeapProxy_free__E                               
1002f905  xdc_runtime_Memory_HeapProxy_getStats__E                           
1002f90f  xdc_runtime_Gate_leaveSystem__E                                    
1002f915  xdc_runtime_System_Module_startup__E                               
1002f91b  xdc_runtime_Gate_enterSystem__E                                    
1002f91f  xdc_runtime_SysCallback_Module__startupDone__S                     
1002f91f  xdc_runtime_System_SupportProxy_Module__startupDone__S             
1002f923  xdc_runtime_System_Module_GateProxy_enter__E                       
1002f927  xdc_runtime_System_Module_GateProxy_leave__E                       
1002f92b  xdc_runtime_System_printf_va__F                                    
1002f92f  xdc_runtime_System_exitSpin__E                                     
1002f931  ti_sysbios_family_arm_m3_Hwi_dispatch__I                           
1002fa11  ti_sysbios_family_arm_m3_Hwi_interruptsAreDisabledButShouldNotBe   
1002fa2d  ti_sysbios_family_arm_m3_TaskSupport_buildTaskStack                
1002fab9  ti_sysbios_family_arm_m3_Hwi_initStacks__E                         
1002fb11  ti_sysbios_family_arm_m3_Hwi_pendSV__I                             
1002fb35  ti_sysbios_family_arm_m3_Hwi_return                                
1002fb39  ti_sysbios_family_arm_m3_Hwi_excHandlerAsm__I                      
1002fb59  ti_sysbios_family_xxx_Hwi_switchAndRunFunc                         
1002fb77  ti_sysbios_family_arm_m3_TaskSupport_swap__E                       
1002fb77  ti_sysbios_knl_Task_SupportProxy_swap__E                           
1002fb77  ti_sysbios_knl_Task_SupportProxy_swap__E                           
1002fb83  ti_sysbios_knl_Task_swapReturn                                     
1002fb8f  ti_sysbios_family_arm_m3_TaskSupport_glue                          
1002fba0  ti_sysbios_knl_Task_Object__PARAMS__C                              
1002fbdc  ti_sysbios_knl_Mailbox_Object__PARAMS__C                           
1002fc10  ti_sysbios_family_arm_m3_Hwi_Object__PARAMS__C                     
1002fc40  ti_sysbios_hal_Hwi_Object__PARAMS__C                               
1002fc6c  ti_sysbios_knl_Swi_Object__PARAMS__C                               
1002fc94  ti_sysbios_heaps_HeapMem_Object__PARAMS__C                         
1002fcb8  ti_sysbios_knl_Clock_Object__PARAMS__C                             
1002fcdc  ti_sysbios_knl_Semaphore_Object__PARAMS__C                         
1002fd00  ti_sysbios_gates_GateHwi_Object__PARAMS__C                         
1002fd18  ti_sysbios_gates_GateMutex_Object__PARAMS__C                       
1002fd30  ti_sysbios_knl_Event_Object__PARAMS__C                             
1002fd48  ti_sysbios_knl_Queue_Object__PARAMS__C                             
1002fd80  ti_sysbios_heaps_HeapTrack_Object__PARAMS__C                       
1002fd9c  ti_sysbios_heaps_HeapTrack_Instance_State_trackQueue__O            
1002fda0  ti_sysbios_heaps_HeapTrack_Module__diagsEnabled__C                 
1002fda4  ti_sysbios_heaps_HeapTrack_Module__diagsIncluded__C                
1002fda8  ti_sysbios_heaps_HeapTrack_Module__diagsMask__C                    
1002fddb  strlen                                                             
20000000  ti_sysbios_family_arm_m3_Hwi_ramVectors                            
20000100  xdcRomConstPtr                                                     
20000104  xdcRomExternFuncPtr                                                
20000108  xdcRomStatePtr                                                     
20000510  uartCC26XXObjects                                                  
20000768  ti_sysbios_knl_Task_Instance_State_0_stack__A                      
20000968  maintaskStack                                                      
20000b68  gptimerCC26XXObjects                                               
20000c88  pwmtimerCC26xxObjects                                              
20000d88  adcCC26xxObjects                                                   
20000e64  ti_sysbios_family_arm_m3_Hwi_dispatchTable                         
20000f3c  pinHandleTable                                                     
20000fb8  maintaskStruct                                                     
2000104c  uartCC26XXRingBuffer                                               
20001150  uartParams                                                         
20001194  FIFOStack                                                          
200011b4  KeyBuffer                                                          
20001260  FIFOBuf                                                            
200012e0  ClockP_tickPeriod                                                  
200012e4  PowerCC26XX_swiKey                                                 
200012e8  PowerCC26XX_taskKey                                                
200012ec  keyPadUart                                                         
200012f0  sleepTickCount                                                     
200012f4  touchCount                                                         
200012f6  driverlib_release_0_54539                                          
200012f8  __primary_heap_start__                                             
200022f8  ROM_stateStruct                                                    
200022f8  __primary_heap_end__                                               
200022f8  ti_sysbios_knl_Clock_Module__state__V                              
20002324  ti_sysbios_family_arm_cc26xx_TimestampProvider_Module__state__V    
20002328  xdc_runtime_Startup_Module__state__V                               
20002330  xdc_runtime_Registry_Module__state__V                              
20002338  ti_sysbios_BIOS_Module__state__V                                   
2000235c  ti_sysbios_knl_Swi_Module__state__V                                
20002378  ti_sysbios_knl_Task_Module__state__V                               
200023bc  xdc_runtime_Memory_Module__state__V                                
200023c0  xdc_runtime_System_Module__state__V                                
200023c8  ti_sysbios_family_arm_m3_Hwi_Module__state__V                      
200023fc  ti_sysbios_family_arm_cc26xx_Timer_Module__state__V                
20002404  PowerCC26X2_module                                                 
200024f0  ti_sysbios_knl_Task_Object__table__V                               
20002540  ti_sysbios_family_arm_cc26xx_Timer_Object__table__V                
20002588  ti_sysbios_gates_GateMutex_Object__table__V                        
200025c0  ti_sysbios_knl_Swi_Module_State_0_readyQ__A                        
200025f0  ti_sysbios_knl_Swi_Object__table__V                                
20002620  ti_sysbios_knl_Clock_Object__table__V                              
20002640  ti_sysbios_knl_Task_Module_State_0_readyQ__A                       
20002660  xdc_runtime_Error_IgnoreBlock                                      
20002680  ledPinTable                                                        
20002698  ti_sysbios_family_arm_m3_Hwi_Object__table__V                      
200026b0  ti_sysbios_heaps_HeapMem_Object__table__V                          
200026c8  buttonPinTable                                                     
200026e0  motorDRPinTable                                                    
200026f8  _lock                                                              
200026fc  _unlock                                                            
20002700  batteryCntPinTable                                                 
20002710  pinUpperBound                                                      
20002714  pinLowerBound                                                      
20002718  keyPadPowerPinTable                                                
20002720  keypadIntPinTable                                                  
20002728  ti_sysbios_family_arm_m3_Hwi_Module__root__V                       
20002730  ti_sysbios_gates_GateHwi_Module__root__V                           
20002738  ti_sysbios_gates_GateMutex_Module__root__V                         
20002740  ti_sysbios_hal_Hwi_Module__root__V                                 
20002748  ti_sysbios_heaps_HeapMem_Module__root__V                           
20002750  ti_sysbios_knl_Clock_Module__root__V                               
20002758  ti_sysbios_knl_Event_Module__root__V                               
20002760  ti_sysbios_knl_Mailbox_Module__root__V                             
20002768  ti_sysbios_knl_Queue_Module__root__V                               
20002770  ti_sysbios_knl_Semaphore_Module__root__V                           
20002778  ti_sysbios_knl_Swi_Module__root__V                                 
20002780  ti_sysbios_knl_Task_Module__root__V                                
20002790  xdc_runtime_System_Module_State_0_atexitHandlers__A                
20002798  main_func_sp                                                       
2000279c  ti_sysbios_family_arm_m3_Hwi_Module_State_0_excContext__A          
200027a0  ti_sysbios_family_arm_m3_Hwi_Module_State_0_excStack__A            
200027a4  ti_sysbios_knl_Task_Module_State_0_idleTask__A                     
200027aa  ti_sysbios_family_arm_m3_Hwi_Module_State_0_excActive__A           
20013c00  __stack                                                            
20014000  __STACK_END                                                        
e000e000  ti_sysbios_family_arm_m3_Hwi_nvic                                  
ffffffff  __TI_pprof_out_hndl                                                
ffffffff  __TI_prof_data_size                                                
ffffffff  __TI_prof_data_start                                               
ffffffff  __binit__                                                          
ffffffff  __c_args__                                                         
ffffffff  binit                                                              
UNDEFED   SHT$$INIT_ARRAY$$Base                                              
UNDEFED   SHT$$INIT_ARRAY$$Limit                                             

[913 symbols]
