******************************************************************************
                  TI ARM Linker PC v18.12.1                    
******************************************************************************
>> Linked Wed Apr 24 09:54:50 2019

OUTPUT FILE NAME:   <mutex_CC26X2R1_LAUNCHXL_tirtos_ccs.out>
ENTRY POINT SYMBOL: "ResetISR"  address: 00001a85


MEMORY CONFIGURATION

         name            origin    length      used     unused   attr    fill
----------------------  --------  ---------  --------  --------  ----  --------
  FLASH                 00000000   00058000  0000311b  00054ee5  R  X
  GPRAM                 11000000   00002000  00000000  00002000  RW X
  SRAM                  20000000   00014000  0000252f  00011ad1  RW X


SEGMENT ALLOCATION MAP

run origin  load origin   length   init length attrs members
----------  ----------- ---------- ----------- ----- -------
00000000    00000000    000030c8   000030c8    r-x
  00000000    00000000    0000003c   0000003c    r-- .resetVecs
  0000003c    0000003c    00002958   00002958    r-x .text
  00002994    00002994    0000056f   0000056f    r-- .const
  00002f08    00002f08    000001c0   000001c0    r-- .cinit
00057fa8    00057fa8    00000058   00000058    r--
  00057fa8    00057fa8    00000058   00000058    r-- .ccfg
20000100    20000100    0000000c   00000000    rw-
  20000100    20000100    00000004   00000000    rw- .data:xdcRomConstPtr
  20000104    20000104    00000004   00000000    rw- .data:xdcRomExternFuncPtr
  20000108    20000108    00000004   00000000    rw- .data:xdcRomStatePtr
20000110    20000110    00001000   00000000    r--
  20000110    20000110    00001000   00000000    r-- .priheap
20001110    20001110    00001052   00000000    rw-
  20001110    20001110    00000bf9   00000000    rw- .bss
  20001d10    20001d10    00000452   00000000    rw- .data
20013c00    20013c00    00000400   00000000    rw-
  20013c00    20013c00    00000400   00000000    rw- .stack


SECTION ALLOCATION MAP

 output                                  attributes/
section   page    origin      length       input sections
--------  ----  ----------  ----------   ----------------
.binit     0    00000000    00000000     

.cinit     0    00002f08    000001c0     
                  00002f08    0000016a     (.cinit..data.load) [load image, compression = lzss]
                  00003072    00000002     --HOLE-- [fill = 0]
                  00003074    0000000c     (__TI_handler_table)
                  00003080    00000008     (.cinit..bss.load) [load image, compression = zero_init]
                  00003088    00000008     (.cinit..data:xdcRomConstPtr.load) [load image, compression = lzss]
                  00003090    00000008     (.cinit..data:xdcRomExternFuncPtr.load) [load image, compression = lzss]
                  00003098    00000008     (.cinit..data:xdcRomStatePtr.load) [load image, compression = lzss]
                  000030a0    00000028     (__TI_cinit_table)

.init_array 
*          0    00000000    00000000     UNINITIALIZED

.ccfg      0    00057fa8    00000058     
                  00057fa8    00000058     ccfg.obj (.ccfg:retain)

.bss       0    20001110    00000bf9     UNINITIALIZED
                  20001110    00000200     mutex_pem4f.oem4f (.bss:taskStackSection)
                  20001310    00000200     (.common:task1Stack)
                  20001510    00000200     (.common:task2Stack)
                  20001710    00000200     (.common:xdc_runtime_SysMin_Module_State_0_outbuf__A)
                  20001910    00000120     rtsv7M4_T_le_v4SPD16_eabi.lib : trgmsg.c.obj (.bss:_CIOBUF_)
                  20001a30    000000d8     (.common:ti_sysbios_family_arm_m3_Hwi_dispatchTable)
                  20001b08    0000007c     (.common:pinHandleTable)
                  20001b84    00000050     (.common:task1Struct)
                  20001bd4    00000050     (.common:task2Struct)
                  20001c24    00000034     drivers_cc26x2.aem4f : PINCC26XX.oem4f (.bss:pinSwi)
                  20001c58    00000020                          : PINCC26XX.oem4f (.bss:pinGpioConfigTable)
                  20001c78    0000001c     driverlib.lib : osc.obj (.bss:$O1$$)
                  20001c94    0000001c     drivers_cc26x2.aem4f : PINCC26XX.oem4f (.bss:pinHwi)
                  20001cb0    0000001c                          : PINCC26XX.oem4f (.bss:pinSemaphore)
                  20001ccc    0000001c     (.common:semStruct)
                  20001ce8    00000008     (.common:parmbuf)
                  20001cf0    00000004                          : PINCC26XX.oem4f (.bss)
                  20001cf4    00000004     (.common:ClockP_tickPeriod)
                  20001cf8    00000004     (.common:PowerCC26XX_swiKey)
                  20001cfc    00000004     (.common:PowerCC26XX_taskKey)
                  20001d00    00000004     (.common:semHandle)
                  20001d04    00000004     (.common:sleepTickCount)
                  20001d08    00000001     (.common:driverlib_release_0_54539)

.data      0    20001d10    00000452     UNINITIALIZED
                  20001d10    0000010c     mutex_pem4f.oem4f (.data:ROM_stateStruct)
                  20001e1c    000000ec     drivers_cc26x2.aem4f : PowerCC26X2.oem4f (.data:PowerCC26X2_module)
                  20001f08    0000004c     mutex_pem4f.oem4f (.data:ti_sysbios_knl_Task_Object__table__V)
                  20001f54    00000004     rtsv7M4_T_le_v4SPD16_eabi.lib : stkdepth_vars.c.obj (.data)
                  20001f58    00000048     mutex_pem4f.oem4f (.data:ti_sysbios_family_arm_cc26xx_Timer_Object__table__V)
                  20001fa0    00000038     mutex_pem4f.oem4f (.data:ti_sysbios_gates_GateMutex_Object__table__V)
                  20001fd8    00000030     mutex_pem4f.oem4f (.data:ti_sysbios_knl_Swi_Module_State_0_readyQ__A)
                  20002008    00000030     mutex_pem4f.oem4f (.data:ti_sysbios_knl_Swi_Object__table__V)
                  20002038    00000020     mutex_pem4f.oem4f (.data:ti_sysbios_knl_Clock_Object__table__V)
                  20002058    00000020     mutex_pem4f.oem4f (.data:ti_sysbios_knl_Task_Module_State_0_readyQ__A)
                  20002078    00000020     mutex_pem4f.oem4f (.data:xdc_runtime_Error_IgnoreBlock)
                  20002098    00000018     mutex_pem4f.oem4f (.data:ti_sysbios_family_arm_m3_Hwi_Object__table__V)
                  200020b0    00000018     mutex_pem4f.oem4f (.data:ti_sysbios_heaps_HeapMem_Object__table__V)
                  200020c8    0000000c     mutex_pem4f.oem4f (.data:xdc_runtime_SysMin_Module__state__V)
                  200020d4    00000008     rtsv7M4_T_le_v4SPD16_eabi.lib : _lock.c.obj (.data:$O1$$)
                  200020dc    00000008     drivers_cc26x2.aem4f : PINCC26XX.oem4f (.data)
                  200020e4    00000008     mutex.obj (.data)
                  200020ec    00000008     mutex_pem4f.oem4f (.data:ti_sysbios_family_arm_m3_Hwi_Module__root__V)
                  200020f4    00000008     mutex_pem4f.oem4f (.data:ti_sysbios_gates_GateHwi_Module__root__V)
                  200020fc    00000008     mutex_pem4f.oem4f (.data:ti_sysbios_gates_GateMutex_Module__root__V)
                  20002104    00000008     mutex_pem4f.oem4f (.data:ti_sysbios_hal_Hwi_Module__root__V)
                  2000210c    00000008     mutex_pem4f.oem4f (.data:ti_sysbios_heaps_HeapMem_Module__root__V)
                  20002114    00000008     mutex_pem4f.oem4f (.data:ti_sysbios_knl_Clock_Module__root__V)
                  2000211c    00000008     mutex_pem4f.oem4f (.data:ti_sysbios_knl_Event_Module__root__V)
                  20002124    00000008     mutex_pem4f.oem4f (.data:ti_sysbios_knl_Mailbox_Module__root__V)
                  2000212c    00000008     mutex_pem4f.oem4f (.data:ti_sysbios_knl_Queue_Module__root__V)
                  20002134    00000008     mutex_pem4f.oem4f (.data:ti_sysbios_knl_Semaphore_Module__root__V)
                  2000213c    00000008     mutex_pem4f.oem4f (.data:ti_sysbios_knl_Swi_Module__root__V)
                  20002144    00000008     mutex_pem4f.oem4f (.data:ti_sysbios_knl_Task_Module__root__V)
                  2000214c    00000008     mutex_pem4f.oem4f (.data:xdc_runtime_System_Module_State_0_atexitHandlers__A)
                  20002154    00000004     mutex_pem4f.oem4f (.data:ti_sysbios_family_arm_m3_Hwi_Module_State_0_excContext__A)
                  20002158    00000004     mutex_pem4f.oem4f (.data:ti_sysbios_family_arm_m3_Hwi_Module_State_0_excStack__A)
                  2000215c    00000004     mutex_pem4f.oem4f (.data:ti_sysbios_knl_Task_Module_State_0_idleTask__A)
                  20002160    00000002     mutex_pem4f.oem4f (.data:ti_sysbios_family_arm_m3_Hwi_Module_State_0_excActive__A)

.stack     0    20013c00    00000400     UNINITIALIZED
                  20013c00    00000400     --HOLE--

.priheap   0    20000110    00001000     UNINITIALIZED
                  20000110    00001000     --HOLE--

.data:xdcRomConstPtr 
*          0    20000100    00000004     UNINITIALIZED
                  20000100    00000004     mutex_pem4f.oem4f (.data:xdcRomConstPtr)

.data:xdcRomExternFuncPtr 
*          0    20000104    00000004     UNINITIALIZED
                  20000104    00000004     mutex_pem4f.oem4f (.data:xdcRomExternFuncPtr)

.data:xdcRomStatePtr 
*          0    20000108    00000004     UNINITIALIZED
                  20000108    00000004     mutex_pem4f.oem4f (.data:xdcRomStatePtr)

.bootVecs 
*          0    00000000    00000008     DSECT
                  00000000    00000008     boot.aem4f : boot.oem4f (.bootVecs)

.resetVecs 
*          0    00000000    0000003c     
                  00000000    0000003c     mutex_pem4f.oem4f (.resetVecs)

.vecs      0    20000000    000000d8     NOLOAD SECTION
                  20000000    000000d8     mutex_pem4f.oem4f (.vecs)

xdc.meta   0    00000000    000000fd     COPY SECTION
                  00000000    000000fd     mutex_pem4f.oem4f (xdc.meta)

xdc.noload 
*          0    00000000    00000000     COPY SECTION

.text      0    0000003c    00002958     
                  0000003c    000001c0     drivers_cc26x2.aem4f : PINCC26XX.oem4f (.text:PIN_init)
                  000001fc    000001ac                          : PowerCC26X2.oem4f (.text:Power_sleep)
                  000003a8    00000190                          : PowerCC26X2_calibrateRCOSC.oem4f (.text:calibrateRcoscHf1)
                  00000538    0000018c                          : PowerCC26X2_calibrateRCOSC.oem4f (.text:runCalibrateFsm)
                  000006c4    00000150                          : PowerCC26X2.oem4f (.text:Power_init)
                  00000814    000000f8                          : PINCC26XX.oem4f (.text:PINCC26XX_setIoCfg)
                  0000090c    000000f8     mutex_pem4f.oem4f (.text:xdc_runtime_System_printfExtend__I)
                  00000a04    000000f4     driverlib.lib : sys_ctrl.obj (.text:NOROM_SysCtrlStandby)
                  00000af8    000000c8     drivers_cc26x2.aem4f : PowerCC26X2.oem4f (.text:Power_releaseDependency)
                  00000bc0    000000c4                          : PowerCC26X2.oem4f (.text:Power_setDependency)
                  00000c84    000000c0     mutex.obj (.text:task2Fxn)
                  00000d44    000000b4     dpl_cc26x2.aem4f : PowerCC26X2_tirtos.oem4f (.text:PowerCC26XX_standbyPolicy)
                  00000df8    000000ac     drivers_cc26x2.aem4f : PINCC26XX.oem4f (.text:PIN_open)
                  00000ea4    000000ac     driverlib.lib : setup.obj (.text:TrimAfterColdResetWakeupFromShutDown)
                  00000f50    000000a0     auto_init.aem4f : auto_init.oem4f (.text)
                  00000ff0    0000009c     mutex.obj (.text:main)
                  0000108c    0000009c     rtsv7M4_T_le_v4SPD16_eabi.lib : memcpy_t2.asm.obj (.text)
                  00001128    00000098     driverlib.lib : setup.obj (.text:NOROM_SetupTrimDevice)
                  000011c0    00000096     rtsv7M4_T_le_v4SPD16_eabi.lib : ull_div_t2.asm.obj (.text)
                  00001256    00000002                                   : _lock.c.obj (.text:_nop)
                  00001258    00000090     mutex.obj (.text:task1Fxn)
                  000012e8    00000088     driverlib.lib : osc.obj (.text:NOROM_OSCHF_AttemptToSwitchToXosc)
                  00001370    00000088     drivers_cc26x2.aem4f : PowerCC26X2_calibrateRCOSC.oem4f (.text:calibrateRcoscHf2)
                  000013f8    00000088                          : PowerCC26X2.oem4f (.text:disableLFClockQualifiers)
                  00001480    00000088                          : PowerCC26X2_calibrateRCOSC.oem4f (.text:updateSubSecInc)
                  00001508    00000084     CC26X2R1_LAUNCHXL_fxns.obj (.text:CC26X2R1_LAUNCHXL_sendExtFlashByte)
                  0000158c    00000080     rom_sysbios.aem4f : rom_sysbios.obj (.text:ti_sysbios_family_arm_cc26xx_Timer_start__E)
                  0000160c    0000007c     drivers_cc26x2.aem4f : PowerCC26X2.oem4f (.text:configureXOSCHF)
                  00001688    0000007a     rtsv7M4_T_le_v4SPD16_eabi.lib : memset_t2.asm.obj (.text)
                  00001702    00000002     drivers_cc26x2.aem4f : PowerCC26X2.oem4f (.text:emptyClockFunc)
                  00001704    00000074                          : PowerCC26X2_calibrateRCOSC.oem4f (.text:PowerCC26X2_auxISR)
                  00001778    0000006d     rom_sysbios.aem4f : rom_sysbios.obj (.text:xdc_runtime_System_formatNum__I)
                  000017e5    00000001     --HOLE-- [fill = 0]
                  000017e6    00000002     rtsv7M4_T_le_v4SPD16_eabi.lib : div0.asm.obj (.text)
                  000017e8    00000068     driverlib.lib : osc.obj (.text:NOROM_OSCHF_SwitchToRcOscTurnOffXosc)
                  00001850    00000068     rtsv7M4_T_le_v4SPD16_eabi.lib : copy_decompress_lzss.c.obj (.text:decompress:lzss:__TI_decompress_lzss)
                  000018b8    00000064     rom_sysbios.aem4f : rom_sysbios.obj (.text:ti_sysbios_heaps_HeapMem_initPrimary__I)
                  0000191c    0000005c     drivers_cc26x2.aem4f : PINCC26XX.oem4f (.text:PIN_remove)
                  00001978    0000005c     mutex_pem4f.oem4f (.text:xdc_runtime_Startup_getState__I)
                  000019d4    00000058     rtsv7M4_T_le_v4SPD16_eabi.lib : hostwrite.c.obj (.text:HOSTwrite)
                  00001a2c    00000058     drivers_cc26x2.aem4f : PowerCC26X2_calibrateRCOSC.oem4f (.text:PowerCC26X2_initiateCalibration)
                  00001a84    00000058     boot.aem4f : boot.oem4f (.text)
                  00001adc    00000050     dpl_cc26x2.aem4f : ClockP_tirtos.oem4f (.text:ClockP_construct)
                  00001b2c    00000050     driverlib.lib : chipinfo.obj (.text:NOROM_ChipInfo_GetChipType)
                  00001b7c    0000004c     CC26X2R1_LAUNCHXL_fxns.obj (.text:CC26X2R1_LAUNCHXL_wakeUpExtFlash)
                  00001bc8    0000004c     rtsv7M4_T_le_v4SPD16_eabi.lib : cpy_tbl.c.obj (.text:copy_in)
                  00001c14    00000048     drivers_cc26x2.aem4f : PowerCC26X2_calibrateRCOSC.oem4f (.text:PowerCC26X2_RCOSC_clockFunc)
                  00001c5c    00000048                          : PowerCC26X2.oem4f (.text:switchXOSCHF)
                  00001ca4    00000044     driverlib.lib : chipinfo.obj (.text:NOROM_ChipInfo_GetHwRevision)
                  00001ce8    00000044     drivers_cc26x2.aem4f : PINCC26XX.oem4f (.text:PIN_swi)
                  00001d2c    00000044     rom_sysbios.aem4f : rom_sysbios.obj (.text:xdc_runtime_SysMin_flush__E)
                  00001d70    00000040     CC26X2R1_LAUNCHXL_fxns.obj (.text:CC26X2R1_LAUNCHXL_shutDownExtFlash)
                  00001db0    00000040     rtsv7M4_T_le_v4SPD16_eabi.lib : u_divt2.asm.obj (.text)
                  00001df0    00000040     rom_sysbios.aem4f : rom_sysbios.obj (.text:ti_sysbios_family_arm_cc26xx_Timer_setThreshold__I)
                  00001e30    0000003e     dpl_cc26x2.aem4f : HwiP_tirtos.oem4f (.text:HwiP_construct)
                  00001e6e    00000002     mutex_pem4f.oem4f (.text:ti_sysbios_BIOS_nullFunc__I)
                  00001e70    0000003c     drivers_cc26x2.aem4f : PINCC26XX.oem4f (.text:PIN_setOutputValue)
                  00001eac    0000003c     dpl_cc26x2.aem4f : SwiP_tirtos.oem4f (.text:SwiP_construct)
                  00001ee8    0000003c     rom_sysbios.aem4f : rom_sysbios.obj (.text:ti_sysbios_family_arm_m3_Hwi_construct2__E)
                  00001f24    00000038     driverlib.lib : osc.obj (.text:NOROM_OSC_HPOSCRelativeFrequencyOffsetGet)
                  00001f5c    00000038     drivers_cc26x2.aem4f : PINCC26XX.oem4f (.text:PIN_setConfig)
                  00001f94    00000038     rtsv7M4_T_le_v4SPD16_eabi.lib : trgmsg.c.obj (.text:__TI_writemsg)
                  00001fcc    00000038     drivers_cc26x2.aem4f : PowerCC26X2.oem4f (.text:notify)
                  00002004    00000038     rom_sysbios.aem4f : rom_sysbios.obj (.text:ti_sysbios_family_arm_cc26xx_Timer_getCurrentTick__E)
                  0000203c    00000036                       : rom_sysbios.obj (.text:ti_sysbios_family_arm_cc26xx_Timer_setNextTick__E)
                  00002072    00000002                       : rom_sysbios.obj (.text:xdc_runtime_SysCallback_defaultAbort)
                  00002074    00000034     driverlib.lib : aux_sysif.obj (.text:NOROM_AUXSYSIFOpModeChange)
                  000020a8    00000034                   : sys_ctrl.obj (.text:NOROM_SysCtrlIdle)
                  000020dc    00000034     drivers_cc26x2.aem4f : PowerCC26X2.oem4f (.text:Power_releaseConstraint)
                  00002110    00000034                          : PowerCC26X2.oem4f (.text:Power_setConstraint)
                  00002144    00000034     rtsv7M4_T_le_v4SPD16_eabi.lib : trgmsg.c.obj (.text:__TI_readmsg)
                  00002178    00000034     rom_sysbios.aem4f : rom_sysbios.obj (.text:xdc_runtime_SysMin_abort__E)
                  000021ac    00000034                       : rom_sysbios.obj (.text:xdc_runtime_SysMin_putch__E)
                  000021e0    00000030     mutex_pem4f.oem4f (.text:ti_sysbios_BIOS_atExitFunc__I)
                  00002210    00000030     mutex_pem4f.oem4f (.text:ti_sysbios_BIOS_startFunc__I)
                  00002240    00000030     rom_sysbios.aem4f : rom_sysbios.obj (.text:ti_sysbios_family_arm_cc26xx_Timer_initDevice__I)
                  00002270    0000002c     dpl_cc26x2.aem4f : SemaphoreP_tirtos.oem4f (.text:SemaphoreP_constructBinary)
                  0000229c    0000002c     rom_sysbios.aem4f : rom_sysbios.obj (.text:ti_sysbios_knl_Clock_getTicksUntilInterrupt__E)
                  000022c8    00000028     driverlib.lib : osc.obj (.text:NOROM_OSCHF_TurnOnXosc)
                  000022f0    00000028     drivers_cc26x2.aem4f : PowerCC26X2.oem4f (.text:oscillatorISR)
                  00002318    00000024                          : PowerCC26X2_calibrateRCOSC.oem4f (.text:getTdcSemaphore)
                  0000233c    00000024     mutex_pem4f.oem4f (.text:ti_sysbios_BIOS_registerRTSLock__I)
                  00002360    00000024     mutex_pem4f.oem4f (.text:ti_sysbios_BIOS_removeRTSLock__I)
                  00002384    00000024     rom_sysbios.aem4f : rom_sysbios.obj (.text:ti_sysbios_family_arm_cc26xx_Timer_getMaxTicks__E)
                  000023a8    00000022     mutex_pem4f.oem4f (.text:xdc_runtime_SysMin_output__I)
                  000023ca    00000002     rom_sysbios.aem4f : rom_sysbios.obj (.text:xdc_runtime_SysCallback_defaultExit)
                  000023cc    00000020     drivers_cc26x2.aem4f : PINCC26XX.oem4f (.text:PINCC26XX_setIoCfgMux)
                  000023ec    00000020     mutex_pem4f.oem4f (.text:ti_sysbios_BIOS_rtsLock__I)
                  0000240c    00000020     rom_sysbios.aem4f : rom_sysbios.obj (.text:ti_sysbios_family_arm_cc26xx_Timer_dynamicStub__E)
                  0000242c    00000020                       : rom_sysbios.obj (.text:xdc_runtime_SysMin_Module_startup__E)
                  0000244c    0000001e     drivers_cc26x2.aem4f : PINCC26XX.oem4f (.text:PIN_close)
                  0000246a    0000001e                          : PowerCC26X2.oem4f (.text:Power_getTransitionLatency)
                  00002488    0000001c     CC26X2R1_LAUNCHXL.obj (.text:CC26X2R1_LAUNCHXL_initGeneral)
                  000024a4    0000001c     driverlib.lib : chipinfo.obj (.text:NOROM_ChipInfo_GetChipFamily)
                  000024c0    0000001c     drivers_cc26x2.aem4f : PINCC26XX.oem4f (.text:PIN_hwi)
                  000024dc    0000001c     dpl_cc26x2.aem4f : PowerCC26X2_tirtos.oem4f (.text:PowerCC26XX_schedulerDisable)
                  000024f8    0000001c                      : PowerCC26X2_tirtos.oem4f (.text:PowerCC26XX_schedulerRestore)
                  00002514    0000001c     rom_sysbios.aem4f : rom_sysbios.obj (.text:ti_sysbios_knl_Swi_construct2__E)
                  00002530    0000001c     mutex_pem4f.oem4f (.text:xdc_runtime_Startup_exec__I)
                  0000254c    0000001c     rom_sysbios.aem4f : rom_sysbios.obj (.text:xdc_runtime_SysMin_exit__E)
                  00002568    0000001a     drivers_cc26x2.aem4f : PowerCC26X2.oem4f (.text:PowerCC26XX_calibrate)
                  00002582    00000002     rom_sysbios.aem4f : rom_sysbios.obj (.text:xdc_runtime_SysCallback_defaultFlush)
                  00002584    00000018     driverlib.lib : chipinfo.obj (.text:NOROM_ChipInfo_GetPackageType)
                  0000259c    00000018     drivers_cc26x2.aem4f : PowerCC26X2.oem4f (.text:Power_idleFunc)
                  000025b4    00000018     rtsv7M4_T_le_v4SPD16_eabi.lib : args_main.c.obj (.text:_args_main)
                  000025cc    00000018                                   : ll_mul_t2.asm.obj (.text)
                  000025e4    00000018     mutex_pem4f.oem4f (.text:ti_sysbios_BIOS_rtsUnlock__I)
                  000025fc    00000018     rom_sysbios.aem4f : rom_sysbios.obj (.text:ti_sysbios_knl_Swi_or__E)
                  00002614    00000018                       : rom_sysbios.obj (.text:xdc_runtime_Error_init__E)
                  0000262c    00000018     mutex_pem4f.oem4f (.text:xdc_runtime_SysMin_Module__startupDone__F)
                  00002644    00000016     driverlib.lib : chipinfo.obj (.text:NOROM_ThisLibraryIsFor_CC13x2_CC26x2_HwRev20AndLater_HaltIfViolated)
                  0000265a    00000016     mutex_pem4f.oem4f (.text:ti_sysbios_BIOS_exitFunc__I)
                  00002670    00000016     mutex.obj (.text:ti_sysbios_knl_Semaphore_Params_init)
                  00002686    00000016     mutex.obj (.text:ti_sysbios_knl_Task_Params_init)
                  0000269c    00000014     drivers_cc26x2.aem4f : PowerCC26X2_calibrateRCOSC.oem4f (.text:PowerCC26X2_calibrate)
                  000026b0    00000014                          : PowerCC26X2.oem4f (.text:configureRFCoreClocks)
                  000026c4    00000014     rom_sysbios.aem4f : rom_sysbios.obj (.text:ti_sysbios_family_arm_cc26xx_Timer_getCount64__E)
                  000026d8    00000014     mutex_pem4f.oem4f (.text:ti_sysbios_knl_Clock_doTick__I)
                  000026ec    00000012     dpl_cc26x2.aem4f : SemaphoreP_tirtos.oem4f (.text:SemaphoreP_pend)
                  000026fe    00000010                      : HwiP_tirtos.oem4f (.text:HwiP_Params_init)
                  0000270e    00000002     rom_sysbios.aem4f : rom_sysbios.obj (.text:xdc_runtime_SysCallback_defaultPutch)
                  00002710    00000010     drivers_cc26x2.aem4f : PINCC26XX.oem4f (.text:PINCC26XX_getPinCount)
                  00002720    00000010     dpl_cc26x2.aem4f : SwiP_tirtos.oem4f (.text:SwiP_Params_init)
                  00002730    00000010     rom_sysbios.aem4f : rom_sysbios.obj (.text:xdc_runtime_SysMin_ready__E)
                  00002740    0000000e     rtsv7M4_T_le_v4SPD16_eabi.lib : copy_decompress_none.c.obj (.text:decompress:none:__TI_decompress_none)
                  0000274e    0000000e     rom_sysbios.aem4f : rom_sysbios.obj (.text:ti_sysbios_family_arm_cc26xx_TimestampProvider_get32__E)
                  0000275c    0000000c     driverlib.lib : cpu.obj (.text:NOROM_CPUcpsid)
                  00002768    0000000c                   : cpu.obj (.text:NOROM_CPUcpsie)
                  00002774    0000000c     drivers_cc26x2.aem4f : PowerCC26X2.oem4f (.text:Power_getConstraintMask)
                  00002780    0000000c                          : PowerCC26X2.oem4f (.text:Power_getDependencyCount)
                  0000278c    0000000c     rtsv7M4_T_le_v4SPD16_eabi.lib : _lock.c.obj (.text:_register_lock)
                  00002798    0000000c                                   : _lock.c.obj (.text:_register_unlock)
                  000027a4    0000000c                                   : copy_zero_init.c.obj (.text:decompress:ZI:__TI_zero_init)
                  000027b0    0000000c     mutex.obj (.text:ti_sysbios_knl_Semaphore_handle)
                  000027bc    0000000c     rom_sysbios.aem4f : rom_sysbios.obj (.text:ti_sysbios_knl_Swi_getTrigger__E)
                  000027c8    0000000a     dpl_cc26x2.aem4f : ClockP_tirtos.oem4f (.text:ClockP_Params_init)
                  000027d2    00000008     CC26X2R1_LAUNCHXL.obj (.text:Board_init)
                  000027da    00000008     CC26X2R1_LAUNCHXL_fxns.obj (.text:Board_initHook)
                  000027e2    00000008     mutex_pem4f.oem4f (.text:xdc_runtime_Text_visitRope__I)
                  000027ea    00000006     driverlib.lib : cpu.obj (.text:NOROM_CPUdelay)
                  000027f0    00000004     dpl_cc26x2.aem4f : PowerCC26X2_tirtos.oem4f (.text:CPUwfi)
                  000027f4    00000004                      : ClockP_tirtos.oem4f (.text:ClockP_start)
                  000027f8    00000004                      : HwiP_tirtos.oem4f (.text:HwiP_disable)
                  000027fc    00000004                      : SemaphoreP_tirtos.oem4f (.text:SemaphoreP_post)
                  00002800    00000004                      : SwiP_tirtos.oem4f (.text:SwiP_disable)
                  00002804    00000004                      : SwiP_tirtos.oem4f (.text:SwiP_getTrigger)
                  00002808    00000004                      : SwiP_tirtos.oem4f (.text:SwiP_or)
                  0000280c    00000004     drivers_cc26x2.aem4f : PowerCC26X2.oem4f (.text:nopResourceHandler)
                  00002810    00000004     rom_sysbios.aem4f : rom_sysbios.obj (.text:ti_sysbios_knl_Semaphore_getCount__E)
                  00002814    00000004     mutex_pem4f.oem4f (.text:xdc_runtime_Startup_reset__I)
                  00002818    00000004     rom_sysbios.aem4f : rom_sysbios.obj (.text:xdc_runtime_SysCallback_defaultReady)
                  0000281c    00000008     (.tramp.ti_sysbios_family_arm_m3_Hwi_disableFxn__E.1)
                  00002824    00000008     (.tramp.ti_sysbios_knl_Clock_logTick__E.1)
                  0000282c    00000008     (.tramp.ti_sysbios_knl_Task_Params__init__S.1)
                  00002834    00000008     (.tramp.ti_sysbios_knl_Swi_post__E.1)
                  0000283c    00000008     (.tramp.ti_sysbios_BIOS_RtsGateProxy_leave__E.1)
                  00002844    00000008     (.tramp.ti_sysbios_knl_Swi_construct.1)
                  0000284c    00000008     (.tramp.ti_sysbios_knl_Task_restore__E.1)
                  00002854    00000008     (.tramp.ti_sysbios_BIOS_RtsGateProxy_enter__E.1)
                  0000285c    00000008     (.tramp.ti_sysbios_knl_Clock_TimerProxy_getCurrentTick__E.1)
                  00002864    00000008     (.tramp.ti_sysbios_knl_Semaphore_Params__init__S.1)
                  0000286c    00000008     (.tramp.ti_sysbios_knl_Task_startup__E.1)
                  00002874    00000008     (.tramp.ti_sysbios_knl_Swi_startup__E.1)
                  0000287c    00000008     (.tramp.ti_sysbios_hal_Hwi_startup__E.1)
                  00002884    00000008     (.tramp.ti_sysbios_family_arm_cc26xx_Timer_startup__E.1)
                  0000288c    00000008     (.tramp.xdc_runtime_System_atexit__E.1)
                  00002894    00000008     (.tramp.ti_sysbios_BIOS_linkedWithIncorrectBootLibrary__E.1)
                  0000289c    00000008     (.tramp.xdc_runtime_Startup_rtsDone__E.1)
                  000028a4    00000008     (.tramp.ti_sysbios_BIOS_setThreadType__E.1)
                  000028ac    00000008     (.tramp.ti_sysbios_knl_Task_disable__E.1)
                  000028b4    00000008     (.tramp.ti_sysbios_knl_Swi_disable__E.1)
                  000028bc    00000008     (.tramp.ti_sysbios_family_arm_m3_Hwi_construct.1)
                  000028c4    00000008     (.tramp.ti_sysbios_knl_Swi_Params__init__S.1)
                  000028cc    00000008     (.tramp.ti_sysbios_family_arm_m3_Hwi_Params__init__S.1)
                  000028d4    00000008     (.tramp.xdc_runtime_Gate_leaveSystem__E.1)
                  000028dc    00000008     (.tramp.xdc_runtime_Gate_enterSystem__E.1)
                  000028e4    00000008     (.tramp.ti_sysbios_knl_Clock_construct.1)
                  000028ec    00000008     (.tramp.ti_sysbios_knl_Clock_Params__init__S.1)
                  000028f4    00000008     (.tramp.xdc_runtime_System_exit__E.1)
                  000028fc    00000008     (.tramp.ti_sysbios_heaps_HeapMem_restore__E.1)
                  00002904    00000008     (.tramp.ti_sysbios_heaps_HeapMem_Object__get__S.1)
                  0000290c    00000008     (.tramp.ti_sysbios_knl_Clock_getTicks__E.1)
                  00002914    00000008     (.tramp.ti_sysbios_BIOS_start__E.1)
                  0000291c    00000008     (.tramp.ti_sysbios_knl_Semaphore_construct.1)
                  00002924    00000008     (.tramp.ti_sysbios_knl_Task_construct.1)
                  0000292c    00000008     (.tramp.ti_sysbios_knl_Clock_stop__E.1)
                  00002934    00000008     (.tramp.ti_sysbios_knl_Clock_start__E.1)
                  0000293c    00000008     (.tramp.ti_sysbios_knl_Clock_setTimeout__E.1)
                  00002944    00000008     (.tramp.ti_sysbios_BIOS_exit__E.1)
                  0000294c    00000008     (.tramp.ti_sysbios_knl_Task_sleep__E.1)
                  00002954    00000008     (.tramp.ti_sysbios_knl_Semaphore_post__E.1)
                  0000295c    00000008     (.tramp.ti_sysbios_knl_Semaphore_pend__E.1)
                  00002964    00000008     (.tramp.xdc_runtime_System_printf__E.1)
                  0000296c    00000008     (.tramp.xdc_runtime_System_doPrint__I.1)
                  00002974    00000008     (.tramp.xdc_runtime_Text_putSite__E.1)
                  0000297c    00000008     (.tramp.xdc_runtime_Text_putLab__E.1)
                  00002984    00000008     (.tramp.ti_sysbios_family_arm_m3_Hwi_restoreFxn__E.1)
                  0000298c    00000008     (.tramp.ti_sysbios_knl_Swi_restore__E.1)

.const     0    00002994    0000056f     
                  00002994    000003b8     mutex_pem4f.oem4f (.const:ROM_constStruct)
                  00002d4c    00000054     drivers_cc26x2.aem4f : PowerCC26X2.oem4f (.const:resourceDB)
                  00002da0    00000048     mutex_pem4f.oem4f (.const:.string)
                  00002de8    00000048     mutex_pem4f.oem4f (.const:ROM_externFuncPtrs)
                  00002e30    0000002c     CC26X2R1_LAUNCHXL.obj (.const:BoardGpioInitTable)
                  00002e5c    00000028     mutex_pem4f.oem4f (.const:xdc_runtime_Startup_sfxnTab__A)
                  00002e84    00000014     CC26X2R1_LAUNCHXL_fxns.obj (.const:$P$T1$2)
                  00002e98    00000014     mutex_pem4f.oem4f (.const:xdc_runtime_Startup_sfxnRts__A)
                  00002eac    00000010     CC26X2R1_LAUNCHXL.obj (.const:PowerCC26X2_config)
                  00002ebc    0000000c     mutex_pem4f.oem4f (.const:xdc_runtime_Startup_firstFxns__A)
                  00002ec8    00000008     driverlib.lib : aux_sysif.obj (.const:$O1$$)
                  00002ed0    00000008     CC26X2R1_LAUNCHXL_fxns.obj (.const:$P$T0$1)
                  00002ed8    00000008     CC26X2R1_LAUNCHXL.obj (.const:PINCC26XX_hwAttrs)
                  00002ee0    00000008     mutex_pem4f.oem4f (.const:ti_sysbios_family_arm_m3_Hwi_excHookFuncs__A)
                  00002ee8    00000004     mutex_pem4f.oem4f (.const:ti_sysbios_heaps_HeapMem_primaryHeapBaseAddr__C)
                  00002eec    00000004     mutex_pem4f.oem4f (.const:ti_sysbios_heaps_HeapMem_primaryHeapEndAddr__C)
                  00002ef0    00000004     mutex_pem4f.oem4f (.const:ti_sysbios_knl_Clock_tickPeriod__C)
                  00002ef4    00000004     mutex_pem4f.oem4f (.const:ti_sysbios_knl_Idle_funcList__A)
                  00002ef8    00000004     mutex_pem4f.oem4f (.const:xdc_runtime_SysMin_bufSize__C)
                  00002efc    00000004     mutex_pem4f.oem4f (.const:xdc_runtime_SysMin_outputFunc__C)
                  00002f00    00000002     mutex_pem4f.oem4f (.const:xdc_runtime_SysMin_flushAtExit__C)
                  00002f02    00000001     mutex_pem4f.oem4f (.const:xdc_runtime_Text_charTab__A)

MODULE SUMMARY

       Module                             code    ro data   rw data
       ------                             ----    -------   -------
    .\
       mutex.obj                          548     0         1228   
       CC26X2R1_LAUNCHXL_fxns.obj         280     28        0      
       CC26X2R1_LAUNCHXL.obj              36      68        0      
       ccfg.obj                           0       88        0      
    +--+----------------------------------+-------+---------+---------+
       Total:                             864     184       1228   
                                                                   
    C:\Users\hukid\workspace_v8\mutex_CC26X2R1_LAUNCHXL_tirtos_ccs\Debug\configPkg\package\cfg\
       mutex_pem4f.oem4f                  706     1263      2310   
    +--+----------------------------------+-------+---------+---------+
       Total:                             706     1263      2310   
                                                                   
    C:/TI/simplelink_cc13x2_26x2_sdk_3_10_00_53/kernel/tirtos/packages/ti/dpl/lib/dpl_cc26x2.aem4f
       PowerCC26X2_tirtos.oem4f           240     0         8      
       ClockP_tirtos.oem4f                94      0         4      
       SwiP_tirtos.oem4f                  88      0         0      
       HwiP_tirtos.oem4f                  82      0         0      
       SemaphoreP_tirtos.oem4f            66      0         0      
    +--+----------------------------------+-------+---------+---------+
       Total:                             570     0         12     
                                                                   
    C:/TI/simplelink_cc13x2_26x2_sdk_3_10_00_53/source/ti/devices/cc13x2_cc26x2/driverlib/bin/ccs/driverlib.lib
       osc.obj                            336     0         28     
       setup.obj                          324     0         0      
       sys_ctrl.obj                       296     0         0      
       chipinfo.obj                       222     0         0      
       aux_sysif.obj                      52      8         0      
       cpu.obj                            30      0         0      
       driverlib_release.obj              0       0         1      
    +--+----------------------------------+-------+---------+---------+
       Total:                             1260    8         29     
                                                                   
    C:/TI/simplelink_cc13x2_26x2_sdk_3_10_00_53/source/ti/drivers/lib/drivers_cc26x2.aem4f
       PowerCC26X2.oem4f                  1822    84        236    
       PINCC26XX.oem4f                    1250    0         276    
       PowerCC26X2_calibrateRCOSC.oem4f   1400    0         0      
    +--+----------------------------------+-------+---------+---------+
       Total:                             4472    84        512    
                                                                   
    C:\TI\ccsv8\tools\compiler\ti-cgt-arm_18.12.1.LTS\lib\rtsv7M4_T_le_v4SPD16_eabi.lib
       trgmsg.c.obj                       108     0         288    
       memcpy_t2.asm.obj                  156     0         0      
       ull_div_t2.asm.obj                 150     0         0      
       memset_t2.asm.obj                  122     0         0      
       copy_decompress_lzss.c.obj         104     0         0      
       hostwrite.c.obj                    88      0         0      
       cpy_tbl.c.obj                      76      0         0      
       u_divt2.asm.obj                    64      0         0      
       _lock.c.obj                        26      0         8      
       args_main.c.obj                    24      0         0      
       ll_mul_t2.asm.obj                  24      0         0      
       copy_decompress_none.c.obj         14      0         0      
       copy_zero_init.c.obj               12      0         0      
       hostopen.c.obj                     0       0         8      
       stkdepth_vars.c.obj                0       0         4      
       div0.asm.obj                       2       0         0      
    +--+----------------------------------+-------+---------+---------+
       Total:                             970     0         308    
                                                                   
    C:\TI\simplelink_cc13x2_26x2_sdk_3_10_00_53\kernel\tirtos\packages\ti\targets\arm\rtsarm\lib\auto_init.aem4f
       auto_init.oem4f                    160     0         0      
    +--+----------------------------------+-------+---------+---------+
       Total:                             160     0         0      
                                                                   
    C:\TI\simplelink_cc13x2_26x2_sdk_3_10_00_53\kernel\tirtos\packages\ti\targets\arm\rtsarm\lib\boot.aem4f
       boot.oem4f                         88      0         0      
    +--+----------------------------------+-------+---------+---------+
       Total:                             88      0         0      
                                                                   
    C:\Users\hukid\workspace_v8\mutex_CC26X2R1_LAUNCHXL_tirtos_ccs\src\sysbios\rom_sysbios.aem4f
       rom_sysbios.obj                    1117    0         0      
    +--+----------------------------------+-------+---------+---------+
       Total:                             1117    0         0      
                                                                   
       Stack:                             0       0         1024   
       Linker Generated:                  376     446       0      
    +--+----------------------------------+-------+---------+---------+
       Grand Total:                       10583   1985      5423   


LINKER GENERATED COPY TABLES

__TI_cinit_table @ 000030a0 records: 5, size/record: 8, table size: 40
	.data: load addr=00002f08, load size=0000016a bytes, run addr=20001d10, run size=00000452 bytes, compression=lzss
	.bss: load addr=00003080, load size=00000008 bytes, run addr=20001110, run size=00000bf9 bytes, compression=zero_init
	.data:xdcRomConstPtr: load addr=00003088, load size=00000008 bytes, run addr=20000100, run size=00000004 bytes, compression=lzss
	.data:xdcRomExternFuncPtr: load addr=00003090, load size=00000008 bytes, run addr=20000104, run size=00000004 bytes, compression=lzss
	.data:xdcRomStatePtr: load addr=00003098, load size=00000008 bytes, run addr=20000108, run size=00000004 bytes, compression=lzss


LINKER GENERATED HANDLER TABLE

__TI_handler_table @ 00003074 records: 3, size/record: 4, table size: 12
	index: 0, handler: __TI_decompress_lzss
	index: 1, handler: __TI_decompress_none
	index: 2, handler: __TI_zero_init


FAR CALL TRAMPOLINES

callee name               trampoline name
   callee addr  tramp addr   call addr  call info
--------------  -----------  ---------  ----------------
ti_sysbios_family_arm_m3_Hwi_disableFxn__E  $Tramp$TT$L$PI$$ti_sysbios_family_arm_m3_Hwi_disableFxn__E
   1002eb55     0000281c     000027f8   dpl_cc26x2.aem4f : HwiP_tirtos.oem4f (.text:HwiP_disable)
ti_sysbios_knl_Clock_logTick__E  $Tramp$TT$L$PI$$ti_sysbios_knl_Clock_logTick__E
   1002dbd7     00002824     000026da   mutex_pem4f.oem4f (.text:ti_sysbios_knl_Clock_doTick__I)
ti_sysbios_knl_Task_Params__init__S  $Tramp$TT$L$PI$$ti_sysbios_knl_Task_Params__init__S
   1002ec09     0000282c     00002696   mutex.obj (.text:ti_sysbios_knl_Task_Params_init)
ti_sysbios_knl_Swi_post__E  $Tramp$TT$L$PI$$ti_sysbios_knl_Swi_post__E
   1002d891     00002834     00002610   rom_sysbios.aem4f : rom_sysbios.obj (.text:ti_sysbios_knl_Swi_or__E)
                             000026e2   mutex_pem4f.oem4f (.text:ti_sysbios_knl_Clock_doTick__I)
ti_sysbios_BIOS_RtsGateProxy_leave__E  $Tramp$TT$L$PI$$ti_sysbios_BIOS_RtsGateProxy_leave__E
   1002ec7b     0000283c     000025f2   mutex_pem4f.oem4f (.text:ti_sysbios_BIOS_rtsUnlock__I)
ti_sysbios_knl_Swi_construct  $Tramp$TT$L$PI$$ti_sysbios_knl_Swi_construct
   1002d719     00002844     0000251a   rom_sysbios.aem4f : rom_sysbios.obj (.text:ti_sysbios_knl_Swi_construct2__E)
ti_sysbios_knl_Task_restore__E  $Tramp$TT$L$PI$$ti_sysbios_knl_Task_restore__E
   1002df45     0000284c     00002506   dpl_cc26x2.aem4f : PowerCC26X2_tirtos.oem4f (.text:PowerCC26XX_schedulerRestore)
ti_sysbios_BIOS_RtsGateProxy_enter__E  $Tramp$TT$L$PI$$ti_sysbios_BIOS_RtsGateProxy_enter__E
   1002ec77     00002854     000023f2   mutex_pem4f.oem4f (.text:ti_sysbios_BIOS_rtsLock__I)
ti_sysbios_knl_Clock_TimerProxy_getCurrentTick__E  $Tramp$TT$L$PI$$ti_sysbios_knl_Clock_TimerProxy_getCurrentTick__E
   1002eac5     0000285c     000022ae   rom_sysbios.aem4f : rom_sysbios.obj (.text:ti_sysbios_knl_Clock_getTicksUntilInterrupt__E)
ti_sysbios_knl_Semaphore_Params__init__S  $Tramp$TT$L$PI$$ti_sysbios_knl_Semaphore_Params__init__S
   1002ebe5     00002864     00002282   dpl_cc26x2.aem4f : SemaphoreP_tirtos.oem4f (.text:SemaphoreP_constructBinary)
                             00002680   mutex.obj (.text:ti_sysbios_knl_Semaphore_Params_init)
ti_sysbios_knl_Task_startup__E  $Tramp$TT$L$PI$$ti_sysbios_knl_Task_startup__E
   1002eceb     0000286c     00002234   mutex_pem4f.oem4f (.text:ti_sysbios_BIOS_startFunc__I)
ti_sysbios_knl_Swi_startup__E  $Tramp$TT$L$PI$$ti_sysbios_knl_Swi_startup__E
   1002ec6b     00002874     00002230   mutex_pem4f.oem4f (.text:ti_sysbios_BIOS_startFunc__I)
ti_sysbios_hal_Hwi_startup__E  $Tramp$TT$L$PI$$ti_sysbios_hal_Hwi_startup__E
   1002ec31     0000287c     0000222c   mutex_pem4f.oem4f (.text:ti_sysbios_BIOS_startFunc__I)
ti_sysbios_family_arm_cc26xx_Timer_startup__E  $Tramp$TT$L$PI$$ti_sysbios_family_arm_cc26xx_Timer_startup__E
   1002dcf1     00002884     00002228   mutex_pem4f.oem4f (.text:ti_sysbios_BIOS_startFunc__I)
xdc_runtime_System_atexit__E  $Tramp$TT$L$PI$$xdc_runtime_System_atexit__E
   1002f559     0000288c     00002220   mutex_pem4f.oem4f (.text:ti_sysbios_BIOS_startFunc__I)
ti_sysbios_BIOS_linkedWithIncorrectBootLibrary__E  $Tramp$TT$L$PI$$ti_sysbios_BIOS_linkedWithIncorrectBootLibrary__E
   1002d01b     00002894     0000221a   mutex_pem4f.oem4f (.text:ti_sysbios_BIOS_startFunc__I)
xdc_runtime_Startup_rtsDone__E  $Tramp$TT$L$PI$$xdc_runtime_Startup_rtsDone__E
   1002f8e5     0000289c     00002212   mutex_pem4f.oem4f (.text:ti_sysbios_BIOS_startFunc__I)
ti_sysbios_BIOS_setThreadType__E  $Tramp$TT$L$PI$$ti_sysbios_BIOS_setThreadType__E
   1002ea11     000028a4     000021ec   mutex_pem4f.oem4f (.text:ti_sysbios_BIOS_atExitFunc__I)
                             00002664   mutex_pem4f.oem4f (.text:ti_sysbios_BIOS_exitFunc__I)
ti_sysbios_knl_Task_disable__E  $Tramp$TT$L$PI$$ti_sysbios_knl_Task_disable__E
   1002ea4d     000028ac     000021e6   mutex_pem4f.oem4f (.text:ti_sysbios_BIOS_atExitFunc__I)
                             000024de   dpl_cc26x2.aem4f : PowerCC26X2_tirtos.oem4f (.text:PowerCC26XX_schedulerDisable)
ti_sysbios_knl_Swi_disable__E  $Tramp$TT$L$PI$$ti_sysbios_knl_Swi_disable__E
   1002ea25     000028b4     000021e2   mutex_pem4f.oem4f (.text:ti_sysbios_BIOS_atExitFunc__I)
                             000024e6   dpl_cc26x2.aem4f : PowerCC26X2_tirtos.oem4f (.text:PowerCC26XX_schedulerDisable)
                             00002800                    : SwiP_tirtos.oem4f (.text:SwiP_disable)
ti_sysbios_family_arm_m3_Hwi_construct  $Tramp$TT$L$PI$$ti_sysbios_family_arm_m3_Hwi_construct
   1002d421     000028bc     00001f02   rom_sysbios.aem4f : rom_sysbios.obj (.text:ti_sysbios_family_arm_m3_Hwi_construct2__E)
ti_sysbios_knl_Swi_Params__init__S  $Tramp$TT$L$PI$$ti_sysbios_knl_Swi_Params__init__S
   1002ebf1     000028c4     00001ec6   dpl_cc26x2.aem4f : SwiP_tirtos.oem4f (.text:SwiP_construct)
ti_sysbios_family_arm_m3_Hwi_Params__init__S  $Tramp$TT$L$PI$$ti_sysbios_family_arm_m3_Hwi_Params__init__S
   1002eb49     000028cc     00001e4c   dpl_cc26x2.aem4f : HwiP_tirtos.oem4f (.text:HwiP_construct)
xdc_runtime_Gate_leaveSystem__E  $Tramp$TT$L$PI$$xdc_runtime_Gate_leaveSystem__E
   1002f90f     000028d4     00001d5c   rom_sysbios.aem4f : rom_sysbios.obj (.text:xdc_runtime_SysMin_flush__E)
                             000021d2                     : rom_sysbios.obj (.text:xdc_runtime_SysMin_putch__E)
xdc_runtime_Gate_enterSystem__E  $Tramp$TT$L$PI$$xdc_runtime_Gate_enterSystem__E
   1002f91b     000028dc     00001d2e   rom_sysbios.aem4f : rom_sysbios.obj (.text:xdc_runtime_SysMin_flush__E)
                             000021b6                     : rom_sysbios.obj (.text:xdc_runtime_SysMin_putch__E)
ti_sysbios_knl_Clock_construct  $Tramp$TT$L$PI$$ti_sysbios_knl_Clock_construct
   1002dd8d     000028e4     00001b12   dpl_cc26x2.aem4f : ClockP_tirtos.oem4f (.text:ClockP_construct)
ti_sysbios_knl_Clock_Params__init__S  $Tramp$TT$L$PI$$ti_sysbios_knl_Clock_Params__init__S
   1002eb9d     000028ec     00001af8   dpl_cc26x2.aem4f : ClockP_tirtos.oem4f (.text:ClockP_construct)
xdc_runtime_System_exit__E  $Tramp$TT$L$PI$$xdc_runtime_System_exit__E
   1002f7b1     000028f4     00001ac4   boot.aem4f : boot.oem4f (.text)
                             0000266a   mutex_pem4f.oem4f (.text:ti_sysbios_BIOS_exitFunc__I)
ti_sysbios_heaps_HeapMem_restore__E  $Tramp$TT$L$PI$$ti_sysbios_heaps_HeapMem_restore__E
   1002eb13     000028fc     00001904   rom_sysbios.aem4f : rom_sysbios.obj (.text:ti_sysbios_heaps_HeapMem_initPrimary__I)
ti_sysbios_heaps_HeapMem_Object__get__S  $Tramp$TT$L$PI$$ti_sysbios_heaps_HeapMem_Object__get__S
   1002e275     00002904     000018cc   rom_sysbios.aem4f : rom_sysbios.obj (.text:ti_sysbios_heaps_HeapMem_initPrimary__I)
ti_sysbios_knl_Clock_getTicks__E  $Tramp$TT$L$PI$$ti_sysbios_knl_Clock_getTicks__E
   1002dc11     0000290c     00001280   mutex.obj (.text:task1Fxn)
                             00001286   mutex.obj (.text:task1Fxn)
ti_sysbios_BIOS_start__E  $Tramp$TT$L$PI$$ti_sysbios_BIOS_start__E
   1002eaa5     00002914     00001058   mutex.obj (.text:main)
ti_sysbios_knl_Semaphore_construct  $Tramp$TT$L$PI$$ti_sysbios_knl_Semaphore_construct
   1002ddc1     0000291c     0000103a   mutex.obj (.text:main)
                             00002292   dpl_cc26x2.aem4f : SemaphoreP_tirtos.oem4f (.text:SemaphoreP_constructBinary)
ti_sysbios_knl_Task_construct  $Tramp$TT$L$PI$$ti_sysbios_knl_Task_construct
   1002d5d9     00002924     00001016   mutex.obj (.text:main)
                             0000102a   mutex.obj (.text:main)
ti_sysbios_knl_Clock_stop__E  $Tramp$TT$L$PI$$ti_sysbios_knl_Clock_stop__E
   1002e2c5     0000292c     00000da2   dpl_cc26x2.aem4f : PowerCC26X2_tirtos.oem4f (.text:PowerCC26XX_standbyPolicy)
ti_sysbios_knl_Clock_start__E  $Tramp$TT$L$PI$$ti_sysbios_knl_Clock_start__E
   1002e9e7     00002934     00000d96   dpl_cc26x2.aem4f : PowerCC26X2_tirtos.oem4f (.text:PowerCC26XX_standbyPolicy)
                             000027f4                    : ClockP_tirtos.oem4f (.text:ClockP_start)
ti_sysbios_knl_Clock_setTimeout__E  $Tramp$TT$L$PI$$ti_sysbios_knl_Clock_setTimeout__E
   1002ecc3     0000293c     00000d90   dpl_cc26x2.aem4f : PowerCC26X2_tirtos.oem4f (.text:PowerCC26XX_standbyPolicy)
ti_sysbios_BIOS_exit__E   $Tramp$TT$L$PI$$ti_sysbios_BIOS_exit__E
   1002ea85     00002944     00000cdc   mutex.obj (.text:task2Fxn)
ti_sysbios_knl_Task_sleep__E  $Tramp$TT$L$PI$$ti_sysbios_knl_Task_sleep__E
   1002ce01     0000294c     00000cc0   mutex.obj (.text:task2Fxn)
                             000012a6   mutex.obj (.text:task1Fxn)
ti_sysbios_knl_Semaphore_post__E  $Tramp$TT$L$PI$$ti_sysbios_knl_Semaphore_post__E
   1002cd21     00002954     00000cb8   mutex.obj (.text:task2Fxn)
                             0000129e   mutex.obj (.text:task1Fxn)
                             000027fc   dpl_cc26x2.aem4f : SemaphoreP_tirtos.oem4f (.text:SemaphoreP_post)
ti_sysbios_knl_Semaphore_pend__E  $Tramp$TT$L$PI$$ti_sysbios_knl_Semaphore_pend__E
   1002bfb1     0000295c     00000ca8   mutex.obj (.text:task2Fxn)
                             0000127c   mutex.obj (.text:task1Fxn)
                             000026ee   dpl_cc26x2.aem4f : SemaphoreP_tirtos.oem4f (.text:SemaphoreP_pend)
xdc_runtime_System_printf__E  $Tramp$TT$L$PI$$xdc_runtime_System_printf__E
   1002f7e9     00002964     00000c8c   mutex.obj (.text:task2Fxn)
                             00000c9c   mutex.obj (.text:task2Fxn)
                             00000cd6   mutex.obj (.text:task2Fxn)
                             00001260   mutex.obj (.text:task1Fxn)
                             00001270   mutex.obj (.text:task1Fxn)
xdc_runtime_System_doPrint__I  $Tramp$TT$L$PI$$xdc_runtime_System_doPrint__I
   1002ecf1     0000296c     000009b6   mutex_pem4f.oem4f (.text:xdc_runtime_System_printfExtend__I)
xdc_runtime_Text_putSite__E  $Tramp$TT$L$PI$$xdc_runtime_Text_putSite__E
   1002f15d     00002974     00000984   mutex_pem4f.oem4f (.text:xdc_runtime_System_printfExtend__I)
xdc_runtime_Text_putLab__E  $Tramp$TT$L$PI$$xdc_runtime_Text_putLab__E
   1002f3c5     0000297c     0000094a   mutex_pem4f.oem4f (.text:xdc_runtime_System_printfExtend__I)
ti_sysbios_family_arm_m3_Hwi_restoreFxn__E  $Tramp$TT$L$PI$$ti_sysbios_family_arm_m3_Hwi_restoreFxn__E
   1002ec47     00002984     000008d6   drivers_cc26x2.aem4f : PINCC26XX.oem4f (.text:PINCC26XX_setIoCfg)
                             00000ba4                        : PowerCC26X2.oem4f (.text:Power_releaseDependency)
                             00000c68                        : PowerCC26X2.oem4f (.text:Power_setDependency)
                             00001a52                        : PowerCC26X2_calibrateRCOSC.oem4f (.text:PowerCC26X2_initiateCalibration)
                             00001c7a                        : PowerCC26X2.oem4f (.text:switchXOSCHF)
                             00002102                        : PowerCC26X2.oem4f (.text:Power_releaseConstraint)
                             00002136                        : PowerCC26X2.oem4f (.text:Power_setConstraint)
ti_sysbios_knl_Swi_restore__E  $Tramp$TT$L$PI$$ti_sysbios_knl_Swi_restore__E
   1002db61     0000298c     0000035e   drivers_cc26x2.aem4f : PowerCC26X2.oem4f (.text:Power_sleep)
                             000024fe   dpl_cc26x2.aem4f : PowerCC26X2_tirtos.oem4f (.text:PowerCC26XX_schedulerRestore)

[47 trampolines]
[76 trampoline calls]


GLOBAL SYMBOLS: SORTED ALPHABETICALLY BY Name 

address   name                                                               
-------   ----                                                               
00002e30  BoardGpioInitTable                                                 
000027d3  Board_init                                                         
000027db  Board_initHook                                                     
00001fc3  C$$IO$$                                                            
00002489  CC26X2R1_LAUNCHXL_initGeneral                                      
00001509  CC26X2R1_LAUNCHXL_sendExtFlashByte                                 
00001d71  CC26X2R1_LAUNCHXL_shutDownExtFlash                                 
00001b7d  CC26X2R1_LAUNCHXL_wakeUpExtFlash                                   
000027c9  ClockP_Params_init                                                 
00001add  ClockP_construct                                                   
1002dc11  ClockP_getSystemTicks                                              
000027f5  ClockP_start                                                       
20001cf4  ClockP_tickPeriod                                                  
00001000  HEAPSIZE                                                           
000019d5  HOSTwrite                                                          
000026ff  HwiP_Params_init                                                   
00001e31  HwiP_construct                                                     
000027f9  HwiP_disable                                                       
1002ec47  HwiP_restore                                                       
00002075  NOROM_AUXSYSIFOpModeChange                                         
0000275d  NOROM_CPUcpsid                                                     
00002769  NOROM_CPUcpsie                                                     
000027eb  NOROM_CPUdelay                                                     
000024a5  NOROM_ChipInfo_GetChipFamily                                       
00001b2d  NOROM_ChipInfo_GetChipType                                         
00001ca5  NOROM_ChipInfo_GetHwRevision                                       
00002585  NOROM_ChipInfo_GetPackageType                                      
000012e9  NOROM_OSCHF_AttemptToSwitchToXosc                                  
000017e9  NOROM_OSCHF_SwitchToRcOscTurnOffXosc                               
000022c9  NOROM_OSCHF_TurnOnXosc                                             
00001f25  NOROM_OSC_HPOSCRelativeFrequencyOffsetGet                          
00001129  NOROM_SetupTrimDevice                                              
000020a9  NOROM_SysCtrlIdle                                                  
00000a05  NOROM_SysCtrlStandby                                               
00002645  NOROM_ThisLibraryIsFor_CC13x2_CC26x2_HwRev20AndLater_HaltIfViolated
00002711  PINCC26XX_getPinCount                                              
00002ed8  PINCC26XX_hwAttrs                                                  
0000244d  PIN_close                                                          
0000003d  PIN_init                                                           
00000df9  PIN_open                                                           
0000191d  PIN_remove                                                         
00001f5d  PIN_setConfig                                                      
00001e71  PIN_setOutputValue                                                 
00001c15  PowerCC26X2_RCOSC_clockFunc                                        
00001705  PowerCC26X2_auxISR                                                 
0000269d  PowerCC26X2_calibrate                                              
00002eac  PowerCC26X2_config                                                 
00001a2d  PowerCC26X2_initiateCalibration                                    
20001e1c  PowerCC26X2_module                                                 
00002569  PowerCC26XX_calibrate                                              
000024dd  PowerCC26XX_schedulerDisable                                       
000024f9  PowerCC26XX_schedulerRestore                                       
00000d45  PowerCC26XX_standbyPolicy                                          
20001cf8  PowerCC26XX_swiKey                                                 
20001cfc  PowerCC26XX_taskKey                                                
00002775  Power_getConstraintMask                                            
00002781  Power_getDependencyCount                                           
0000246b  Power_getTransitionLatency                                         
0000259d  Power_idleFunc                                                     
000006c5  Power_init                                                         
000020dd  Power_releaseConstraint                                            
00000af9  Power_releaseDependency                                            
00002111  Power_setConstraint                                                
00000bc1  Power_setDependency                                                
000001fd  Power_sleep                                                        
00002994  ROM_constStruct                                                    
00002de8  ROM_externFuncPtrs                                                 
20001d10  ROM_stateStruct                                                    
00001a85  ResetISR                                                           
UNDEFED   SHT$$INIT_ARRAY$$Base                                              
UNDEFED   SHT$$INIT_ARRAY$$Limit                                             
00002271  SemaphoreP_constructBinary                                         
000026ed  SemaphoreP_pend                                                    
000027fd  SemaphoreP_post                                                    
00002721  SwiP_Params_init                                                   
00001ead  SwiP_construct                                                     
00002801  SwiP_disable                                                       
00002805  SwiP_getTrigger                                                    
00002809  SwiP_or                                                            
1002db61  SwiP_restore                                                       
00000000  __ASM__                                                            
20001910  __CIOBUF_                                                          
00000075  __ISA__                                                            
00000088  __PLAT__                                                           
20014000  __STACK_END                                                        
00000400  __STACK_SIZE                                                       
000000af  __TARG__                                                           
000030a0  __TI_CINIT_Base                                                    
000030c8  __TI_CINIT_Limit                                                   
00003074  __TI_Handler_Table_Base                                            
00003080  __TI_Handler_Table_Limit                                           
00000f51  __TI_auto_init                                                     
00001851  __TI_decompress_lzss                                               
00002741  __TI_decompress_none                                               
ffffffff  __TI_pprof_out_hndl                                                
ffffffff  __TI_prof_data_size                                                
ffffffff  __TI_prof_data_start                                               
00002145  __TI_readmsg                                                       
00000000  __TI_static_base__                                                 
00001f95  __TI_writemsg                                                      
000027a5  __TI_zero_init                                                     
000000d5  __TRDR__                                                           
000017e7  __aeabi_idiv0                                                      
000017e7  __aeabi_ldiv0                                                      
000025cd  __aeabi_lmul                                                       
00001689  __aeabi_memclr                                                     
00001689  __aeabi_memclr4                                                    
00001689  __aeabi_memclr8                                                    
0000108d  __aeabi_memcpy                                                     
0000108d  __aeabi_memcpy4                                                    
0000108d  __aeabi_memcpy8                                                    
0000168b  __aeabi_memset                                                     
0000168b  __aeabi_memset4                                                    
0000168b  __aeabi_memset8                                                    
00001db1  __aeabi_uidiv                                                      
00001db1  __aeabi_uidivmod                                                   
000011c1  __aeabi_uldivmod                                                   
ffffffff  __binit__                                                          
ffffffff  __c_args__                                                         
00057fa8  __ccfg                                                             
20001110  __primary_heap_end__                                               
20000110  __primary_heap_start__                                             
20013c00  __stack                                                            
000025b5  _args_main                                                         
00001a85  _c_int00                                                           
200020d4  _lock                                                              
00001257  _nop                                                               
0000278d  _register_lock                                                     
00002799  _register_unlock                                                   
200020d8  _unlock                                                            
ffffffff  binit                                                              
00001bc9  copy_in                                                            
20001d08  driverlib_release_0_54539                                          
200020e8  finishCount                                                        
00000ff1  main                                                               
20001f54  main_func_sp                                                       
0000108d  memcpy                                                             
00001691  memset                                                             
20001ce8  parmbuf                                                            
20001b08  pinHandleTable                                                     
200020e0  pinLowerBound                                                      
200020dc  pinUpperBound                                                      
200020e4  resource                                                           
00002d4c  resourceDB                                                         
20001d00  semHandle                                                          
20001ccc  semStruct                                                          
20001d04  sleepTickCount                                                     
1002fddb  strlen                                                             
00001259  task1Fxn                                                           
20001310  task1Stack                                                         
20001b84  task1Struct                                                        
00000c85  task2Fxn                                                           
20001510  task2Stack                                                         
20001bd4  task2Struct                                                        
20001d50  ti_sysbios_BIOS_Module__state__V                                   
1002e4e1  ti_sysbios_BIOS_RtsGateProxy_Handle__label__S                      
1002eb79  ti_sysbios_BIOS_RtsGateProxy_Params__init__S                       
1002ec77  ti_sysbios_BIOS_RtsGateProxy_enter__E                              
1002ec7b  ti_sysbios_BIOS_RtsGateProxy_leave__E                              
1002ec9b  ti_sysbios_BIOS_RtsGateProxy_query__E                              
1002ec9b  ti_sysbios_BIOS_RtsGateProxy_query__E                              
000021e1  ti_sysbios_BIOS_atExitFunc__I                                      
0000265b  ti_sysbios_BIOS_exitFunc__I                                        
1002ea85  ti_sysbios_BIOS_exit__E                                            
1002e9fd  ti_sysbios_BIOS_getCpuFreq__E                                      
1002ea95  ti_sysbios_BIOS_getThreadType__E                                   
1002d01b  ti_sysbios_BIOS_linkedWithIncorrectBootLibrary__E                  
00001e6f  ti_sysbios_BIOS_nullFunc__I                                        
0000233d  ti_sysbios_BIOS_registerRTSLock__I                                 
00002361  ti_sysbios_BIOS_removeRTSLock__I                                   
000023ed  ti_sysbios_BIOS_rtsLock__I                                         
000025e5  ti_sysbios_BIOS_rtsUnlock__I                                       
1002ea11  ti_sysbios_BIOS_setThreadType__E                                   
00002211  ti_sysbios_BIOS_startFunc__I                                       
1002eaa5  ti_sysbios_BIOS_start__E                                           
00001129  ti_sysbios_family_arm_cc26xx_Boot_trimDevice                       
00002a7e  ti_sysbios_family_arm_cc26xx_Timer_Module__id__C                   
1002e15d  ti_sysbios_family_arm_cc26xx_Timer_Module__startupDone__S          
20001e14  ti_sysbios_family_arm_cc26xx_Timer_Module__state__V                
1002dfa5  ti_sysbios_family_arm_cc26xx_Timer_Module_startup__E               
20001f58  ti_sysbios_family_arm_cc26xx_Timer_Object__table__V                
0000240d  ti_sysbios_family_arm_cc26xx_Timer_dynamicStub__E                  
00002ab4  ti_sysbios_family_arm_cc26xx_Timer_funcHookCH1__C                  
00002b14  ti_sysbios_family_arm_cc26xx_Timer_funcHookCH2__C                  
000026c5  ti_sysbios_family_arm_cc26xx_Timer_getCount64__E                   
00002005  ti_sysbios_family_arm_cc26xx_Timer_getCurrentTick__E               
1002ec7f  ti_sysbios_family_arm_cc26xx_Timer_getExpiredTicks__E              
00002385  ti_sysbios_family_arm_cc26xx_Timer_getMaxTicks__E                  
1002ec83  ti_sysbios_family_arm_cc26xx_Timer_getPeriod__E                    
00002241  ti_sysbios_family_arm_cc26xx_Timer_initDevice__I                   
1002c709  ti_sysbios_family_arm_cc26xx_Timer_periodicStub__E                 
1002dfd1  ti_sysbios_family_arm_cc26xx_Timer_postInit__I                     
0000203d  ti_sysbios_family_arm_cc26xx_Timer_setNextTick__E                  
1002ec87  ti_sysbios_family_arm_cc26xx_Timer_setPeriod__E                    
00001df1  ti_sysbios_family_arm_cc26xx_Timer_setThreshold__I                 
0000158d  ti_sysbios_family_arm_cc26xx_Timer_start__E                        
00002aec  ti_sysbios_family_arm_cc26xx_Timer_startupNeeded__C                
1002dcf1  ti_sysbios_family_arm_cc26xx_Timer_startup__E                      
20001d3c  ti_sysbios_family_arm_cc26xx_TimestampProvider_Module__state__V    
1002e42d  ti_sysbios_family_arm_cc26xx_TimestampProvider_Module_startup__E   
0000274f  ti_sysbios_family_arm_cc26xx_TimestampProvider_get32__E            
1002dffd  ti_sysbios_family_arm_cc26xx_TimestampProvider_get64__E            
1002eb3d  ti_sysbios_family_arm_cc26xx_TimestampProvider_getFreq__E          
00002c8c  ti_sysbios_family_arm_cc26xx_TimestampProvider_useClockTimer__C    
00002b18  ti_sysbios_family_arm_m3_Hwi_E_NMI__C                              
00002c1c  ti_sysbios_family_arm_m3_Hwi_E_alreadyDefined__C                   
00002b7c  ti_sysbios_family_arm_m3_Hwi_E_busFault__C                         
00002ca4  ti_sysbios_family_arm_m3_Hwi_E_debugMon__C                         
00002c98  ti_sysbios_family_arm_m3_Hwi_E_hardFault__C                        
00002cc0  ti_sysbios_family_arm_m3_Hwi_E_hwiLimitExceeded__C                 
00002d14  ti_sysbios_family_arm_m3_Hwi_E_memFault__C                         
00002af0  ti_sysbios_family_arm_m3_Hwi_E_noIsr__C                            
00002abc  ti_sysbios_family_arm_m3_Hwi_E_reserved__C                         
00002ca8  ti_sysbios_family_arm_m3_Hwi_E_svCall__C                           
00002d04  ti_sysbios_family_arm_m3_Hwi_E_usageFault__C                       
1002e451  ti_sysbios_family_arm_m3_Hwi_Handle__label__S                      
1002ce71  ti_sysbios_family_arm_m3_Hwi_Instance_finalize__E                  
1002c79d  ti_sysbios_family_arm_m3_Hwi_Instance_init__E                      
20002160  ti_sysbios_family_arm_m3_Hwi_Module_State_0_excActive__A           
20002154  ti_sysbios_family_arm_m3_Hwi_Module_State_0_excContext__A          
20002158  ti_sysbios_family_arm_m3_Hwi_Module_State_0_excStack__A            
00002a7c  ti_sysbios_family_arm_m3_Hwi_Module__id__C                         
200020ec  ti_sysbios_family_arm_m3_Hwi_Module__root__V                       
1002e185  ti_sysbios_family_arm_m3_Hwi_Module__startupDone__S                
20001de0  ti_sysbios_family_arm_m3_Hwi_Module__state__V                      
1002d3c9  ti_sysbios_family_arm_m3_Hwi_Module_startup__E                     
00002ad4  ti_sysbios_family_arm_m3_Hwi_NUM_INTERRUPTS__C                     
00002cd0  ti_sysbios_family_arm_m3_Hwi_Object__DESC__C                       
1002fc10  ti_sysbios_family_arm_m3_Hwi_Object__PARAMS__C                     
00002cf4  ti_sysbios_family_arm_m3_Hwi_Object__count__C                      
1002e1ad  ti_sysbios_family_arm_m3_Hwi_Object__delete__S                     
1002e1d5  ti_sysbios_family_arm_m3_Hwi_Object__get__S                        
00002a84  ti_sysbios_family_arm_m3_Hwi_Object__table__C                      
20002098  ti_sysbios_family_arm_m3_Hwi_Object__table__V                      
1002eb49  ti_sysbios_family_arm_m3_Hwi_Params__init__S                       
00002d08  ti_sysbios_family_arm_m3_Hwi_ccr__C                                
1002d421  ti_sysbios_family_arm_m3_Hwi_construct                             
00001ee9  ti_sysbios_family_arm_m3_Hwi_construct2__E                         
1002d1a1  ti_sysbios_family_arm_m3_Hwi_create                                
1002ec8b  ti_sysbios_family_arm_m3_Hwi_delete                                
1002e475  ti_sysbios_family_arm_m3_Hwi_destruct                              
1002eb55  ti_sysbios_family_arm_m3_Hwi_disableFxn__E                         
1002d8d9  ti_sysbios_family_arm_m3_Hwi_disableInterrupt__E                   
1002cedd  ti_sysbios_family_arm_m3_Hwi_dispatchC__I                          
20001a30  ti_sysbios_family_arm_m3_Hwi_dispatchTable                         
1002f931  ti_sysbios_family_arm_m3_Hwi_dispatch__I                           
1002ec29  ti_sysbios_family_arm_m3_Hwi_doSwiRestore__I                       
1002ec41  ti_sysbios_family_arm_m3_Hwi_doTaskRestore__I                      
1002eb61  ti_sysbios_family_arm_m3_Hwi_enableFxn__E                          
1002d91d  ti_sysbios_family_arm_m3_Hwi_enableInterrupt__E                    
1002b82d  ti_sysbios_family_arm_m3_Hwi_excBusFault__I                        
1002c31d  ti_sysbios_family_arm_m3_Hwi_excDebugMon__I                        
1002b405  ti_sysbios_family_arm_m3_Hwi_excDumpRegs__I                        
1002bda9  ti_sysbios_family_arm_m3_Hwi_excFillContext__I                     
1002fb39  ti_sysbios_family_arm_m3_Hwi_excHandlerAsm__I                      
00002b50  ti_sysbios_family_arm_m3_Hwi_excHandlerFunc__C                     
1002beb5  ti_sysbios_family_arm_m3_Hwi_excHandlerMax__I                      
1002ddf5  ti_sysbios_family_arm_m3_Hwi_excHandler__I                         
1002c185  ti_sysbios_family_arm_m3_Hwi_excHardFault__I                       
00002ee0  ti_sysbios_family_arm_m3_Hwi_excHookFuncs__A                       
000029c4  ti_sysbios_family_arm_m3_Hwi_excHookFuncs__C                       
1002bc61  ti_sysbios_family_arm_m3_Hwi_excMemFault__I                        
1002da71  ti_sysbios_family_arm_m3_Hwi_excNmi__I                             
1002d961  ti_sysbios_family_arm_m3_Hwi_excNoIsr__I                           
1002d62d  ti_sysbios_family_arm_m3_Hwi_excReserved__I                        
1002d9a5  ti_sysbios_family_arm_m3_Hwi_excSvCall__I                          
1002b9a1  ti_sysbios_family_arm_m3_Hwi_excUsageFault__I                      
1002daad  ti_sysbios_family_arm_m3_Hwi_getHandle__E                          
1002d9e9  ti_sysbios_family_arm_m3_Hwi_getStackInfo__E                       
1002c831  ti_sysbios_family_arm_m3_Hwi_initNVIC__E                           
1002fab9  ti_sysbios_family_arm_m3_Hwi_initStacks__E                         
1002fa11  ti_sysbios_family_arm_m3_Hwi_interruptsAreDisabledButShouldNotBe   
00002bb0  ti_sysbios_family_arm_m3_Hwi_nullIsrFunc__C                        
00002c84  ti_sysbios_family_arm_m3_Hwi_numSparseInterrupts__C                
e000e000  ti_sysbios_family_arm_m3_Hwi_nvic                                  
1002fb11  ti_sysbios_family_arm_m3_Hwi_pendSV__I                             
1002e8fd  ti_sysbios_family_arm_m3_Hwi_plug__E                               
1002c3d9  ti_sysbios_family_arm_m3_Hwi_postInit__I                           
00002c14  ti_sysbios_family_arm_m3_Hwi_priGroup__C                           
20000000  ti_sysbios_family_arm_m3_Hwi_ramVectors                            
00000000  ti_sysbios_family_arm_m3_Hwi_resetVectors                          
1002ec47  ti_sysbios_family_arm_m3_Hwi_restoreFxn__E                         
1002fb35  ti_sysbios_family_arm_m3_Hwi_return                                
1002e919  ti_sysbios_family_arm_m3_Hwi_setPriority__E                        
1002ec31  ti_sysbios_family_arm_m3_Hwi_startup__E                            
1002e935  ti_sysbios_family_arm_m3_Hwi_switchFromBootStack__E                
1002ec8f  ti_sysbios_family_arm_m3_TaskSupport_Module__startupDone__S        
1002fa2d  ti_sysbios_family_arm_m3_TaskSupport_buildTaskStack                
1002eab5  ti_sysbios_family_arm_m3_TaskSupport_getStackAlignment__E          
1002fb8f  ti_sysbios_family_arm_m3_TaskSupport_glue                          
00002ad0  ti_sysbios_family_arm_m3_TaskSupport_stackAlignment__C             
1002dae9  ti_sysbios_family_arm_m3_TaskSupport_start__E                      
1002fb77  ti_sysbios_family_arm_m3_TaskSupport_swap__E                       
1002fb59  ti_sysbios_family_xxx_Hwi_switchAndRunFunc                         
1002e499  ti_sysbios_gates_GateHwi_Handle__label__S                          
1002d5d7  ti_sysbios_gates_GateHwi_Instance_init__E                          
00002bd0  ti_sysbios_gates_GateHwi_Module__FXNS__C                           
00002b40  ti_sysbios_gates_GateHwi_Module__id__C                             
200020f4  ti_sysbios_gates_GateHwi_Module__root__V                           
00002c5c  ti_sysbios_gates_GateHwi_Object__DESC__C                           
1002fd00  ti_sysbios_gates_GateHwi_Object__PARAMS__C                         
1002e029  ti_sysbios_gates_GateHwi_Object__create__S                         
1002e4bd  ti_sysbios_gates_GateHwi_Object__delete__S                         
1002eb6d  ti_sysbios_gates_GateHwi_enter__E                                  
1002ec4d  ti_sysbios_gates_GateHwi_leave__E                                  
1002ec93  ti_sysbios_gates_GateHwi_query__E                                  
1002e4e1  ti_sysbios_gates_GateMutex_Handle__label__S                        
000029ec  ti_sysbios_gates_GateMutex_Instance_State_sem__O                   
1002ec53  ti_sysbios_gates_GateMutex_Instance_finalize__E                    
1002e9bb  ti_sysbios_gates_GateMutex_Instance_init__E                        
00002a54  ti_sysbios_gates_GateMutex_Module__FXNS__C                         
00002bb6  ti_sysbios_gates_GateMutex_Module__id__C                           
200020fc  ti_sysbios_gates_GateMutex_Module__root__V                         
000029c8  ti_sysbios_gates_GateMutex_Object__DESC__C                         
1002fd18  ti_sysbios_gates_GateMutex_Object__PARAMS__C                       
1002de25  ti_sysbios_gates_GateMutex_Object__create__S                       
1002e1fd  ti_sysbios_gates_GateMutex_Object__delete__S                       
20001fa0  ti_sysbios_gates_GateMutex_Object__table__V                        
1002eb79  ti_sysbios_gates_GateMutex_Params__init__S                         
1002e055  ti_sysbios_gates_GateMutex_construct                               
1002de55  ti_sysbios_gates_GateMutex_create                                  
1002ec97  ti_sysbios_gates_GateMutex_delete                                  
1002e505  ti_sysbios_gates_GateMutex_destruct                                
1002e225  ti_sysbios_gates_GateMutex_enter__E                                
1002eb05  ti_sysbios_gates_GateMutex_leave__E                                
1002ec9b  ti_sysbios_gates_GateMutex_query__E                                
1002e451  ti_sysbios_hal_Hwi_HwiProxy_Handle__label__S                       
1002e185  ti_sysbios_hal_Hwi_HwiProxy_Module__startupDone__S                 
1002eb49  ti_sysbios_hal_Hwi_HwiProxy_Params__init__S                        
1002ec9f  ti_sysbios_hal_Hwi_HwiProxy_create                                 
1002eca3  ti_sysbios_hal_Hwi_HwiProxy_delete                                 
1002d8d9  ti_sysbios_hal_Hwi_HwiProxy_disableInterrupt__E                    
1002d8d9  ti_sysbios_hal_Hwi_HwiProxy_disableInterrupt__E                    
1002d91d  ti_sysbios_hal_Hwi_HwiProxy_enableInterrupt__E                     
1002d91d  ti_sysbios_hal_Hwi_HwiProxy_enableInterrupt__E                     
1002d9e9  ti_sysbios_hal_Hwi_HwiProxy_getStackInfo__E                        
1002d9e9  ti_sysbios_hal_Hwi_HwiProxy_getStackInfo__E                        
1002ec31  ti_sysbios_hal_Hwi_HwiProxy_startup__E                             
1002ec31  ti_sysbios_hal_Hwi_HwiProxy_startup__E                             
1002e935  ti_sysbios_hal_Hwi_HwiProxy_switchFromBootStack__E                 
1002e935  ti_sysbios_hal_Hwi_HwiProxy_switchFromBootStack__E                 
1002ec15  ti_sysbios_hal_Hwi_Instance_finalize__E                            
1002e8dd  ti_sysbios_hal_Hwi_Instance_init__E                                
20002104  ti_sysbios_hal_Hwi_Module__root__V                                 
1002ea61  ti_sysbios_hal_Hwi_Module_startup__E                               
00002bf4  ti_sysbios_hal_Hwi_Object__DESC__C                                 
1002fc40  ti_sysbios_hal_Hwi_Object__PARAMS__C                               
1002e24d  ti_sysbios_hal_Hwi_Object__delete__S                               
1002d1fd  ti_sysbios_hal_Hwi_create                                          
1002eca7  ti_sysbios_hal_Hwi_delete                                          
1002d8d9  ti_sysbios_hal_Hwi_disableInterrupt__E                             
1002d8d9  ti_sysbios_hal_Hwi_disableInterrupt__E                             
1002d91d  ti_sysbios_hal_Hwi_enableInterrupt__E                              
1002d91d  ti_sysbios_hal_Hwi_enableInterrupt__E                              
1002d9e9  ti_sysbios_hal_Hwi_getStackInfo__E                                 
1002d9e9  ti_sysbios_hal_Hwi_getStackInfo__E                                 
1002df75  ti_sysbios_hal_Hwi_initStack                                       
1002ec31  ti_sysbios_hal_Hwi_startup__E                                      
1002ec31  ti_sysbios_hal_Hwi_startup__E                                      
1002e935  ti_sysbios_hal_Hwi_switchFromBootStack__E                          
1002e935  ti_sysbios_hal_Hwi_switchFromBootStack__E                          
00002d10  ti_sysbios_heaps_HeapMem_E_memory__C                               
1002e529  ti_sysbios_heaps_HeapMem_Handle__label__S                          
1002d849  ti_sysbios_heaps_HeapMem_Instance_init__E                          
1002e4e1  ti_sysbios_heaps_HeapMem_Module_GateProxy_Handle__label__S         
[...]
1002eb05  ti_sysbios_gates_GateMutex_leave__E                                
1002eb13  ti_sysbios_heaps_HeapMem_restore__E                                
1002eb21  ti_sysbios_knl_Queue_empty__E                                      
1002eb2f  ti_sysbios_knl_Queue_remove__E                                     
1002eb3d  ti_sysbios_family_arm_cc26xx_TimestampProvider_getFreq__E          
1002eb3d  xdc_runtime_Timestamp_SupportProxy_getFreq__E                      
1002eb3d  xdc_runtime_Timestamp_SupportProxy_getFreq__E                      
1002eb3d  xdc_runtime_Timestamp_getFreq__E                                   
1002eb3d  xdc_runtime_Timestamp_getFreq__E                                   
1002eb49  ti_sysbios_family_arm_m3_Hwi_Params__init__S                       
1002eb49  ti_sysbios_hal_Hwi_HwiProxy_Params__init__S                        
1002eb55  ti_sysbios_family_arm_m3_Hwi_disableFxn__E                         
1002eb61  ti_sysbios_family_arm_m3_Hwi_enableFxn__E                          
1002eb6d  ti_sysbios_gates_GateHwi_enter__E                                  
1002eb79  ti_sysbios_BIOS_RtsGateProxy_Params__init__S                       
1002eb79  ti_sysbios_gates_GateMutex_Params__init__S                         
1002eb79  ti_sysbios_heaps_HeapMem_Module_GateProxy_Params__init__S          
1002eb85  ti_sysbios_heaps_HeapTrack_Params__init__S                         
1002eb91  ti_sysbios_heaps_HeapTrack_isBlocking__E                           
1002eb9d  ti_sysbios_knl_Clock_Params__init__S                               
1002eba9  ti_sysbios_knl_Clock_getTimerHandle__E                             
1002ebb5  ti_sysbios_knl_Event_Params__init__S                               
1002ebc1  ti_sysbios_knl_Mailbox_Params__init__S                             
1002ebcd  ti_sysbios_knl_Queue_dequeue__E                                    
1002ebd9  ti_sysbios_knl_Queue_enqueue__E                                    
1002ebe5  ti_sysbios_knl_Semaphore_Params__init__S                           
1002ebf1  ti_sysbios_knl_Swi_Params__init__S                                 
1002ebfd  ti_sysbios_knl_Swi_self__E                                         
1002ec09  ti_sysbios_knl_Task_Params__init__S                                
1002ec15  ti_sysbios_hal_Hwi_Instance_finalize__E                            
1002ec1f  ti_sysbios_knl_Event_Instance_init__E                              
1002ec29  ti_sysbios_family_arm_m3_Hwi_doSwiRestore__I                       
1002ec31  ti_sysbios_family_arm_m3_Hwi_startup__E                            
1002ec31  ti_sysbios_hal_Hwi_HwiProxy_startup__E                             
1002ec31  ti_sysbios_hal_Hwi_HwiProxy_startup__E                             
1002ec31  ti_sysbios_hal_Hwi_startup__E                                      
1002ec31  ti_sysbios_hal_Hwi_startup__E                                      
1002ec39  ti_sysbios_knl_Idle_loop__E                                        
1002ec41  ti_sysbios_family_arm_m3_Hwi_doTaskRestore__I                      
1002ec47  HwiP_restore                                                       
1002ec47  ti_sysbios_family_arm_m3_Hwi_restoreFxn__E                         
1002ec4d  ti_sysbios_gates_GateHwi_leave__E                                  
1002ec53  ti_sysbios_gates_GateMutex_Instance_finalize__E                    
1002ec59  ti_sysbios_heaps_HeapMem_isBlocking__E                             
1002ec5f  ti_sysbios_knl_Queue_Instance_init__E                              
1002ec65  ti_sysbios_knl_Queue_elemClear__E                                  
1002ec6b  ti_sysbios_knl_Swi_startup__E                                      
1002ec71  ti_sysbios_knl_Task_enable__E                                      
1002ec77  ti_sysbios_BIOS_RtsGateProxy_enter__E                              
1002ec7b  ti_sysbios_BIOS_RtsGateProxy_leave__E                              
1002ec7f  ti_sysbios_family_arm_cc26xx_Timer_getExpiredTicks__E              
1002ec83  ti_sysbios_family_arm_cc26xx_Timer_getPeriod__E                    
1002ec87  ti_sysbios_family_arm_cc26xx_Timer_setPeriod__E                    
1002ec8b  ti_sysbios_family_arm_m3_Hwi_delete                                
1002ec8f  ti_sysbios_family_arm_m3_TaskSupport_Module__startupDone__S        
1002ec8f  ti_sysbios_knl_Task_SupportProxy_Module__startupDone__S            
1002ec93  ti_sysbios_gates_GateHwi_query__E                                  
1002ec93  xdc_runtime_Main_Module_GateProxy_query__E                         
1002ec93  xdc_runtime_System_Module_GateProxy_query__E                       
1002ec93  xdc_runtime_System_Module_GateProxy_query__E                       
1002ec97  ti_sysbios_gates_GateMutex_delete                                  
1002ec9b  ti_sysbios_BIOS_RtsGateProxy_query__E                              
1002ec9b  ti_sysbios_BIOS_RtsGateProxy_query__E                              
1002ec9b  ti_sysbios_gates_GateMutex_query__E                                
1002ec9b  ti_sysbios_heaps_HeapMem_Module_GateProxy_query__E                 
1002ec9b  ti_sysbios_heaps_HeapMem_Module_GateProxy_query__E                 
1002ec9f  ti_sysbios_hal_Hwi_HwiProxy_create                                 
1002eca3  ti_sysbios_hal_Hwi_HwiProxy_delete                                 
1002eca7  ti_sysbios_hal_Hwi_delete                                          
1002ecab  ti_sysbios_heaps_HeapMem_Module_GateProxy_enter__E                 
1002ecaf  ti_sysbios_heaps_HeapMem_Module_GateProxy_leave__E                 
1002ecb3  ti_sysbios_knl_Clock_TimerProxy_getExpiredTicks__E                 
1002ecb7  ti_sysbios_knl_Clock_TimerProxy_getPeriod__E                       
1002ecbb  ti_sysbios_knl_Clock_delete                                        
1002ecbf  ti_sysbios_knl_Clock_removeI__E                                    
1002ecc3  ti_sysbios_knl_Clock_setTimeout__E                                 
1002ecc7  ti_sysbios_knl_Event_delete                                        
1002eccb  ti_sysbios_knl_Mailbox_delete                                      
1002eccf  ti_sysbios_knl_Queue_delete                                        
1002ecd3  ti_sysbios_knl_Queue_head__E                                       
1002ecd7  ti_sysbios_knl_Queue_next__E                                       
1002ecdb  ti_sysbios_knl_Semaphore_delete                                    
1002ecdf  ti_sysbios_knl_Swi_delete                                          
1002ece3  ti_sysbios_knl_Swi_postInit__I                                     
1002ece7  ti_sysbios_knl_Task_delete                                         
1002eceb  ti_sysbios_knl_Task_startup__E                                     
1002ecf1  xdc_runtime_System_doPrint__I                                      
1002f055  xdc_runtime_Startup_startMods__I                                   
1002f15d  xdc_runtime_Text_putSite__E                                        
1002f1f7  xdc_runtime_Error_policySpin__E                                    
1002f1f9  xdc_runtime_Text_putMod__E                                         
1002f289  xdc_runtime_Memory_alloc__E                                        
1002f2f9  xdc_runtime_Core_createObject__I                                   
1002f367  xdc_runtime_Core_deleteObject__I                                   
1002f3c5  xdc_runtime_Text_putLab__E                                         
1002f421  xdc_runtime_Assert_raise__I                                        
1002f475  xdc_runtime_Startup_exec__E                                        
1002f4c9  xdc_runtime_Core_assignParams__I                                   
1002f511  xdc_runtime_Core_constructObject__I                                
1002f559  xdc_runtime_System_atexit__E                                       
1002f5a1  xdc_runtime_Text_xprintf__I                                        
1002f5e5  xdc_runtime_System_processAtExit__E                                
1002f625  xdc_runtime_System_putchar__I                                      
1002f659  xdc_runtime_Core_assignLabel__I                                    
1002f689  xdc_runtime_Text_printVisFxn__I                                    
1002f6b9  xdc_runtime_System_vprintf__E                                      
1002f6e5  xdc_runtime_Text_cordText__E                                       
1002f711  xdc_runtime_System_abort__E                                        
1002f739  xdc_runtime_Error_raiseX__E                                        
1002f759  xdc_runtime_Registry_findById__E                                   
1002f779  xdc_runtime_Error_check__E                                         
1002f795  xdc_runtime_Memory_valloc__E                                       
1002f7b1  xdc_runtime_System_exit__E                                         
1002f7cd  xdc_runtime_Text_ropeText__E                                       
1002f7e9  xdc_runtime_System_printf__E                                       
1002f803  xdc_runtime_Core_destructObject__I                                 
1002f81b  xdc_runtime_System_abortSpin__E                                    
1002f81d  xdc_runtime_Memory_free__E                                         
1002f831  xdc_runtime_Memory_getStats__E                                     
1002f845  xdc_runtime_SysCallback_abort__E                                   
1002f859  xdc_runtime_SysCallback_exit__E                                    
1002f86d  xdc_runtime_SysCallback_flush__E                                   
1002f881  xdc_runtime_SysCallback_putch__E                                   
1002f895  xdc_runtime_SysCallback_ready__E                                   
1002f8a9  xdc_runtime_Memory_getMaxDefaultTypeAlign__E                       
1002f8b9  xdc_runtime_System_vsnprintf__E                                    
1002f8c9  xdc_runtime_Timestamp_SupportProxy_get32__E                        
1002f8c9  xdc_runtime_Timestamp_SupportProxy_get32__E                        
1002f8c9  xdc_runtime_Timestamp_get32__E                                     
1002f8c9  xdc_runtime_Timestamp_get32__E                                     
1002f8d9  xdc_runtime_Memory_calloc__E                                       
1002f8e5  xdc_runtime_Startup_rtsDone__E                                     
1002f8f1  xdc_runtime_Memory_HeapProxy_alloc__E                              
1002f8fb  xdc_runtime_Memory_HeapProxy_free__E                               
1002f905  xdc_runtime_Memory_HeapProxy_getStats__E                           
1002f90f  xdc_runtime_Gate_leaveSystem__E                                    
1002f915  xdc_runtime_System_Module_startup__E                               
1002f91b  xdc_runtime_Gate_enterSystem__E                                    
1002f91f  xdc_runtime_SysCallback_Module__startupDone__S                     
1002f923  xdc_runtime_System_Module_GateProxy_enter__E                       
1002f927  xdc_runtime_System_Module_GateProxy_leave__E                       
1002f92b  xdc_runtime_System_printf_va__F                                    
1002f92f  xdc_runtime_System_exitSpin__E                                     
1002f931  ti_sysbios_family_arm_m3_Hwi_dispatch__I                           
1002fa11  ti_sysbios_family_arm_m3_Hwi_interruptsAreDisabledButShouldNotBe   
1002fa2d  ti_sysbios_family_arm_m3_TaskSupport_buildTaskStack                
1002fab9  ti_sysbios_family_arm_m3_Hwi_initStacks__E                         
1002fb11  ti_sysbios_family_arm_m3_Hwi_pendSV__I                             
1002fb35  ti_sysbios_family_arm_m3_Hwi_return                                
1002fb39  ti_sysbios_family_arm_m3_Hwi_excHandlerAsm__I                      
1002fb59  ti_sysbios_family_xxx_Hwi_switchAndRunFunc                         
1002fb77  ti_sysbios_family_arm_m3_TaskSupport_swap__E                       
1002fb77  ti_sysbios_knl_Task_SupportProxy_swap__E                           
1002fb77  ti_sysbios_knl_Task_SupportProxy_swap__E                           
1002fb83  ti_sysbios_knl_Task_swapReturn                                     
1002fb8f  ti_sysbios_family_arm_m3_TaskSupport_glue                          
1002fba0  ti_sysbios_knl_Task_Object__PARAMS__C                              
1002fbdc  ti_sysbios_knl_Mailbox_Object__PARAMS__C                           
1002fc10  ti_sysbios_family_arm_m3_Hwi_Object__PARAMS__C                     
1002fc40  ti_sysbios_hal_Hwi_Object__PARAMS__C                               
1002fc6c  ti_sysbios_knl_Swi_Object__PARAMS__C                               
1002fc94  ti_sysbios_heaps_HeapMem_Object__PARAMS__C                         
1002fcb8  ti_sysbios_knl_Clock_Object__PARAMS__C                             
1002fcdc  ti_sysbios_knl_Semaphore_Object__PARAMS__C                         
1002fd00  ti_sysbios_gates_GateHwi_Object__PARAMS__C                         
1002fd18  ti_sysbios_gates_GateMutex_Object__PARAMS__C                       
1002fd30  ti_sysbios_knl_Event_Object__PARAMS__C                             
1002fd48  ti_sysbios_knl_Queue_Object__PARAMS__C                             
1002fd80  ti_sysbios_heaps_HeapTrack_Object__PARAMS__C                       
1002fd9c  ti_sysbios_heaps_HeapTrack_Instance_State_trackQueue__O            
1002fda0  ti_sysbios_heaps_HeapTrack_Module__diagsEnabled__C                 
1002fda4  ti_sysbios_heaps_HeapTrack_Module__diagsIncluded__C                
1002fda8  ti_sysbios_heaps_HeapTrack_Module__diagsMask__C                    
1002fddb  strlen                                                             
20000000  ti_sysbios_family_arm_m3_Hwi_ramVectors                            
20000100  xdcRomConstPtr                                                     
20000104  xdcRomExternFuncPtr                                                
20000108  xdcRomStatePtr                                                     
20000110  __primary_heap_start__                                             
20001110  __primary_heap_end__                                               
20001110  ti_sysbios_knl_Task_Instance_State_0_stack__A                      
20001310  task1Stack                                                         
20001510  task2Stack                                                         
20001710  xdc_runtime_SysMin_Module_State_0_outbuf__A                        
20001910  __CIOBUF_                                                          
20001a30  ti_sysbios_family_arm_m3_Hwi_dispatchTable                         
20001b08  pinHandleTable                                                     
20001b84  task1Struct                                                        
20001bd4  task2Struct                                                        
20001ccc  semStruct                                                          
20001ce8  parmbuf                                                            
20001cf4  ClockP_tickPeriod                                                  
20001cf8  PowerCC26XX_swiKey                                                 
20001cfc  PowerCC26XX_taskKey                                                
20001d00  semHandle                                                          
20001d04  sleepTickCount                                                     
20001d08  driverlib_release_0_54539                                          
20001d10  ROM_stateStruct                                                    
20001d10  ti_sysbios_knl_Clock_Module__state__V                              
20001d3c  ti_sysbios_family_arm_cc26xx_TimestampProvider_Module__state__V    
20001d40  xdc_runtime_Startup_Module__state__V                               
20001d48  xdc_runtime_Registry_Module__state__V                              
20001d50  ti_sysbios_BIOS_Module__state__V                                   
20001d74  ti_sysbios_knl_Swi_Module__state__V                                
20001d90  ti_sysbios_knl_Task_Module__state__V                               
20001dd4  xdc_runtime_Memory_Module__state__V                                
20001dd8  xdc_runtime_System_Module__state__V                                
20001de0  ti_sysbios_family_arm_m3_Hwi_Module__state__V                      
20001e14  ti_sysbios_family_arm_cc26xx_Timer_Module__state__V                
20001e1c  PowerCC26X2_module                                                 
20001f08  ti_sysbios_knl_Task_Object__table__V                               
20001f54  main_func_sp                                                       
20001f58  ti_sysbios_family_arm_cc26xx_Timer_Object__table__V                
20001fa0  ti_sysbios_gates_GateMutex_Object__table__V                        
20001fd8  ti_sysbios_knl_Swi_Module_State_0_readyQ__A                        
20002008  ti_sysbios_knl_Swi_Object__table__V                                
20002038  ti_sysbios_knl_Clock_Object__table__V                              
20002058  ti_sysbios_knl_Task_Module_State_0_readyQ__A                       
20002078  xdc_runtime_Error_IgnoreBlock                                      
20002098  ti_sysbios_family_arm_m3_Hwi_Object__table__V                      
200020b0  ti_sysbios_heaps_HeapMem_Object__table__V                          
200020c8  xdc_runtime_SysMin_Module__state__V                                
200020d4  _lock                                                              
200020d8  _unlock                                                            
200020dc  pinUpperBound                                                      
200020e0  pinLowerBound                                                      
200020e4  resource                                                           
200020e8  finishCount                                                        
200020ec  ti_sysbios_family_arm_m3_Hwi_Module__root__V                       
200020f4  ti_sysbios_gates_GateHwi_Module__root__V                           
200020fc  ti_sysbios_gates_GateMutex_Module__root__V                         
20002104  ti_sysbios_hal_Hwi_Module__root__V                                 
2000210c  ti_sysbios_heaps_HeapMem_Module__root__V                           
20002114  ti_sysbios_knl_Clock_Module__root__V                               
2000211c  ti_sysbios_knl_Event_Module__root__V                               
20002124  ti_sysbios_knl_Mailbox_Module__root__V                             
2000212c  ti_sysbios_knl_Queue_Module__root__V                               
20002134  ti_sysbios_knl_Semaphore_Module__root__V                           
2000213c  ti_sysbios_knl_Swi_Module__root__V                                 
20002144  ti_sysbios_knl_Task_Module__root__V                                
2000214c  xdc_runtime_System_Module_State_0_atexitHandlers__A                
20002154  ti_sysbios_family_arm_m3_Hwi_Module_State_0_excContext__A          
20002158  ti_sysbios_family_arm_m3_Hwi_Module_State_0_excStack__A            
2000215c  ti_sysbios_knl_Task_Module_State_0_idleTask__A                     
20002160  ti_sysbios_family_arm_m3_Hwi_Module_State_0_excActive__A           
20013c00  __stack                                                            
20014000  __STACK_END                                                        
e000e000  ti_sysbios_family_arm_m3_Hwi_nvic                                  
ffffffff  __TI_pprof_out_hndl                                                
ffffffff  __TI_prof_data_size                                                
ffffffff  __TI_prof_data_start                                               
ffffffff  __binit__                                                          
ffffffff  __c_args__                                                         
ffffffff  binit                                                              
UNDEFED   SHT$$INIT_ARRAY$$Base                                              
UNDEFED   SHT$$INIT_ARRAY$$Limit                                             

[783 symbols]
