******************************************************************************
                  TI ARM Linker PC v18.12.1                    
******************************************************************************
>> Linked Mon May 20 10:34:04 2019

OUTPUT FILE NAME:   <Kapture_D2_Test_Code.out>
ENTRY POINT SYMBOL: "ResetISR"  address: 00003449


MEMORY CONFIGURATION

         name            origin    length      used     unused   attr    fill
----------------------  --------  ---------  --------  --------  ----  --------
  FLASH                 00000000   00058000  000058f0  00052710  R  X
  GPRAM                 11000000   00002000  00000000  00002000  RW X
  SRAM                  20000000   00014000  00002b00  00011500  RW X


SEGMENT ALLOCATION MAP

run origin  load origin   length   init length attrs members
----------  ----------- ---------- ----------- ----- -------
00000000    00000000    00005898   00005898    r-x
  00000000    00000000    0000003c   0000003c    r-- .resetVecs
  0000003c    0000003c    00004d4c   00004d4c    r-x .text
  00004d88    00004d88    00000910   00000910    r-- .const
  00005698    00005698    00000200   00000200    r-- .cinit
00057fa8    00057fa8    00000058   00000058    r--
  00057fa8    00057fa8    00000058   00000058    r-- .ccfg
20000100    20000100    0000117d   00000000    rw-
  20000100    20000100    00000004   00000000    rw- .data:xdcRomConstPtr
  20000104    20000104    00000004   00000000    rw- .data:xdcRomExternFuncPtr
  20000108    20000108    00000004   00000000    rw- .data:xdcRomStatePtr
  20000110    20000110    0000116d   00000000    rw- .bss
20001280    20001280    00001000   00000000    r--
  20001280    20001280    00001000   00000000    r-- .priheap
20002280    20002280    000004af   00000000    rw-
  20002280    20002280    000004af   00000000    rw- .data
20013c00    20013c00    00000400   00000000    rw-
  20013c00    20013c00    00000400   00000000    rw- .stack


SECTION ALLOCATION MAP

 output                                  attributes/
section   page    origin      length       input sections
--------  ----  ----------  ----------   ----------------
.binit     0    00000000    00000000     

.cinit     0    00005698    00000200     
                  00005698    000001ab     (.cinit..data.load) [load image, compression = lzss]
                  00005843    00000001     --HOLE-- [fill = 0]
                  00005844    0000000c     (__TI_handler_table)
                  00005850    00000008     (.cinit..bss.load) [load image, compression = zero_init]
                  00005858    00000008     (.cinit..data:xdcRomConstPtr.load) [load image, compression = lzss]
                  00005860    00000008     (.cinit..data:xdcRomExternFuncPtr.load) [load image, compression = lzss]
                  00005868    00000008     (.cinit..data:xdcRomStatePtr.load) [load image, compression = lzss]
                  00005870    00000028     (__TI_cinit_table)

.init_array 
*          0    00000000    00000000     UNINITIALIZED

.ccfg      0    00057fa8    00000058     
                  00057fa8    00000058     ccfg.obj (.ccfg:retain)

.bss       0    20000110    0000116d     UNINITIALIZED
                  20000110    00000400     uart_printf.obj (.bss:uartPrintf_outArray)
                  20000510    00000258     (.common:uartCC26XXObjects)
                  20000768    00000200     mutex_pem4f.oem4f (.bss:taskStackSection)
                  20000968    00000200     (.common:maintaskStack)
                  20000b68    00000120     (.common:gptimerCC26XXObjects)
                  20000c88    00000100     (.common:pwmtimerCC26xxObjects)
                  20000d88    000000dc     (.common:adcCC26xxObjects)
                  20000e64    000000d8     (.common:ti_sysbios_family_arm_m3_Hwi_dispatchTable)
                  20000f3c    0000007c     (.common:pinHandleTable)
                  20000fb8    00000050     (.common:maintaskStruct)
                  20001008    00000040     main.obj (.bss)
                  20001048    00000040     (.common:uartCC26XXRingBuffer)
                  20001088    00000034     drivers_cc26x2.aem4f : PINCC26XX.oem4f (.bss:pinSwi)
                  200010bc    00000024     main.obj (.bss:buttonClockStruct)
                  200010e0    00000024     main.obj (.bss:lockDelayedStopMotorClock)
                  20001104    00000024     main.obj (.bss:uiClockStruct)
                  20001128    00000020     drivers_cc26x2.aem4f : PINCC26XX.oem4f (.bss:pinGpioConfigTable)
                  20001148    00000020     (.common:FIFOStack)
                  20001168    0000001c     driverlib.lib : osc.obj (.bss:$O1$$)
                  20001184    0000001c     main.obj (.bss:UI)
                  200011a0    0000001c     drivers_cc26x2.aem4f : ADCCC26XX.oem4f (.bss:adcSemaphore)
                  200011bc    0000001c                          : PINCC26XX.oem4f (.bss:pinHwi)
                  200011d8    0000001c                          : PINCC26XX.oem4f (.bss:pinSemaphore)
                  200011f4    00000010     (.common:FIFOBuf)
                  20001204    0000000c     main.obj (.bss:batteryCntPinState)
                  20001210    0000000c     main.obj (.bss:buttonPinState)
                  2000121c    0000000c     main.obj (.bss:coverDetectPinState)
                  20001228    0000000c     main.obj (.bss:keypadPwrPinState)
                  20001234    0000000c     main.obj (.bss:ledPinState)
                  20001240    0000000c     main.obj (.bss:motorDRPinState)
                  2000124c    0000000c     main.obj (.bss:motorSWPinState)
                  20001258    0000000c     drivers_cc26x2.aem4f : PWMTimerCC26XX.oem4f (.bss:pinState)
                  20001264    00000004                          : PINCC26XX.oem4f (.bss)
                  20001268    00000004     (.common:ClockP_tickPeriod)
                  2000126c    00000004     (.common:PowerCC26XX_swiKey)
                  20001270    00000004     (.common:PowerCC26XX_taskKey)
                  20001274    00000004     (.common:keyPadUart)
                  20001278    00000004     (.common:sleepTickCount)
                  2000127c    00000001     (.common:driverlib_release_0_54539)

.data      0    20002280    000004af     UNINITIALIZED
                  20002280    0000010c     mutex_pem4f.oem4f (.data:ROM_stateStruct)
                  2000238c    000000ec     drivers_cc26x2.aem4f : PowerCC26X2.oem4f (.data:PowerCC26X2_module)
                  20002478    0000004c     mutex_pem4f.oem4f (.data:ti_sysbios_knl_Task_Object__table__V)
                  200024c4    00000004     drivers_cc26x2.aem4f : PWMTimerCC26XX.oem4f (.data)
                  200024c8    00000048     mutex_pem4f.oem4f (.data:ti_sysbios_family_arm_cc26xx_Timer_Object__table__V)
                  20002510    00000038     mutex_pem4f.oem4f (.data:ti_sysbios_gates_GateMutex_Object__table__V)
                  20002548    00000030     mutex_pem4f.oem4f (.data:ti_sysbios_knl_Swi_Module_State_0_readyQ__A)
                  20002578    00000030     mutex_pem4f.oem4f (.data:ti_sysbios_knl_Swi_Object__table__V)
                  200025a8    00000020     mutex_pem4f.oem4f (.data:ti_sysbios_knl_Clock_Object__table__V)
                  200025c8    00000020     mutex_pem4f.oem4f (.data:ti_sysbios_knl_Task_Module_State_0_readyQ__A)
                  200025e8    00000020     mutex_pem4f.oem4f (.data:xdc_runtime_Error_IgnoreBlock)
                  20002608    00000018     main.obj (.data:ledPinTable)
                  20002620    00000018     mutex_pem4f.oem4f (.data:ti_sysbios_family_arm_m3_Hwi_Object__table__V)
                  20002638    00000018     mutex_pem4f.oem4f (.data:ti_sysbios_heaps_HeapMem_Object__table__V)
                  20002650    0000000c     main.obj (.data:buttonPinTable)
                  2000265c    0000000c     main.obj (.data)
                  20002668    0000000c     main.obj (.data:motorDRPinTable)
                  20002674    0000000c     main.obj (.data:motorSWPinTable)
                  20002680    00000008     rtsv7M4_T_le_v4SPD16_eabi.lib : _lock.c.obj (.data:$O1$$)
                  20002688    00000008     main.obj (.data:batteryCntPinTable)
                  20002690    00000008     main.obj (.data:coverDetectPinTable)
                  20002698    00000008     drivers_cc26x2.aem4f : PINCC26XX.oem4f (.data)
                  200026a0    00000008     main.obj (.data:keyPadPowerPinTable)
                  200026a8    00000008     mutex_pem4f.oem4f (.data:ti_sysbios_family_arm_m3_Hwi_Module__root__V)
                  200026b0    00000008     mutex_pem4f.oem4f (.data:ti_sysbios_gates_GateHwi_Module__root__V)
                  200026b8    00000008     mutex_pem4f.oem4f (.data:ti_sysbios_gates_GateMutex_Module__root__V)
                  200026c0    00000008     mutex_pem4f.oem4f (.data:ti_sysbios_hal_Hwi_Module__root__V)
                  200026c8    00000008     mutex_pem4f.oem4f (.data:ti_sysbios_heaps_HeapMem_Module__root__V)
                  200026d0    00000008     mutex_pem4f.oem4f (.data:ti_sysbios_knl_Clock_Module__root__V)
                  200026d8    00000008     mutex_pem4f.oem4f (.data:ti_sysbios_knl_Event_Module__root__V)
                  200026e0    00000008     mutex_pem4f.oem4f (.data:ti_sysbios_knl_Mailbox_Module__root__V)
                  200026e8    00000008     mutex_pem4f.oem4f (.data:ti_sysbios_knl_Queue_Module__root__V)
                  200026f0    00000008     mutex_pem4f.oem4f (.data:ti_sysbios_knl_Semaphore_Module__root__V)
                  200026f8    00000008     mutex_pem4f.oem4f (.data:ti_sysbios_knl_Swi_Module__root__V)
                  20002700    00000008     mutex_pem4f.oem4f (.data:ti_sysbios_knl_Task_Module__root__V)
                  20002708    00000008     uart_printf.obj (.data)
                  20002710    00000008     mutex_pem4f.oem4f (.data:xdc_runtime_System_Module_State_0_atexitHandlers__A)
                  20002718    00000004     rtsv7M4_T_le_v4SPD16_eabi.lib : stkdepth_vars.c.obj (.data)
                  2000271c    00000004     mutex_pem4f.oem4f (.data:ti_sysbios_family_arm_m3_Hwi_Module_State_0_excContext__A)
                  20002720    00000004     mutex_pem4f.oem4f (.data:ti_sysbios_family_arm_m3_Hwi_Module_State_0_excStack__A)
                  20002724    00000004     mutex_pem4f.oem4f (.data:ti_sysbios_knl_Task_Module_State_0_idleTask__A)
                  20002728    00000002     drivers_cc26x2.aem4f : ADCCC26XX.oem4f (.data)
                  2000272a    00000002     mutex_pem4f.oem4f (.data:ti_sysbios_family_arm_m3_Hwi_Module_State_0_excActive__A)
                  2000272c    00000001     drivers_cc26x2.aem4f : ADC.oem4f (.data)
                  2000272d    00000001                          : PWM.oem4f (.data)
                  2000272e    00000001                          : UART.oem4f (.data)

.stack     0    20013c00    00000400     UNINITIALIZED
                  20013c00    00000400     --HOLE--

.priheap   0    20001280    00001000     UNINITIALIZED
                  20001280    00001000     --HOLE--

.data:xdcRomConstPtr 
*          0    20000100    00000004     UNINITIALIZED
                  20000100    00000004     mutex_pem4f.oem4f (.data:xdcRomConstPtr)

.data:xdcRomExternFuncPtr 
*          0    20000104    00000004     UNINITIALIZED
                  20000104    00000004     mutex_pem4f.oem4f (.data:xdcRomExternFuncPtr)

.data:xdcRomStatePtr 
*          0    20000108    00000004     UNINITIALIZED
                  20000108    00000004     mutex_pem4f.oem4f (.data:xdcRomStatePtr)

.bootVecs 
*          0    00000000    00000008     DSECT
                  00000000    00000008     boot.aem4f : boot.oem4f (.bootVecs)

.resetVecs 
*          0    00000000    0000003c     
                  00000000    0000003c     mutex_pem4f.oem4f (.resetVecs)

.vecs      0    20000000    000000d8     NOLOAD SECTION
                  20000000    000000d8     mutex_pem4f.oem4f (.vecs)

xdc.meta   0    00000000    000000f1     COPY SECTION
                  00000000    000000f1     mutex_pem4f.oem4f (xdc.meta)

xdc.noload 
*          0    00000000    00000000     COPY SECTION

.text      0    0000003c    00004d4c     
                  0000003c    00000270     main.obj (.text:uiFxn)
                  000002ac    000001d8     main.obj (.text:maintaskFxn)
                  00000484    000001c8     main.obj (.text:RLCheck)
                  0000064c    000001c0     drivers_cc26x2.aem4f : PINCC26XX.oem4f (.text:PIN_init)
                  0000080c    000001ac                          : PowerCC26X2.oem4f (.text:Power_sleep)
                  000009b8    00000190                          : PowerCC26X2_calibrateRCOSC.oem4f (.text:calibrateRcoscHf1)
                  00000b48    0000018c                          : PowerCC26X2_calibrateRCOSC.oem4f (.text:runCalibrateFsm)
                  00000cd4    00000174     main.obj (.text:InitMaintask)
                  00000e48    00000164     drivers_cc26x2.aem4f : UARTCC26XX.oem4f (.text:UARTCC26XX_open)
                  00000fac    00000154                          : UARTCC26XX.oem4f (.text:UARTCC26XX_hwiIntFxn)
                  00001100    00000150                          : PowerCC26X2.oem4f (.text:Power_init)
                  00001250    0000013a                          : UARTCC26XX.oem4f (.text:UARTCC26XX_read)
                  0000138a    00000002                          : PWMTimerCC26XX.oem4f (.text:PWMTimerCC26XX_init)
                  0000138c    000000fc     main.obj (.text:SetUI)
                  00001488    000000f8     drivers_cc26x2.aem4f : PINCC26XX.oem4f (.text:PINCC26XX_setIoCfg)
                  00001580    000000f8     mutex_pem4f.oem4f (.text:xdc_runtime_System_printfExtend__I)
                  00001678    000000f4     drivers_cc26x2.aem4f : ADCCC26XX.oem4f (.text:ADCCC26XX_convert)
                  0000176c    000000f4     driverlib.lib : sys_ctrl.obj (.text:NOROM_SysCtrlStandby)
                  00001860    000000e0     drivers_cc26x2.aem4f : UARTCC26XX.oem4f (.text:UARTCC26XX_write)
                  00001940    000000dc                          : PWMTimerCC26XX.oem4f (.text:PWMTimerCC26XX_open)
                  00001a1c    000000d4     main.obj (.text:InitGlobalParameter)
                  00001af0    000000cc     main.obj (.text:SetLed)
                  00001bbc    000000c8     drivers_cc26x2.aem4f : PowerCC26X2.oem4f (.text:Power_releaseDependency)
                  00001c84    000000c4                          : PowerCC26X2.oem4f (.text:Power_setDependency)
                  00001d48    000000c4     main.obj (.text:ProcessKeypadData)
                  00001e0c    000000c0     drivers_cc26x2.aem4f : UARTCC26XX.oem4f (.text:UARTCC26XX_initIO)
                  00001ecc    000000bc     main.obj (.text:buttonClockFxn)
                  00001f88    000000b8     drivers_cc26x2.aem4f : UARTCC26XX.oem4f (.text:UARTCC26XX_initHw)
                  00002040    000000b4     dpl_cc26x2.aem4f : PowerCC26X2_tirtos.oem4f (.text:PowerCC26XX_standbyPolicy)
                  000020f4    000000b0     main.obj (.text:Lock)
                  000021a4    000000ac     drivers_cc26x2.aem4f : PINCC26XX.oem4f (.text:PIN_open)
                  00002250    000000ac     driverlib.lib : setup.obj (.text:TrimAfterColdResetWakeupFromShutDown)
                  000022fc    000000ac     main.obj (.text:UnLock)
                  000023a8    000000a0     auto_init.aem4f : auto_init.oem4f (.text)
                  00002448    0000009c     drivers_cc26x2.aem4f : PWMTimerCC26XX.oem4f (.text:PWMTimerCC26XX_setDutyAndPeriod)
                  000024e4    0000009c     rtsv7M4_T_le_v4SPD16_eabi.lib : memcpy_t2.asm.obj (.text)
                  00002580    00000098     driverlib.lib : setup.obj (.text:NOROM_SetupTrimDevice)
                  00002618    00000098     drivers_cc26x2.aem4f : UARTCC26XX.oem4f (.text:writeTxFifoFlush)
                  000026b0    00000096     rtsv7M4_T_le_v4SPD16_eabi.lib : ull_div_t2.asm.obj (.text)
                  00002746    00000092     drivers_cc26x2.aem4f : UARTCC26XX.oem4f (.text:UARTCC26XX_writeCancel)
                  000027d8    00000088                          : GPTimerCC26XX.oem4f (.text:GPTimerCC26XX_open)
                  00002860    00000088     driverlib.lib : osc.obj (.text:NOROM_OSCHF_AttemptToSwitchToXosc)
                  000028e8    00000088     drivers_cc26x2.aem4f : PowerCC26X2_calibrateRCOSC.oem4f (.text:calibrateRcoscHf2)
                  00002970    00000088                          : PowerCC26X2.oem4f (.text:disableLFClockQualifiers)
                  000029f8    00000088                          : PowerCC26X2_calibrateRCOSC.oem4f (.text:updateSubSecInc)
                  00002a80    00000084                          : UARTCC26XX.oem4f (.text:UARTCC26XX_close)
                  00002b04    00000080     rom_sysbios.aem4f : rom_sysbios.obj (.text:ti_sysbios_family_arm_cc26xx_Timer_start__E)
                  00002b84    0000007c     drivers_cc26x2.aem4f : PowerCC26X2.oem4f (.text:configureXOSCHF)
                  00002c00    0000007a     rtsv7M4_T_le_v4SPD16_eabi.lib : memset_t2.asm.obj (.text)
                  00002c7a    00000002                                   : _lock.c.obj (.text:_nop)
                  00002c7c    00000074     drivers_cc26x2.aem4f : ADCCC26XX.oem4f (.text:ADCCC26XX_open)
                  00002cf0    00000074                          : PowerCC26X2_calibrateRCOSC.oem4f (.text:PowerCC26X2_auxISR)
                  00002d64    00000070                          : GPTimerCC26XX.oem4f (.text:GPTimerCC26XX_resetHw)
                  00002dd4    00000070                          : PINCC26XX.oem4f (.text:PIN_add)
                  00002e44    0000006d     rom_sysbios.aem4f : rom_sysbios.obj (.text:xdc_runtime_System_formatNum__I)
                  00002eb1    00000001     --HOLE-- [fill = 0]
                  00002eb2    00000002     drivers_cc26x2.aem4f : PowerCC26X2.oem4f (.text:emptyClockFunc)
                  00002eb4    00000068     driverlib.lib : osc.obj (.text:NOROM_OSCHF_SwitchToRcOscTurnOffXosc)
                  00002f1c    00000068     rtsv7M4_T_le_v4SPD16_eabi.lib : copy_decompress_lzss.c.obj (.text:decompress:lzss:__TI_decompress_lzss)
                  00002f84    00000064     drivers_cc26x2.aem4f : ADCCC26XX.oem4f (.text:ADCCC26XX_convertToMicroVolts)
                  00002fe8    00000064                          : UARTCC26XX.oem4f (.text:UARTCC26XX_control)
                  0000304c    00000064     rom_sysbios.aem4f : rom_sysbios.obj (.text:ti_sysbios_heaps_HeapMem_initPrimary__I)
                  000030b0    00000062     CC26X2R1_LAUNCHXL_fxns.obj (.text:CC26X2R1_LAUNCHXL_sendExtFlashByte)
                  00003112    00000062     drivers_cc26x2.aem4f : UARTCC26XX.oem4f (.text:UARTCC26XX_swiIntFxn)
                  00003174    00000060     uart_printf.obj (.text:uartPrintf_flush)
                  000031d4    0000005c     drivers_cc26x2.aem4f : PINCC26XX.oem4f (.text:PIN_remove)
                  00003230    0000005c                          : PWMTimerCC26XX.oem4f (.text:PWMTimerCC26XX_setPeriod)
                  0000328c    0000005c     mutex_pem4f.oem4f (.text:xdc_runtime_Startup_getState__I)
                  000032e8    00000058     drivers_cc26x2.aem4f : GPTimerCC26XX.oem4f (.text:GPTimerCC26XX_stop)
                  00003340    00000058     main.obj (.text:InitMotor)
                  00003398    00000058     drivers_cc26x2.aem4f : PowerCC26X2_calibrateRCOSC.oem4f (.text:PowerCC26X2_initiateCalibration)
                  000033f0    00000058     util.obj (.text:Util_constructClock)
                  00003448    00000058     boot.aem4f : boot.oem4f (.text)
                  000034a0    00000050     dpl_cc26x2.aem4f : ClockP_tirtos.oem4f (.text:ClockP_construct)
                  000034f0    00000050     driverlib.lib : chipinfo.obj (.text:NOROM_ChipInfo_GetChipType)
                  00003540    00000050     drivers_cc26x2.aem4f : PWMTimerCC26XX.oem4f (.text:PWMTimerCC26XX_getdutyCounts)
                  00003590    0000004c                          : GPTimerCC26XX.oem4f (.text:GPTimerCC26XX_initHw)
                  000035dc    0000004c                          : GPTimerCC26XX.oem4f (.text:GPTimerCC26XX_start)
                  00003628    0000004c                          : UARTCC26XX.oem4f (.text:UARTCC26XX_readCancel)
                  00003674    0000004c     rtsv7M4_T_le_v4SPD16_eabi.lib : cpy_tbl.c.obj (.text:copy_in)
                  000036c0    0000004c     drivers_cc26x2.aem4f : UARTCC26XX.oem4f (.text:startTxFifoEmptyClk)
                  0000370c    00000048     CC26X2R1_LAUNCHXL_fxns.obj (.text:CC26X2R1_LAUNCHXL_wakeUpExtFlash)
                  00003754    00000048     drivers_cc26x2.aem4f : PINCC26XX.oem4f (.text:PIN_setOutputEnable)
                  0000379c    00000048                          : PWMTimerCC26XX.oem4f (.text:PWMTimerCC26XX_setDuty)
                  000037e4    00000048                          : PowerCC26X2_calibrateRCOSC.oem4f (.text:PowerCC26X2_RCOSC_clockFunc)
                  0000382c    00000048                          : PowerCC26X2.oem4f (.text:switchXOSCHF)
                  00003874    00000048                          : UARTCC26XX.oem4f (.text:writeFinishedDoCallback)
                  000038bc    00000046                          : RingBuf.oem4f (.text:RingBuf_put)
                  00003902    00000002     rtsv7M4_T_le_v4SPD16_eabi.lib : div0.asm.obj (.text)
                  00003904    00000044     drivers_cc26x2.aem4f : ADC.oem4f (.text:ADC_init)
                  00003948    00000044     driverlib.lib : chipinfo.obj (.text:NOROM_ChipInfo_GetHwRevision)
                  0000398c    00000044     drivers_cc26x2.aem4f : PINCC26XX.oem4f (.text:PIN_swi)
                  000039d0    00000044                          : PWM.oem4f (.text:PWM_init)
                  00003a14    00000044                          : UART.oem4f (.text:UART_init)
                  00003a58    00000040                          : PWM.oem4f (.text:PWM_open)
                  00003a98    00000040                          : RingBuf.oem4f (.text:RingBuf_get)
                  00003ad8    00000040                          : UART.oem4f (.text:UART_open)
                  00003b18    00000040     rtsv7M4_T_le_v4SPD16_eabi.lib : u_divt2.asm.obj (.text)
                  00003b58    00000040     rom_sysbios.aem4f : rom_sysbios.obj (.text:ti_sysbios_family_arm_cc26xx_Timer_setThreshold__I)
                  00003b98    0000003e     dpl_cc26x2.aem4f : HwiP_tirtos.oem4f (.text:HwiP_construct)
                  00003bd6    00000002     mutex_pem4f.oem4f (.text:ti_sysbios_BIOS_nullFunc__I)
                  00003bd8    0000003c     drivers_cc26x2.aem4f : ADCCC26XX.oem4f (.text:ADCCC26XX_close)
                  00003c14    0000003c     main.obj (.text:MainTaskCreate)
                  00003c50    0000003c     drivers_cc26x2.aem4f : PINCC26XX.oem4f (.text:PIN_setInterrupt)
                  00003c8c    0000003c                          : PINCC26XX.oem4f (.text:PIN_setOutputValue)
                  00003cc8    0000003c     dpl_cc26x2.aem4f : SwiP_tirtos.oem4f (.text:SwiP_construct)
                  00003d04    0000003c     rom_sysbios.aem4f : rom_sysbios.obj (.text:ti_sysbios_family_arm_m3_Hwi_construct2__E)
                  00003d40    00000038     CC26X2R1_LAUNCHXL_fxns.obj (.text:CC26X2R1_LAUNCHXL_shutDownExtFlash)
                  00003d78    00000038     main.obj (.text:InitPuzzer)
                  00003db0    00000038     driverlib.lib : osc.obj (.text:NOROM_OSC_HPOSCRelativeFrequencyOffsetGet)
                  00003de8    00000038     drivers_cc26x2.aem4f : PINCC26XX.oem4f (.text:PIN_setConfig)
                  00003e20    00000038     util.obj (.text:Util_restartClock)
                  00003e58    00000038     drivers_cc26x2.aem4f : PowerCC26X2.oem4f (.text:notify)
                  00003e90    00000038                          : UARTCC26XX.oem4f (.text:readData)
                  00003ec8    00000038     rom_sysbios.aem4f : rom_sysbios.obj (.text:ti_sysbios_family_arm_cc26xx_Timer_getCurrentTick__E)
                  00003f00    00000038     drivers_cc26x2.aem4f : UARTCC26XX.oem4f (.text:writeData)
                  00003f38    00000036     rom_sysbios.aem4f : rom_sysbios.obj (.text:ti_sysbios_family_arm_cc26xx_Timer_setNextTick__E)
                  00003f6e    00000002                       : rom_sysbios.obj (.text:xdc_runtime_SysCallback_defaultAbort)
                  00003f70    00000034     drivers_cc26x2.aem4f : GPTimerCC26XX.oem4f (.text:GPTimerCC26XXSetLoadMatch)
                  00003fa4    00000034                          : GPTimerCC26XX.oem4f (.text:GPTimerCC26XX_configureDebugStall)
                  00003fd8    00000034     driverlib.lib : aux_sysif.obj (.text:NOROM_AUXSYSIFOpModeChange)
                  0000400c    00000034                   : sys_ctrl.obj (.text:NOROM_SysCtrlIdle)
                  00004040    00000034     drivers_cc26x2.aem4f : PWMTimerCC26XX.oem4f (.text:PWMTimerCC26XX_getperiodCounts)
                  00004074    00000034                          : PowerCC26X2.oem4f (.text:Power_releaseConstraint)
                  000040a8    00000034                          : PowerCC26X2.oem4f (.text:Power_setConstraint)
                  000040dc    00000034                          : UARTCC26XX.oem4f (.text:readData2RingBuf)
                  00004110    00000034     uart_printf.obj (.text:uartPrintf_putch)
                  00004144    00000030     drivers_cc26x2.aem4f : GPTimerCC26XX.oem4f (.text:GPTimerCC26XX_close)
                  00004174    00000030                          : PINCC26XX.oem4f (.text:PINCC26XX_setMux)
                  000041a4    00000030                          : PWMTimerCC26XX.oem4f (.text:PWMTimerCC26XX_start)
                  000041d4    00000030     mutex_pem4f.oem4f (.text:ti_sysbios_BIOS_atExitFunc__I)
                  00004204    00000030     mutex_pem4f.oem4f (.text:ti_sysbios_BIOS_startFunc__I)
                  00004234    00000030     rom_sysbios.aem4f : rom_sysbios.obj (.text:ti_sysbios_family_arm_cc26xx_Timer_initDevice__I)
                  00004264    0000002e     FIFO.obj (.text:FIFOGetByte)
                  00004292    0000002c     FIFO.obj (.text:FIFOPutByte)
                  000042be    00000002     rom_sysbios.aem4f : rom_sysbios.obj (.text:xdc_runtime_SysCallback_defaultExit)
                  000042c0    0000002c     drivers_cc26x2.aem4f : GPTimerCC26XX.oem4f (.text:GPTimerCC26XX_getTimerValue)
                  000042ec    0000002c                          : PWMTimerCC26XX.oem4f (.text:PWMTimerCC26XX_close)
                  00004318    0000002c                          : PWMTimerCC26XX.oem4f (.text:PWMTimerCC26XX_stop)
                  00004344    0000002c     dpl_cc26x2.aem4f : SemaphoreP_tirtos.oem4f (.text:SemaphoreP_constructBinary)
                  00004370    0000002c     rom_sysbios.aem4f : rom_sysbios.obj (.text:ti_sysbios_knl_Clock_getTicksUntilInterrupt__E)
                  0000439c    00000028     main.obj (.text:InitUI)
                  000043c4    00000028     driverlib.lib : osc.obj (.text:NOROM_OSCHF_TurnOnXosc)
                  000043ec    00000028     drivers_cc26x2.aem4f : PowerCC26X2.oem4f (.text:Power_registerNotify)
                  00004414    00000028     main.obj (.text:keyPadCallback)
                  0000443c    00000028     drivers_cc26x2.aem4f : PowerCC26X2.oem4f (.text:oscillatorISR)
                  00004464    00000028     main.obj (.text:startMotorClockwise)
                  0000448c    00000028     main.obj (.text:startMotorCounterclockwise)
                  000044b4    00000026     drivers_cc26x2.aem4f : List.oem4f (.text:List_put)
                  000044da    00000026                          : List.oem4f (.text:List_remove)
                  00004500    00000024     FIFO.obj (.text:FIFOIsFull)
                  00004524    00000024     drivers_cc26x2.aem4f : PowerCC26X2_calibrateRCOSC.oem4f (.text:getTdcSemaphore)
                  00004548    00000024     mutex_pem4f.oem4f (.text:ti_sysbios_BIOS_registerRTSLock__I)
                  0000456c    00000024     mutex_pem4f.oem4f (.text:ti_sysbios_BIOS_removeRTSLock__I)
                  00004590    00000024     rom_sysbios.aem4f : rom_sysbios.obj (.text:ti_sysbios_family_arm_cc26xx_Timer_getMaxTicks__E)
                  000045b4    00000022     main.obj (.text:StopClock)
                  000045d6    00000022     main.obj (.text:main)
                  000045f8    00000020     FIFO.obj (.text:InitialFIFO)
                  00004618    00000020     drivers_cc26x2.aem4f : PINCC26XX.oem4f (.text:PINCC26XX_setIoCfgMux)
                  00004638    00000020                          : PowerCC26X2.oem4f (.text:Power_unregisterNotify)
                  00004658    00000020     main.obj (.text:lockDelayedStopMotorFxn)
                  00004678    00000020     drivers_cc26x2.aem4f : UARTCC26XX.oem4f (.text:threadSafeStdbyDisRelease)
                  00004698    00000020                          : UARTCC26XX.oem4f (.text:threadSafeStdbyDisSet)
                  000046b8    00000020     mutex_pem4f.oem4f (.text:ti_sysbios_BIOS_rtsLock__I)
                  000046d8    00000020     rom_sysbios.aem4f : rom_sysbios.obj (.text:ti_sysbios_family_arm_cc26xx_Timer_dynamicStub__E)
                  000046f8    0000001e     drivers_cc26x2.aem4f : PINCC26XX.oem4f (.text:PIN_close)
                  00004716    0000001e                          : PowerCC26X2.oem4f (.text:Power_getTransitionLatency)
                  00004734    0000001c     CC26X2R1_LAUNCHXL.obj (.text:CC26X2R1_LAUNCHXL_initGeneral)
                  00004750    0000001c     main.obj (.text:DoRLCheck)
                  0000476c    0000001c     main.obj (.text:MotorLock)
                  00004788    0000001c     main.obj (.text:MotorUnlock)
                  000047a4    0000001c     driverlib.lib : chipinfo.obj (.text:NOROM_ChipInfo_GetChipFamily)
                  000047c0    0000001c     drivers_cc26x2.aem4f : PINCC26XX.oem4f (.text:PIN_hwi)
                  000047dc    0000001c     dpl_cc26x2.aem4f : PowerCC26X2_tirtos.oem4f (.text:PowerCC26XX_schedulerDisable)
                  000047f8    0000001c                      : PowerCC26X2_tirtos.oem4f (.text:PowerCC26XX_schedulerRestore)
                  00004814    0000001c     rom_sysbios.aem4f : rom_sysbios.obj (.text:ti_sysbios_family_arm_m3_Hwi_clearInterrupt__E)
                  00004830    0000001c                       : rom_sysbios.obj (.text:ti_sysbios_knl_Swi_construct2__E)
                  0000484c    0000001c     mutex_pem4f.oem4f (.text:xdc_runtime_Startup_exec__I)
                  00004868    0000001a     drivers_cc26x2.aem4f : PWMTimerCC26XX.oem4f (.text:PWMTimerCC26XX_control)
                  00004882    0000001a                          : PowerCC26X2.oem4f (.text:PowerCC26XX_calibrate)
                  0000489c    00000018     driverlib.lib : chipinfo.obj (.text:NOROM_ChipInfo_GetPackageType)
                  000048b4    00000018     drivers_cc26x2.aem4f : PowerCC26X2.oem4f (.text:Power_idleFunc)
                  000048cc    00000018                          : UART.oem4f (.text:UART_Params_init)
                  000048e4    00000018     rtsv7M4_T_le_v4SPD16_eabi.lib : args_main.c.obj (.text:_args_main)
                  000048fc    00000018                                   : ll_mul_t2.asm.obj (.text)
                  00004914    00000018     mutex_pem4f.oem4f (.text:ti_sysbios_BIOS_rtsUnlock__I)
                  0000492c    00000018     rom_sysbios.aem4f : rom_sysbios.obj (.text:ti_sysbios_knl_Swi_or__E)
                  00004944    00000018                       : rom_sysbios.obj (.text:xdc_runtime_Error_init__E)
                  0000495c    00000016     driverlib.lib : chipinfo.obj (.text:NOROM_ThisLibraryIsFor_CC13x2_CC26x2_HwRev20AndLater_HaltIfViolated)
                  00004972    00000016     mutex_pem4f.oem4f (.text:ti_sysbios_BIOS_exitFunc__I)
                  00004988    00000014     drivers_cc26x2.aem4f : PINCC26XX.oem4f (.text:PINCC26XX_getInputValue)
                  0000499c    00000014                          : PINCC26XX.oem4f (.text:PINCC26XX_getOutputValue)
                  000049b0    00000014                          : PWM.oem4f (.text:PWM_Params_init)
                  000049c4    00000014                          : PowerCC26X2_calibrateRCOSC.oem4f (.text:PowerCC26X2_calibrate)
                  000049d8    00000014                          : PowerCC26X2.oem4f (.text:configureRFCoreClocks)
                  000049ec    00000014     rom_sysbios.aem4f : rom_sysbios.obj (.text:ti_sysbios_family_arm_cc26xx_Timer_getCount64__E)
                  00004a00    00000014     mutex_pem4f.oem4f (.text:ti_sysbios_knl_Clock_doTick__I)
                  00004a14    00000012     drivers_cc26x2.aem4f : GPTimerCC26XX.oem4f (.text:GPTimerCC26XX_Params_init)
                  00004a26    00000012                          : RingBuf.oem4f (.text:RingBuf_construct)
                  00004a38    00000012     dpl_cc26x2.aem4f : SemaphoreP_tirtos.oem4f (.text:SemaphoreP_pend)
                  00004a4a    00000010                      : HwiP_tirtos.oem4f (.text:HwiP_Params_init)
                  00004a5a    00000002     --HOLE-- [fill = 0]
                  00004a5c    00000010     drivers_cc26x2.aem4f : PINCC26XX.oem4f (.text:PINCC26XX_getPinCount)
                  00004a6c    00000010     dpl_cc26x2.aem4f : SwiP_tirtos.oem4f (.text:SwiP_Params_init)
                  00004a7c    00000010     util.obj (.text:Util_isActive)
                  00004a8c    00000010     drivers_cc26x2.aem4f : UARTCC26XX.oem4f (.text:uartPostNotify)
                  00004a9c    0000000e     FIFO.obj (.text:FIFOIsEmpty)
                  00004aaa    0000000e     rtsv7M4_T_le_v4SPD16_eabi.lib : copy_decompress_none.c.obj (.text:decompress:none:__TI_decompress_none)
                  00004ab8    0000000e     rom_sysbios.aem4f : rom_sysbios.obj (.text:ti_sysbios_family_arm_cc26xx_TimestampProvider_get32__E)
                  00004ac6    00000002     --HOLE-- [fill = 0]
                  00004ac8    0000000c     main.obj (.text:GetMotorSW)
                  00004ad4    0000000c     driverlib.lib : cpu.obj (.text:NOROM_CPUcpsid)
                  00004ae0    0000000c                   : cpu.obj (.text:NOROM_CPUcpsie)
                  00004aec    0000000c     drivers_cc26x2.aem4f : PowerCC26X2.oem4f (.text:Power_getConstraintMask)
                  00004af8    0000000c                          : PowerCC26X2.oem4f (.text:Power_getDependencyCount)
                  00004b04    0000000c     rtsv7M4_T_le_v4SPD16_eabi.lib : _lock.c.obj (.text:_register_lock)
                  00004b10    0000000c                                   : _lock.c.obj (.text:_register_unlock)
                  00004b1c    0000000c                                   : copy_zero_init.c.obj (.text:decompress:ZI:__TI_zero_init)
                  00004b28    0000000c     rom_sysbios.aem4f : rom_sysbios.obj (.text:ti_sysbios_knl_Swi_getTrigger__E)
                  00004b34    0000000a     dpl_cc26x2.aem4f : ClockP_tirtos.oem4f (.text:ClockP_Params_init)
                  00004b3e    0000000a     drivers_cc26x2.aem4f : PWM.oem4f (.text:PWM_start)
                  00004b48    0000000a                          : PWM.oem4f (.text:PWM_stop)
                  00004b52    0000000a                          : UART.oem4f (.text:UART_read)
                  00004b5c    0000000a                          : UART.oem4f (.text:UART_write)
                  00004b66    00000008                          : ADCCC26XX.oem4f (.text:ADCCC26XX_init)
                  00004b6e    00000008                          : GPTimerCC26XX.oem4f (.text:GPTimerCC26XX_setLoadValue)
                  00004b76    00000008                          : GPTimerCC26XX.oem4f (.text:GPTimerCC26XX_setMatchValue)
                  00004b7e    00000008                          : UARTCC26XX.oem4f (.text:UARTCC26XX_init)
                  00004b86    00000008                          : UARTCC26XX.oem4f (.text:readSemCallback)
                  00004b8e    00000008                          : UARTCC26XX.oem4f (.text:writeSemCallback)
                  00004b96    00000008     mutex_pem4f.oem4f (.text:xdc_runtime_Text_visitRope__I)
                  00004b9e    00000006     drivers_cc26x2.aem4f : ADCCC26XX.oem4f (.text:ADCCC26XX_control)
                  00004ba4    00000006                          : GPTimerCC26XX.oem4f (.text:GPTimerCC26XX_getValue)
                  00004baa    00000006     driverlib.lib : cpu.obj (.text:NOROM_CPUdelay)
                  00004bb0    00000006     drivers_cc26x2.aem4f : UARTCC26XX.oem4f (.text:UARTCC26XX_readPolling)
                  00004bb6    00000006                          : UARTCC26XX.oem4f (.text:UARTCC26XX_writePolling)
                  00004bbc    00000004     dpl_cc26x2.aem4f : PowerCC26X2_tirtos.oem4f (.text:CPUwfi)
                  00004bc0    00000004                      : ClockP_tirtos.oem4f (.text:ClockP_destruct)
                  00004bc4    00000004                      : ClockP_tirtos.oem4f (.text:ClockP_getCpuFreq)
                  00004bc8    00000004                      : ClockP_tirtos.oem4f (.text:ClockP_setTimeout)
                  00004bcc    00000004                      : ClockP_tirtos.oem4f (.text:ClockP_start)
                  00004bd0    00000004                      : ClockP_tirtos.oem4f (.text:ClockP_stop)
                  00004bd4    00000004                      : HwiP_tirtos.oem4f (.text:HwiP_clearInterrupt)
                  00004bd8    00000004                      : HwiP_tirtos.oem4f (.text:HwiP_destruct)
                  00004bdc    00000004                      : HwiP_tirtos.oem4f (.text:HwiP_disable)
                  00004be0    00000004                      : SemaphoreP_tirtos.oem4f (.text:SemaphoreP_destruct)
                  00004be4    00000004                      : SemaphoreP_tirtos.oem4f (.text:SemaphoreP_post)
                  00004be8    00000004                      : SwiP_tirtos.oem4f (.text:SwiP_destruct)
                  00004bec    00000004                      : SwiP_tirtos.oem4f (.text:SwiP_disable)
                  00004bf0    00000004                      : SwiP_tirtos.oem4f (.text:SwiP_getTrigger)
                  00004bf4    00000004                      : SwiP_tirtos.oem4f (.text:SwiP_or)
                  00004bf8    00000004     util.obj (.text:Util_startClock)
                  00004bfc    00000004     util.obj (.text:Util_stopClock)
                  00004c00    00000004     drivers_cc26x2.aem4f : PowerCC26X2.oem4f (.text:nopResourceHandler)
                  00004c04    00000004     rom_sysbios.aem4f : rom_sysbios.obj (.text:ti_sysbios_knl_Clock_isActive__E)
                  00004c08    00000004     mutex_pem4f.oem4f (.text:xdc_runtime_Startup_reset__I)
                  00004c0c    00000004     rom_sysbios.aem4f : rom_sysbios.obj (.text:xdc_runtime_SysCallback_defaultReady)
                  00004c10    00000008     (.tramp.ti_sysbios_knl_Swi_destruct.1)
                  00004c18    00000008     (.tramp.ti_sysbios_knl_Semaphore_post__E.1)
                  00004c20    00000008     (.tramp.ti_sysbios_knl_Semaphore_destruct.1)
                  00004c28    00000008     (.tramp.ti_sysbios_family_arm_m3_Hwi_disableFxn__E.1)
                  00004c30    00000008     (.tramp.ti_sysbios_family_arm_m3_Hwi_destruct.1)
                  00004c38    00000008     (.tramp.ti_sysbios_BIOS_getCpuFreq__E.1)
                  00004c40    00000008     (.tramp.ti_sysbios_knl_Clock_destruct.1)
                  00004c48    00000008     (.tramp.ti_sysbios_knl_Semaphore_pend__E.1)
                  00004c50    00000008     (.tramp.ti_sysbios_knl_Clock_logTick__E.1)
                  00004c58    00000008     (.tramp.ti_sysbios_knl_Swi_post__E.1)
                  00004c60    00000008     (.tramp.ti_sysbios_BIOS_RtsGateProxy_leave__E.1)
                  00004c68    00000008     (.tramp.ti_sysbios_knl_Swi_construct.1)
                  00004c70    00000008     (.tramp.ti_sysbios_knl_Task_restore__E.1)
                  00004c78    00000008     (.tramp.ti_sysbios_BIOS_RtsGateProxy_enter__E.1)
                  00004c80    00000008     (.tramp.ti_sysbios_BIOS_start__E.1)
                  00004c88    00000008     (.tramp.ti_sysbios_knl_Clock_TimerProxy_getCurrentTick__E.1)
                  00004c90    00000008     (.tramp.ti_sysbios_knl_Semaphore_construct.1)
                  00004c98    00000008     (.tramp.ti_sysbios_knl_Semaphore_Params__init__S.1)
                  00004ca0    00000008     (.tramp.ti_sysbios_knl_Task_startup__E.1)
                  00004ca8    00000008     (.tramp.ti_sysbios_knl_Swi_startup__E.1)
                  00004cb0    00000008     (.tramp.ti_sysbios_hal_Hwi_startup__E.1)
                  00004cb8    00000008     (.tramp.ti_sysbios_family_arm_cc26xx_Timer_startup__E.1)
                  00004cc0    00000008     (.tramp.xdc_runtime_System_atexit__E.1)
                  00004cc8    00000008     (.tramp.ti_sysbios_BIOS_linkedWithIncorrectBootLibrary__E.1)
                  00004cd0    00000008     (.tramp.xdc_runtime_Startup_rtsDone__E.1)
                  00004cd8    00000008     (.tramp.ti_sysbios_BIOS_setThreadType__E.1)
                  00004ce0    00000008     (.tramp.ti_sysbios_knl_Task_disable__E.1)
                  00004ce8    00000008     (.tramp.ti_sysbios_knl_Swi_disable__E.1)
                  00004cf0    00000008     (.tramp.ti_sysbios_family_arm_m3_Hwi_construct.1)
                  00004cf8    00000008     (.tramp.ti_sysbios_knl_Swi_Params__init__S.1)
                  00004d00    00000008     (.tramp.ti_sysbios_knl_Task_construct.1)
                  00004d08    00000008     (.tramp.ti_sysbios_knl_Task_Params__init__S.1)
                  00004d10    00000008     (.tramp.ti_sysbios_family_arm_m3_Hwi_Params__init__S.1)
                  00004d18    00000008     (.tramp.xdc_runtime_System_exit__E.1)
                  00004d20    00000008     (.tramp.ti_sysbios_knl_Clock_construct.1)
                  00004d28    00000008     (.tramp.ti_sysbios_knl_Clock_Params__init__S.1)
                  00004d30    00000008     (.tramp.ti_sysbios_heaps_HeapMem_restore__E.1)
                  00004d38    00000008     (.tramp.ti_sysbios_heaps_HeapMem_Object__get__S.1)
                  00004d40    00000008     (.tramp.ti_sysbios_knl_Clock_start__E.1)
                  00004d48    00000008     (.tramp.ti_sysbios_knl_Clock_setTimeout__E.1)
                  00004d50    00000008     (.tramp.xdc_runtime_System_doPrint__I.1)
                  00004d58    00000008     (.tramp.xdc_runtime_Text_putSite__E.1)
                  00004d60    00000008     (.tramp.xdc_runtime_Text_putLab__E.1)
                  00004d68    00000008     (.tramp.ti_sysbios_family_arm_m3_Hwi_restoreFxn__E.1)
                  00004d70    00000008     (.tramp.ti_sysbios_knl_Swi_restore__E.1)
                  00004d78    00000008     (.tramp.ti_sysbios_knl_Task_sleep__E.1)
                  00004d80    00000008     (.tramp.ti_sysbios_knl_Clock_stop__E.1)

.const     0    00004d88    00000910     
                  00004d88    000003b8     mutex_pem4f.oem4f (.const:ROM_constStruct)
                  00005140    00000084     CC26X2R1_LAUNCHXL.obj (.const:ADC_config)
                  000051c4    00000060     CC26X2R1_LAUNCHXL.obj (.const:GPTimerCC26XX_config)
                  00005224    00000060     CC26X2R1_LAUNCHXL.obj (.const:PWM_config)
                  00005284    00000060     CC26X2R1_LAUNCHXL.obj (.const:gptimerCC26xxHWAttrs)
                  000052e4    00000054     drivers_cc26x2.aem4f : PowerCC26X2.oem4f (.const:resourceDB)
                  00005338    00000050     CC26X2R1_LAUNCHXL.obj (.const:uartCC26XXHWAttrs)
                  00005388    0000004d     CC26X2R1_LAUNCHXL.obj (.const:adcCC26xxHWAttrs)
                  000053d5    00000001     mutex_pem4f.oem4f (.const:xdc_runtime_Text_charTab__A)
                  000053d6    00000002     --HOLE-- [fill = 0]
                  000053d8    0000004c     CC26X2R1_LAUNCHXL.obj (.const:BoardGpioInitTable)
                  00005424    00000048     mutex_pem4f.oem4f (.const:.string)
                  0000546c    00000048     mutex_pem4f.oem4f (.const:ROM_externFuncPtrs)
                  000054b4    00000028     drivers_cc26x2.aem4f : UARTCC26XX.oem4f (.const:UARTCC26XX_fxnTable)
                  000054dc    00000024                          : PWMTimerCC26XX.oem4f (.const:PWMTimerCC26XX_fxnTable)
                  00005500    00000024                          : UART.oem4f (.const:UART_defaultParams)
                  00005524    00000024     mutex_pem4f.oem4f (.const:xdc_runtime_Startup_sfxnTab__A)
                  00005548    0000001c     drivers_cc26x2.aem4f : GPTimerCC26XX.oem4f (.const:GPT_LUT)
                  00005564    00000018                          : ADCCC26XX.oem4f (.const:ADCCC26XX_fxnTable)
                  0000557c    00000018                          : PWM.oem4f (.const:PWM_defaultParams)
                  00005594    00000018     CC26X2R1_LAUNCHXL.obj (.const:UART_config)
                  000055ac    00000016     CC26X2R1_LAUNCHXL.obj (.const)
                  000055c2    00000002     --HOLE-- [fill = 0]
                  000055c4    00000014     CC26X2R1_LAUNCHXL_fxns.obj (.const:$P$T1$2)
                  000055d8    00000014     drivers_cc26x2.aem4f : UARTCC26XX.oem4f (.const:parityType)
                  000055ec    00000012     mutex_pem4f.oem4f (.const:xdc_runtime_Startup_sfxnRts__A)
                  000055fe    00000002     --HOLE-- [fill = 0]
                  00005600    00000010     CC26X2R1_LAUNCHXL.obj (.const:PowerCC26X2_config)
                  00005610    00000010     drivers_cc26x2.aem4f : UARTCC26XX.oem4f (.const:dataLength)
                  00005620    00000010     CC26X2R1_LAUNCHXL.obj (.const:pwmtimerCC26xxHWAttrs)
                  00005630    0000000c     mutex_pem4f.oem4f (.const:xdc_runtime_Startup_firstFxns__A)
                  0000563c    00000008     driverlib.lib : aux_sysif.obj (.const:$O1$$)
                  00005644    00000008     CC26X2R1_LAUNCHXL_fxns.obj (.const:$P$T0$1)
                  0000564c    00000008     drivers_cc26x2.aem4f : GPTimerCC26XX.oem4f (.const:GPT_DefaultParams)
                  00005654    00000008     CC26X2R1_LAUNCHXL.obj (.const:PINCC26XX_hwAttrs)
                  0000565c    00000008     drivers_cc26x2.aem4f : UARTCC26XX.oem4f (.const:stopBits)
                  00005664    00000008     mutex_pem4f.oem4f (.const:ti_sysbios_family_arm_m3_Hwi_excHookFuncs__A)
                  0000566c    00000008     mutex_pem4f.oem4f (.const:ti_sysbios_knl_Idle_funcList__A)
                  00005674    00000006     drivers_cc26x2.aem4f : UARTCC26XX.oem4f (.const:.string:rxFifoBytes)
                  0000567a    00000006                          : UARTCC26XX.oem4f (.const:.string:rxFifoThreshold)
                  00005680    00000006                          : UARTCC26XX.oem4f (.const:.string:txFifoBytes)
                  00005686    00000006                          : UARTCC26XX.oem4f (.const:.string:txFifoThreshold)
                  0000568c    00000004     mutex_pem4f.oem4f (.const:ti_sysbios_heaps_HeapMem_primaryHeapBaseAddr__C)
                  00005690    00000004     mutex_pem4f.oem4f (.const:ti_sysbios_heaps_HeapMem_primaryHeapEndAddr__C)
                  00005694    00000004     mutex_pem4f.oem4f (.const:ti_sysbios_knl_Clock_tickPeriod__C)

MODULE SUMMARY

       Module                             code    ro data   rw data
       ------                             ----    -------   -------
    .\
       main.obj                           3884    0         1028   
       CC26X2R1_LAUNCHXL.obj              28      739       1428   
       uart_printf.obj                    148     0         1032   
       CC26X2R1_LAUNCHXL_fxns.obj         226     28        0      
       FIFO.obj                           172     0         0      
       util.obj                           168     0         0      
       ccfg.obj                           0       88        0      
    +--+----------------------------------+-------+---------+---------+
       Total:                             4626    855       3488   
                                                                   
    C:\Users\hukid\workspace_v8\Kapture_D2_Test_Code\Release\configPkg\package\cfg\
       mutex_pem4f.oem4f                  648     1251      1786   
    +--+----------------------------------+-------+---------+---------+
       Total:                             648     1251      1786   
                                                                   
    C:/TI/simplelink_cc13x2_26x2_sdk_3_10_00_53/kernel/tirtos/packages/ti/dpl/lib/dpl_cc26x2.aem4f
       PowerCC26X2_tirtos.oem4f           240     0         8      
       ClockP_tirtos.oem4f                110     0         4      
       SwiP_tirtos.oem4f                  92      0         0      
       HwiP_tirtos.oem4f                  90      0         0      
       SemaphoreP_tirtos.oem4f            70      0         0      
    +--+----------------------------------+-------+---------+---------+
       Total:                             602     0         12     
                                                                   
    C:/TI/simplelink_cc13x2_26x2_sdk_3_10_00_53/source/ti/devices/cc13x2_cc26x2/driverlib/bin/ccs/driverlib.lib
       osc.obj                            336     0         28     
       setup.obj                          324     0         0      
       sys_ctrl.obj                       296     0         0      
       chipinfo.obj                       222     0         0      
       aux_sysif.obj                      52      8         0      
       cpu.obj                            30      0         0      
       driverlib_release.obj              0       0         1      
    +--+----------------------------------+-------+---------+---------+
       Total:                             1260    8         29     
                                                                   
    C:/TI/simplelink_cc13x2_26x2_sdk_3_10_00_53/source/ti/drivers/lib/drivers_cc26x2.aem4f
       UARTCC26XX.oem4f                   2742    108       0      
       PowerCC26X2.oem4f                  1894    84        236    
       PINCC26XX.oem4f                    1582    0         276    
       PowerCC26X2_calibrateRCOSC.oem4f   1400    0         0      
       PWMTimerCC26XX.oem4f               836     36        16     
       GPTimerCC26XX.oem4f                724     36        0      
       ADCCC26XX.oem4f                    534     24        30     
       UART.oem4f                         176     36        1      
       PWM.oem4f                          172     24        1      
       RingBuf.oem4f                      152     0         0      
       List.oem4f                         76      0         0      
       ADC.oem4f                          68      0         1      
    +--+----------------------------------+-------+---------+---------+
       Total:                             10356   348       561    
                                                                   
    C:\TI\ccsv8\tools\compiler\ti-cgt-arm_18.12.1.LTS\lib\rtsv7M4_T_le_v4SPD16_eabi.lib
       memcpy_t2.asm.obj                  156     0         0      
       ull_div_t2.asm.obj                 150     0         0      
       memset_t2.asm.obj                  122     0         0      
       copy_decompress_lzss.c.obj         104     0         0      
       cpy_tbl.c.obj                      76      0         0      
       u_divt2.asm.obj                    64      0         0      
       _lock.c.obj                        26      0         8      
       args_main.c.obj                    24      0         0      
       ll_mul_t2.asm.obj                  24      0         0      
       copy_decompress_none.c.obj         14      0         0      
       copy_zero_init.c.obj               12      0         0      
       stkdepth_vars.c.obj                0       0         4      
       div0.asm.obj                       2       0         0      
    +--+----------------------------------+-------+---------+---------+
       Total:                             774     0         12     
                                                                   
    C:\TI\simplelink_cc13x2_26x2_sdk_3_10_00_53\kernel\tirtos\packages\ti\targets\arm\rtsarm\lib\auto_init.aem4f
       auto_init.oem4f                    160     0         0      
    +--+----------------------------------+-------+---------+---------+
       Total:                             160     0         0      
                                                                   
    C:\TI\simplelink_cc13x2_26x2_sdk_3_10_00_53\kernel\tirtos\packages\ti\targets\arm\rtsarm\lib\boot.aem4f
       boot.oem4f                         88      0         0      
    +--+----------------------------------+-------+---------+---------+
       Total:                             88      0         0      
                                                                   
    C:\Users\hukid\workspace_v8\Kapture_D2_Test_Code\src\sysbios\rom_sysbios.aem4f
       rom_sysbios.obj                    893     0         0      
    +--+----------------------------------+-------+---------+---------+
       Total:                             893     0         0      
                                                                   
       Stack:                             0       0         1024   
       Linker Generated:                  376     511       0      
    +--+----------------------------------+-------+---------+---------+
       Grand Total:                       19783   2973      6912   


LINKER GENERATED COPY TABLES

__TI_cinit_table @ 00005870 records: 5, size/record: 8, table size: 40
	.data: load addr=00005698, load size=000001ab bytes, run addr=20002280, run size=000004af bytes, compression=lzss
	.bss: load addr=00005850, load size=00000008 bytes, run addr=20000110, run size=0000116d bytes, compression=zero_init
	.data:xdcRomConstPtr: load addr=00005858, load size=00000008 bytes, run addr=20000100, run size=00000004 bytes, compression=lzss
	.data:xdcRomExternFuncPtr: load addr=00005860, load size=00000008 bytes, run addr=20000104, run size=00000004 bytes, compression=lzss
	.data:xdcRomStatePtr: load addr=00005868, load size=00000008 bytes, run addr=20000108, run size=00000004 bytes, compression=lzss


LINKER GENERATED HANDLER TABLE

__TI_handler_table @ 00005844 records: 3, size/record: 4, table size: 12
	index: 0, handler: __TI_decompress_lzss
	index: 1, handler: __TI_decompress_none
	index: 2, handler: __TI_zero_init


FAR CALL TRAMPOLINES

callee name               trampoline name
   callee addr  tramp addr   call addr  call info
--------------  -----------  ---------  ----------------
ti_sysbios_knl_Swi_destruct  $Tramp$TT$L$PI$$ti_sysbios_knl_Swi_destruct
   1002e8bd     00004c10     00004be8   dpl_cc26x2.aem4f : SwiP_tirtos.oem4f (.text:SwiP_destruct)
ti_sysbios_knl_Semaphore_post__E  $Tramp$TT$L$PI$$ti_sysbios_knl_Semaphore_post__E
   1002cd21     00004c18     00004be4   dpl_cc26x2.aem4f : SemaphoreP_tirtos.oem4f (.text:SemaphoreP_post)
ti_sysbios_knl_Semaphore_destruct  $Tramp$TT$L$PI$$ti_sysbios_knl_Semaphore_destruct
   1002e6fd     00004c20     00004be0   dpl_cc26x2.aem4f : SemaphoreP_tirtos.oem4f (.text:SemaphoreP_destruct)
ti_sysbios_family_arm_m3_Hwi_disableFxn__E  $Tramp$TT$L$PI$$ti_sysbios_family_arm_m3_Hwi_disableFxn__E
   1002eb55     00004c28     00004bdc   dpl_cc26x2.aem4f : HwiP_tirtos.oem4f (.text:HwiP_disable)
ti_sysbios_family_arm_m3_Hwi_destruct  $Tramp$TT$L$PI$$ti_sysbios_family_arm_m3_Hwi_destruct
   1002e475     00004c30     00004bd8   dpl_cc26x2.aem4f : HwiP_tirtos.oem4f (.text:HwiP_destruct)
ti_sysbios_BIOS_getCpuFreq__E  $Tramp$TT$L$PI$$ti_sysbios_BIOS_getCpuFreq__E
   1002e9fd     00004c38     00004bc4   dpl_cc26x2.aem4f : ClockP_tirtos.oem4f (.text:ClockP_getCpuFreq)
ti_sysbios_knl_Clock_destruct  $Tramp$TT$L$PI$$ti_sysbios_knl_Clock_destruct
   1002e649     00004c40     00004bc0   dpl_cc26x2.aem4f : ClockP_tirtos.oem4f (.text:ClockP_destruct)
ti_sysbios_knl_Semaphore_pend__E  $Tramp$TT$L$PI$$ti_sysbios_knl_Semaphore_pend__E
   1002bfb1     00004c48     00004a3a   dpl_cc26x2.aem4f : SemaphoreP_tirtos.oem4f (.text:SemaphoreP_pend)
ti_sysbios_knl_Clock_logTick__E  $Tramp$TT$L$PI$$ti_sysbios_knl_Clock_logTick__E
   1002dbd7     00004c50     00004a02   mutex_pem4f.oem4f (.text:ti_sysbios_knl_Clock_doTick__I)
ti_sysbios_knl_Swi_post__E  $Tramp$TT$L$PI$$ti_sysbios_knl_Swi_post__E
   1002d891     00004c58     00004940   rom_sysbios.aem4f : rom_sysbios.obj (.text:ti_sysbios_knl_Swi_or__E)
                             00004a0a   mutex_pem4f.oem4f (.text:ti_sysbios_knl_Clock_doTick__I)
ti_sysbios_BIOS_RtsGateProxy_leave__E  $Tramp$TT$L$PI$$ti_sysbios_BIOS_RtsGateProxy_leave__E
   1002ec7b     00004c60     00004922   mutex_pem4f.oem4f (.text:ti_sysbios_BIOS_rtsUnlock__I)
ti_sysbios_knl_Swi_construct  $Tramp$TT$L$PI$$ti_sysbios_knl_Swi_construct
   1002d719     00004c68     00004836   rom_sysbios.aem4f : rom_sysbios.obj (.text:ti_sysbios_knl_Swi_construct2__E)
ti_sysbios_knl_Task_restore__E  $Tramp$TT$L$PI$$ti_sysbios_knl_Task_restore__E
   1002df45     00004c70     00004806   dpl_cc26x2.aem4f : PowerCC26X2_tirtos.oem4f (.text:PowerCC26XX_schedulerRestore)
ti_sysbios_BIOS_RtsGateProxy_enter__E  $Tramp$TT$L$PI$$ti_sysbios_BIOS_RtsGateProxy_enter__E
   1002ec77     00004c78     000046be   mutex_pem4f.oem4f (.text:ti_sysbios_BIOS_rtsLock__I)
ti_sysbios_BIOS_start__E  $Tramp$TT$L$PI$$ti_sysbios_BIOS_start__E
   1002eaa5     00004c80     000045f0   main.obj (.text:main)
ti_sysbios_knl_Clock_TimerProxy_getCurrentTick__E  $Tramp$TT$L$PI$$ti_sysbios_knl_Clock_TimerProxy_getCurrentTick__E
   1002eac5     00004c88     00004382   rom_sysbios.aem4f : rom_sysbios.obj (.text:ti_sysbios_knl_Clock_getTicksUntilInterrupt__E)
ti_sysbios_knl_Semaphore_construct  $Tramp$TT$L$PI$$ti_sysbios_knl_Semaphore_construct
   1002ddc1     00004c90     00004366   dpl_cc26x2.aem4f : SemaphoreP_tirtos.oem4f (.text:SemaphoreP_constructBinary)
ti_sysbios_knl_Semaphore_Params__init__S  $Tramp$TT$L$PI$$ti_sysbios_knl_Semaphore_Params__init__S
   1002ebe5     00004c98     00004356   dpl_cc26x2.aem4f : SemaphoreP_tirtos.oem4f (.text:SemaphoreP_constructBinary)
ti_sysbios_knl_Task_startup__E  $Tramp$TT$L$PI$$ti_sysbios_knl_Task_startup__E
   1002eceb     00004ca0     00004228   mutex_pem4f.oem4f (.text:ti_sysbios_BIOS_startFunc__I)
ti_sysbios_knl_Swi_startup__E  $Tramp$TT$L$PI$$ti_sysbios_knl_Swi_startup__E
   1002ec6b     00004ca8     00004224   mutex_pem4f.oem4f (.text:ti_sysbios_BIOS_startFunc__I)
ti_sysbios_hal_Hwi_startup__E  $Tramp$TT$L$PI$$ti_sysbios_hal_Hwi_startup__E
   1002ec31     00004cb0     00004220   mutex_pem4f.oem4f (.text:ti_sysbios_BIOS_startFunc__I)
ti_sysbios_family_arm_cc26xx_Timer_startup__E  $Tramp$TT$L$PI$$ti_sysbios_family_arm_cc26xx_Timer_startup__E
   1002dcf1     00004cb8     0000421c   mutex_pem4f.oem4f (.text:ti_sysbios_BIOS_startFunc__I)
xdc_runtime_System_atexit__E  $Tramp$TT$L$PI$$xdc_runtime_System_atexit__E
   1002f559     00004cc0     00004214   mutex_pem4f.oem4f (.text:ti_sysbios_BIOS_startFunc__I)
ti_sysbios_BIOS_linkedWithIncorrectBootLibrary__E  $Tramp$TT$L$PI$$ti_sysbios_BIOS_linkedWithIncorrectBootLibrary__E
   1002d01b     00004cc8     0000420e   mutex_pem4f.oem4f (.text:ti_sysbios_BIOS_startFunc__I)
xdc_runtime_Startup_rtsDone__E  $Tramp$TT$L$PI$$xdc_runtime_Startup_rtsDone__E
   1002f8e5     00004cd0     00004206   mutex_pem4f.oem4f (.text:ti_sysbios_BIOS_startFunc__I)
ti_sysbios_BIOS_setThreadType__E  $Tramp$TT$L$PI$$ti_sysbios_BIOS_setThreadType__E
   1002ea11     00004cd8     000041e0   mutex_pem4f.oem4f (.text:ti_sysbios_BIOS_atExitFunc__I)
                             0000497c   mutex_pem4f.oem4f (.text:ti_sysbios_BIOS_exitFunc__I)
ti_sysbios_knl_Task_disable__E  $Tramp$TT$L$PI$$ti_sysbios_knl_Task_disable__E
   1002ea4d     00004ce0     000041da   mutex_pem4f.oem4f (.text:ti_sysbios_BIOS_atExitFunc__I)
                             000047de   dpl_cc26x2.aem4f : PowerCC26X2_tirtos.oem4f (.text:PowerCC26XX_schedulerDisable)
ti_sysbios_knl_Swi_disable__E  $Tramp$TT$L$PI$$ti_sysbios_knl_Swi_disable__E
   1002ea25     00004ce8     000041d6   mutex_pem4f.oem4f (.text:ti_sysbios_BIOS_atExitFunc__I)
                             000047e6   dpl_cc26x2.aem4f : PowerCC26X2_tirtos.oem4f (.text:PowerCC26XX_schedulerDisable)
                             00004bec                    : SwiP_tirtos.oem4f (.text:SwiP_disable)
ti_sysbios_family_arm_m3_Hwi_construct  $Tramp$TT$L$PI$$ti_sysbios_family_arm_m3_Hwi_construct
   1002d421     00004cf0     00003d1e   rom_sysbios.aem4f : rom_sysbios.obj (.text:ti_sysbios_family_arm_m3_Hwi_construct2__E)
ti_sysbios_knl_Swi_Params__init__S  $Tramp$TT$L$PI$$ti_sysbios_knl_Swi_Params__init__S
   1002ebf1     00004cf8     00003ce2   dpl_cc26x2.aem4f : SwiP_tirtos.oem4f (.text:SwiP_construct)
ti_sysbios_knl_Task_construct  $Tramp$TT$L$PI$$ti_sysbios_knl_Task_construct
   1002d5d9     00004d00     00003c3c   main.obj (.text:MainTaskCreate)
ti_sysbios_knl_Task_Params__init__S  $Tramp$TT$L$PI$$ti_sysbios_knl_Task_Params__init__S
   1002ec09     00004d08     00003c22   main.obj (.text:MainTaskCreate)
ti_sysbios_family_arm_m3_Hwi_Params__init__S  $Tramp$TT$L$PI$$ti_sysbios_family_arm_m3_Hwi_Params__init__S
   1002eb49     00004d10     00003bb4   dpl_cc26x2.aem4f : HwiP_tirtos.oem4f (.text:HwiP_construct)
xdc_runtime_System_exit__E  $Tramp$TT$L$PI$$xdc_runtime_System_exit__E
   1002f7b1     00004d18     00003488   boot.aem4f : boot.oem4f (.text)
                             00004982   mutex_pem4f.oem4f (.text:ti_sysbios_BIOS_exitFunc__I)
ti_sysbios_knl_Clock_construct  $Tramp$TT$L$PI$$ti_sysbios_knl_Clock_construct
   1002dd8d     00004d20     00003436   util.obj (.text:Util_constructClock)
                             000034d6   dpl_cc26x2.aem4f : ClockP_tirtos.oem4f (.text:ClockP_construct)
ti_sysbios_knl_Clock_Params__init__S  $Tramp$TT$L$PI$$ti_sysbios_knl_Clock_Params__init__S
   1002eb9d     00004d28     0000340a   util.obj (.text:Util_constructClock)
                             000034bc   dpl_cc26x2.aem4f : ClockP_tirtos.oem4f (.text:ClockP_construct)
ti_sysbios_heaps_HeapMem_restore__E  $Tramp$TT$L$PI$$ti_sysbios_heaps_HeapMem_restore__E
   1002eb13     00004d30     00003098   rom_sysbios.aem4f : rom_sysbios.obj (.text:ti_sysbios_heaps_HeapMem_initPrimary__I)
ti_sysbios_heaps_HeapMem_Object__get__S  $Tramp$TT$L$PI$$ti_sysbios_heaps_HeapMem_Object__get__S
   1002e275     00004d38     00003060   rom_sysbios.aem4f : rom_sysbios.obj (.text:ti_sysbios_heaps_HeapMem_initPrimary__I)
ti_sysbios_knl_Clock_start__E  $Tramp$TT$L$PI$$ti_sysbios_knl_Clock_start__E
   1002e9e7     00004d40     00002092   dpl_cc26x2.aem4f : PowerCC26X2_tirtos.oem4f (.text:PowerCC26XX_standbyPolicy)
                             00003e4c   util.obj (.text:Util_restartClock)
                             00004bcc   dpl_cc26x2.aem4f : ClockP_tirtos.oem4f (.text:ClockP_start)
                             00004bf8   util.obj (.text:Util_startClock)
ti_sysbios_knl_Clock_setTimeout__E  $Tramp$TT$L$PI$$ti_sysbios_knl_Clock_setTimeout__E
   1002ecc3     00004d48     0000208c   dpl_cc26x2.aem4f : PowerCC26X2_tirtos.oem4f (.text:PowerCC26XX_standbyPolicy)
                             00003e46   util.obj (.text:Util_restartClock)
                             00004bc8   dpl_cc26x2.aem4f : ClockP_tirtos.oem4f (.text:ClockP_setTimeout)
xdc_runtime_System_doPrint__I  $Tramp$TT$L$PI$$xdc_runtime_System_doPrint__I
   1002ecf1     00004d50     0000162a   mutex_pem4f.oem4f (.text:xdc_runtime_System_printfExtend__I)
xdc_runtime_Text_putSite__E  $Tramp$TT$L$PI$$xdc_runtime_Text_putSite__E
   1002f15d     00004d58     000015f8   mutex_pem4f.oem4f (.text:xdc_runtime_System_printfExtend__I)
xdc_runtime_Text_putLab__E  $Tramp$TT$L$PI$$xdc_runtime_Text_putLab__E
   1002f3c5     00004d60     000015be   mutex_pem4f.oem4f (.text:xdc_runtime_System_printfExtend__I)
ti_sysbios_family_arm_m3_Hwi_restoreFxn__E  $Tramp$TT$L$PI$$ti_sysbios_family_arm_m3_Hwi_restoreFxn__E
   1002ec47     00004d68     00000e5e   drivers_cc26x2.aem4f : UARTCC26XX.oem4f (.text:UARTCC26XX_open)
                             00000e6a                        : UARTCC26XX.oem4f (.text:UARTCC26XX_open)
                             00000ef4                        : UARTCC26XX.oem4f (.text:UARTCC26XX_open)
                             00001290                        : UARTCC26XX.oem4f (.text:UARTCC26XX_read)
                             000012ec                        : UARTCC26XX.oem4f (.text:UARTCC26XX_read)
                             00001314                        : UARTCC26XX.oem4f (.text:UARTCC26XX_read)
                             00001326                        : UARTCC26XX.oem4f (.text:UARTCC26XX_read)
                             00001370                        : UARTCC26XX.oem4f (.text:UARTCC26XX_read)
                             00001380                        : UARTCC26XX.oem4f (.text:UARTCC26XX_read)
                             0000154a                        : PINCC26XX.oem4f (.text:PINCC26XX_setIoCfg)
                             00001884                        : UARTCC26XX.oem4f (.text:UARTCC26XX_write)
                             000018a6                        : UARTCC26XX.oem4f (.text:UARTCC26XX_write)
                             000018fc                        : UARTCC26XX.oem4f (.text:UARTCC26XX_write)
                             00001954                        : PWMTimerCC26XX.oem4f (.text:PWMTimerCC26XX_open)
                             00001964                        : PWMTimerCC26XX.oem4f (.text:PWMTimerCC26XX_open)
                             00001c68                        : PowerCC26X2.oem4f (.text:Power_releaseDependency)
                             00001d2c                        : PowerCC26X2.oem4f (.text:Power_setDependency)
                             000024d6                        : PWMTimerCC26XX.oem4f (.text:PWMTimerCC26XX_setDutyAndPeriod)
                             0000262c                        : UARTCC26XX.oem4f (.text:writeTxFifoFlush)
                             0000276a                        : UARTCC26XX.oem4f (.text:UARTCC26XX_writeCancel)
                             00002780                        : UARTCC26XX.oem4f (.text:UARTCC26XX_writeCancel)
                             000027b4                        : UARTCC26XX.oem4f (.text:UARTCC26XX_writeCancel)
                             00002822                        : GPTimerCC26XX.oem4f (.text:GPTimerCC26XX_open)
                             0000283e                        : GPTimerCC26XX.oem4f (.text:GPTimerCC26XX_open)
                             00002c9a                        : ADCCC26XX.oem4f (.text:ADCCC26XX_open)
                             00002cbe                        : ADCCC26XX.oem4f (.text:ADCCC26XX_open)
                             0000302e                        : UARTCC26XX.oem4f (.text:UARTCC26XX_control)
                             0000331c                        : GPTimerCC26XX.oem4f (.text:GPTimerCC26XX_stop)
                             0000332a                        : GPTimerCC26XX.oem4f (.text:GPTimerCC26XX_stop)
                             000033be                        : PowerCC26X2_calibrateRCOSC.oem4f (.text:PowerCC26X2_initiateCalibration)
                             00003610                        : GPTimerCC26XX.oem4f (.text:GPTimerCC26XX_start)
                             0000361c                        : GPTimerCC26XX.oem4f (.text:GPTimerCC26XX_start)
                             0000364e                        : UARTCC26XX.oem4f (.text:UARTCC26XX_readCancel)
                             00003662                        : UARTCC26XX.oem4f (.text:UARTCC26XX_readCancel)
                             00003786                        : PINCC26XX.oem4f (.text:PIN_setOutputEnable)
                             0000384a                        : PowerCC26X2.oem4f (.text:switchXOSCHF)
                             000038d0                        : RingBuf.oem4f (.text:RingBuf_put)
                             000038fa                        : RingBuf.oem4f (.text:RingBuf_put)
                             00003936                        : ADC.oem4f (.text:ADC_init)
                             00003a02                        : PWM.oem4f (.text:PWM_init)
                             00003a46                        : UART.oem4f (.text:UART_init)
                             00003ac6                        : RingBuf.oem4f (.text:RingBuf_get)
                             00003ace                        : RingBuf.oem4f (.text:RingBuf_get)
                             00003bfe                        : ADCCC26XX.oem4f (.text:ADCCC26XX_close)
                             0000409a                        : PowerCC26X2.oem4f (.text:Power_releaseConstraint)
                             000040ce                        : PowerCC26X2.oem4f (.text:Power_setConstraint)
                             0000416e                        : GPTimerCC26XX.oem4f (.text:GPTimerCC26XX_close)
                             000041b2                        : PWMTimerCC26XX.oem4f (.text:PWMTimerCC26XX_start)
                             0000430c                        : PWMTimerCC26XX.oem4f (.text:PWMTimerCC26XX_close)
                             00004326                        : PWMTimerCC26XX.oem4f (.text:PWMTimerCC26XX_stop)
                             000044d4                        : List.oem4f (.text:List_put)
                             000044fa                        : List.oem4f (.text:List_remove)
                             0000464e                        : PowerCC26X2.oem4f (.text:Power_unregisterNotify)
                             00004692                        : UARTCC26XX.oem4f (.text:threadSafeStdbyDisRelease)
                             000046b2                        : UARTCC26XX.oem4f (.text:threadSafeStdbyDisSet)
ti_sysbios_knl_Swi_restore__E  $Tramp$TT$L$PI$$ti_sysbios_knl_Swi_restore__E
   1002db61     00004d70     0000096e   drivers_cc26x2.aem4f : PowerCC26X2.oem4f (.text:Power_sleep)
                             000047fe   dpl_cc26x2.aem4f : PowerCC26X2_tirtos.oem4f (.text:PowerCC26XX_schedulerRestore)
ti_sysbios_knl_Task_sleep__E  $Tramp$TT$L$PI$$ti_sysbios_knl_Task_sleep__E
   1002ce01     00004d78     00000472   main.obj (.text:maintaskFxn)
                             00000506   main.obj (.text:RLCheck)
                             000005ae   main.obj (.text:RLCheck)
                             000005dc   main.obj (.text:RLCheck)
ti_sysbios_knl_Clock_stop__E  $Tramp$TT$L$PI$$ti_sysbios_knl_Clock_stop__E
   1002e2c5     00004d80     000001b0   main.obj (.text:uiFxn)
                             0000209e   dpl_cc26x2.aem4f : PowerCC26X2_tirtos.oem4f (.text:PowerCC26XX_standbyPolicy)
                             00003e2e   util.obj (.text:Util_restartClock)
                             00004bd0   dpl_cc26x2.aem4f : ClockP_tirtos.oem4f (.text:ClockP_stop)
                             00004bfc   util.obj (.text:Util_stopClock)

[47 trampolines]
[122 trampoline calls]


GLOBAL SYMBOLS: SORTED ALPHABETICALLY BY Name 

address   name                                                               
-------   ----                                                               
000055ac  ADCBuf_count                                                       
00003bd9  ADCCC26XX_close                                                    
00004b9f  ADCCC26XX_control                                                  
00001679  ADCCC26XX_convert                                                  
00002f85  ADCCC26XX_convertToMicroVolts                                      
00005564  ADCCC26XX_fxnTable                                                 
00004b67  ADCCC26XX_init                                                     
00002c7d  ADCCC26XX_open                                                     
00005140  ADC_config                                                         
000055ad  ADC_count                                                          
00003905  ADC_init                                                           
000055b4  AESCBC_count                                                       
000055b2  AESCCM_count                                                       
000055b7  AESCTRDRBG_count                                                   
000055b5  AESCTR_count                                                       
000055b6  AESECB_count                                                       
000055b3  AESGCM_count                                                       
000053d8  BoardGpioInitTable                                                 
00004735  Board_init                                                         
00003d41  Board_initHook                                                     
00004735  CC26X2R1_LAUNCHXL_initGeneral                                      
000030b1  CC26X2R1_LAUNCHXL_sendExtFlashByte                                 
00003d41  CC26X2R1_LAUNCHXL_shutDownExtFlash                                 
0000370d  CC26X2R1_LAUNCHXL_wakeUpExtFlash                                   
00004b35  ClockP_Params_init                                                 
000034a1  ClockP_construct                                                   
00004bc1  ClockP_destruct                                                    
00004bc5  ClockP_getCpuFreq                                                  
1002dc11  ClockP_getSystemTicks                                              
00004bc9  ClockP_setTimeout                                                  
00004bcd  ClockP_start                                                       
00004bd1  ClockP_stop                                                        
20001268  ClockP_tickPeriod                                                  
000055b9  Display_count                                                      
00004751  DoRLCheck                                                          
000055ae  ECDH_count                                                         
000055af  ECDSA_count                                                        
000055b0  ECJPAKE_count                                                      
200011f4  FIFOBuf                                                            
00004265  FIFOGetByte                                                        
00004a9d  FIFOIsEmpty                                                        
00004501  FIFOIsFull                                                         
00004293  FIFOPutByte                                                        
20001148  FIFOStack                                                          
00004a15  GPTimerCC26XX_Params_init                                          
00004145  GPTimerCC26XX_close                                                
000051c4  GPTimerCC26XX_config                                               
00003fa5  GPTimerCC26XX_configureDebugStall                                  
00004ba5  GPTimerCC26XX_getValue                                             
000027d9  GPTimerCC26XX_open                                                 
00004b6f  GPTimerCC26XX_setLoadValue                                         
00004b77  GPTimerCC26XX_setMatchValue                                        
000035dd  GPTimerCC26XX_start                                                
000032e9  GPTimerCC26XX_stop                                                 
00004ac9  GetMotorSW                                                         
00001000  HEAPSIZE                                                           
00004a4b  HwiP_Params_init                                                   
00004bd5  HwiP_clearInterrupt                                                
00003b99  HwiP_construct                                                     
00004bd9  HwiP_destruct                                                      
00004bdd  HwiP_disable                                                       
1002ec47  HwiP_restore                                                       
000055ba  I2C_count                                                          
000055bb  I2S_count                                                          
00001a1d  InitGlobalParameter                                                
00000cd5  InitMaintask                                                       
00003341  InitMotor                                                          
00003d79  InitPuzzer                                                         
0000439d  InitUI                                                             
000045f9  InitialFIFO                                                        
000044b5  List_put                                                           
000044db  List_remove                                                        
000020f5  Lock                                                               
00003c15  MainTaskCreate                                                     
0000476d  MotorLock                                                          
00004789  MotorUnlock                                                        
00003fd9  NOROM_AUXSYSIFOpModeChange                                         
00004ad5  NOROM_CPUcpsid                                                     
00004ae1  NOROM_CPUcpsie                                                     
00004bab  NOROM_CPUdelay                                                     
000047a5  NOROM_ChipInfo_GetChipFamily                                       
000034f1  NOROM_ChipInfo_GetChipType                                         
00003949  NOROM_ChipInfo_GetHwRevision                                       
0000489d  NOROM_ChipInfo_GetPackageType                                      
00002861  NOROM_OSCHF_AttemptToSwitchToXosc                                  
00002eb5  NOROM_OSCHF_SwitchToRcOscTurnOffXosc                               
000043c5  NOROM_OSCHF_TurnOnXosc                                             
00003db1  NOROM_OSC_HPOSCRelativeFrequencyOffsetGet                          
00002581  NOROM_SetupTrimDevice                                              
0000400d  NOROM_SysCtrlIdle                                                  
0000176d  NOROM_SysCtrlStandby                                               
0000495d  NOROM_ThisLibraryIsFor_CC13x2_CC26x2_HwRev20AndLater_HaltIfViolated
000055bc  NVS_count                                                          
00004a5d  PINCC26XX_getPinCount                                              
00005654  PINCC26XX_hwAttrs                                                  
00004175  PINCC26XX_setMux                                                   
00002dd5  PIN_add                                                            
000046f9  PIN_close                                                          
00004989  PIN_getInputValue                                                  
0000499d  PIN_getOutputValue                                                 
0000064d  PIN_init                                                           
000021a5  PIN_open                                                           
000031d5  PIN_remove                                                         
00003de9  PIN_setConfig                                                      
[...]
1002eb49  ti_sysbios_hal_Hwi_HwiProxy_Params__init__S                        
1002eb55  ti_sysbios_family_arm_m3_Hwi_disableFxn__E                         
1002eb61  ti_sysbios_family_arm_m3_Hwi_enableFxn__E                          
1002eb6d  ti_sysbios_gates_GateHwi_enter__E                                  
1002eb79  ti_sysbios_BIOS_RtsGateProxy_Params__init__S                       
1002eb79  ti_sysbios_gates_GateMutex_Params__init__S                         
1002eb79  ti_sysbios_heaps_HeapMem_Module_GateProxy_Params__init__S          
1002eb85  ti_sysbios_heaps_HeapTrack_Params__init__S                         
1002eb91  ti_sysbios_heaps_HeapTrack_isBlocking__E                           
1002eb9d  ti_sysbios_knl_Clock_Params__init__S                               
1002eba9  ti_sysbios_knl_Clock_getTimerHandle__E                             
1002ebb5  ti_sysbios_knl_Event_Params__init__S                               
1002ebc1  ti_sysbios_knl_Mailbox_Params__init__S                             
1002ebcd  ti_sysbios_knl_Queue_dequeue__E                                    
1002ebd9  ti_sysbios_knl_Queue_enqueue__E                                    
1002ebe5  ti_sysbios_knl_Semaphore_Params__init__S                           
1002ebf1  ti_sysbios_knl_Swi_Params__init__S                                 
1002ebfd  ti_sysbios_knl_Swi_self__E                                         
1002ec09  ti_sysbios_knl_Task_Params__init__S                                
1002ec15  ti_sysbios_hal_Hwi_Instance_finalize__E                            
1002ec1f  ti_sysbios_knl_Event_Instance_init__E                              
1002ec29  ti_sysbios_family_arm_m3_Hwi_doSwiRestore__I                       
1002ec31  ti_sysbios_family_arm_m3_Hwi_startup__E                            
1002ec31  ti_sysbios_hal_Hwi_HwiProxy_startup__E                             
1002ec31  ti_sysbios_hal_Hwi_HwiProxy_startup__E                             
1002ec31  ti_sysbios_hal_Hwi_startup__E                                      
1002ec31  ti_sysbios_hal_Hwi_startup__E                                      
1002ec39  ti_sysbios_knl_Idle_loop__E                                        
1002ec41  ti_sysbios_family_arm_m3_Hwi_doTaskRestore__I                      
1002ec47  HwiP_restore                                                       
1002ec47  ti_sysbios_family_arm_m3_Hwi_restoreFxn__E                         
1002ec4d  ti_sysbios_gates_GateHwi_leave__E                                  
1002ec53  ti_sysbios_gates_GateMutex_Instance_finalize__E                    
1002ec59  ti_sysbios_heaps_HeapMem_isBlocking__E                             
1002ec5f  ti_sysbios_knl_Queue_Instance_init__E                              
1002ec65  ti_sysbios_knl_Queue_elemClear__E                                  
1002ec6b  ti_sysbios_knl_Swi_startup__E                                      
1002ec71  ti_sysbios_knl_Task_enable__E                                      
1002ec77  ti_sysbios_BIOS_RtsGateProxy_enter__E                              
1002ec7b  ti_sysbios_BIOS_RtsGateProxy_leave__E                              
1002ec7f  ti_sysbios_family_arm_cc26xx_Timer_getExpiredTicks__E              
1002ec83  ti_sysbios_family_arm_cc26xx_Timer_getPeriod__E                    
1002ec87  ti_sysbios_family_arm_cc26xx_Timer_setPeriod__E                    
1002ec8b  ti_sysbios_family_arm_m3_Hwi_delete                                
1002ec8f  ti_sysbios_family_arm_m3_TaskSupport_Module__startupDone__S        
1002ec8f  ti_sysbios_knl_Task_SupportProxy_Module__startupDone__S            
1002ec93  ti_sysbios_gates_GateHwi_query__E                                  
1002ec93  xdc_runtime_Main_Module_GateProxy_query__E                         
1002ec93  xdc_runtime_System_Module_GateProxy_query__E                       
1002ec93  xdc_runtime_System_Module_GateProxy_query__E                       
1002ec97  ti_sysbios_gates_GateMutex_delete                                  
1002ec9b  ti_sysbios_BIOS_RtsGateProxy_query__E                              
1002ec9b  ti_sysbios_BIOS_RtsGateProxy_query__E                              
1002ec9b  ti_sysbios_gates_GateMutex_query__E                                
1002ec9b  ti_sysbios_heaps_HeapMem_Module_GateProxy_query__E                 
1002ec9b  ti_sysbios_heaps_HeapMem_Module_GateProxy_query__E                 
1002ec9f  ti_sysbios_hal_Hwi_HwiProxy_create                                 
1002eca3  ti_sysbios_hal_Hwi_HwiProxy_delete                                 
1002eca7  ti_sysbios_hal_Hwi_delete                                          
1002ecab  ti_sysbios_heaps_HeapMem_Module_GateProxy_enter__E                 
1002ecaf  ti_sysbios_heaps_HeapMem_Module_GateProxy_leave__E                 
1002ecb3  ti_sysbios_knl_Clock_TimerProxy_getExpiredTicks__E                 
1002ecb7  ti_sysbios_knl_Clock_TimerProxy_getPeriod__E                       
1002ecbb  ti_sysbios_knl_Clock_delete                                        
1002ecbf  ti_sysbios_knl_Clock_removeI__E                                    
1002ecc3  ti_sysbios_knl_Clock_setTimeout__E                                 
1002ecc7  ti_sysbios_knl_Event_delete                                        
1002eccb  ti_sysbios_knl_Mailbox_delete                                      
1002eccf  ti_sysbios_knl_Queue_delete                                        
1002ecd3  ti_sysbios_knl_Queue_head__E                                       
1002ecd7  ti_sysbios_knl_Queue_next__E                                       
1002ecdb  ti_sysbios_knl_Semaphore_delete                                    
1002ecdf  ti_sysbios_knl_Swi_delete                                          
1002ece3  ti_sysbios_knl_Swi_postInit__I                                     
1002ece7  ti_sysbios_knl_Task_delete                                         
1002eceb  ti_sysbios_knl_Task_startup__E                                     
1002ecf1  xdc_runtime_System_doPrint__I                                      
1002f055  xdc_runtime_Startup_startMods__I                                   
1002f15d  xdc_runtime_Text_putSite__E                                        
1002f1f7  xdc_runtime_Error_policySpin__E                                    
1002f1f9  xdc_runtime_Text_putMod__E                                         
1002f289  xdc_runtime_Memory_alloc__E                                        
1002f2f9  xdc_runtime_Core_createObject__I                                   
1002f367  xdc_runtime_Core_deleteObject__I                                   
1002f3c5  xdc_runtime_Text_putLab__E                                         
1002f421  xdc_runtime_Assert_raise__I                                        
1002f475  xdc_runtime_Startup_exec__E                                        
1002f4c9  xdc_runtime_Core_assignParams__I                                   
1002f511  xdc_runtime_Core_constructObject__I                                
1002f559  xdc_runtime_System_atexit__E                                       
1002f5a1  xdc_runtime_Text_xprintf__I                                        
1002f5e5  xdc_runtime_System_processAtExit__E                                
1002f625  xdc_runtime_System_putchar__I                                      
1002f659  xdc_runtime_Core_assignLabel__I                                    
1002f689  xdc_runtime_Text_printVisFxn__I                                    
1002f6b9  xdc_runtime_System_vprintf__E                                      
1002f6e5  xdc_runtime_Text_cordText__E                                       
1002f711  xdc_runtime_System_abort__E                                        
1002f739  xdc_runtime_Error_raiseX__E                                        
1002f759  xdc_runtime_Registry_findById__E                                   
1002f779  xdc_runtime_Error_check__E                                         
1002f795  xdc_runtime_Memory_valloc__E                                       
1002f7b1  xdc_runtime_System_exit__E                                         
1002f7cd  xdc_runtime_Text_ropeText__E                                       
1002f7e9  xdc_runtime_System_printf__E                                       
1002f803  xdc_runtime_Core_destructObject__I                                 
1002f81b  xdc_runtime_System_abortSpin__E                                    
1002f81d  xdc_runtime_Memory_free__E                                         
1002f831  xdc_runtime_Memory_getStats__E                                     
1002f845  xdc_runtime_SysCallback_abort__E                                   
1002f845  xdc_runtime_System_SupportProxy_abort__E                           
1002f859  xdc_runtime_SysCallback_exit__E                                    
1002f859  xdc_runtime_System_SupportProxy_exit__E                            
1002f86d  xdc_runtime_SysCallback_flush__E                                   
1002f86d  xdc_runtime_System_SupportProxy_flush__E                           
1002f86d  xdc_runtime_System_flush__E                                        
1002f881  xdc_runtime_SysCallback_putch__E                                   
1002f881  xdc_runtime_System_SupportProxy_putch__E                           
1002f895  xdc_runtime_SysCallback_ready__E                                   
1002f895  xdc_runtime_System_SupportProxy_ready__E                           
1002f8a9  xdc_runtime_Memory_getMaxDefaultTypeAlign__E                       
1002f8b9  xdc_runtime_System_vsnprintf__E                                    
1002f8c9  xdc_runtime_Timestamp_SupportProxy_get32__E                        
1002f8c9  xdc_runtime_Timestamp_SupportProxy_get32__E                        
1002f8c9  xdc_runtime_Timestamp_get32__E                                     
1002f8c9  xdc_runtime_Timestamp_get32__E                                     
1002f8d9  xdc_runtime_Memory_calloc__E                                       
1002f8e5  xdc_runtime_Startup_rtsDone__E                                     
1002f8f1  xdc_runtime_Memory_HeapProxy_alloc__E                              
1002f8fb  xdc_runtime_Memory_HeapProxy_free__E                               
1002f905  xdc_runtime_Memory_HeapProxy_getStats__E                           
1002f90f  xdc_runtime_Gate_leaveSystem__E                                    
1002f915  xdc_runtime_System_Module_startup__E                               
1002f91b  xdc_runtime_Gate_enterSystem__E                                    
1002f91f  xdc_runtime_SysCallback_Module__startupDone__S                     
1002f91f  xdc_runtime_System_SupportProxy_Module__startupDone__S             
1002f923  xdc_runtime_System_Module_GateProxy_enter__E                       
1002f927  xdc_runtime_System_Module_GateProxy_leave__E                       
1002f92b  xdc_runtime_System_printf_va__F                                    
1002f92f  xdc_runtime_System_exitSpin__E                                     
1002f931  ti_sysbios_family_arm_m3_Hwi_dispatch__I                           
1002fa11  ti_sysbios_family_arm_m3_Hwi_interruptsAreDisabledButShouldNotBe   
1002fa2d  ti_sysbios_family_arm_m3_TaskSupport_buildTaskStack                
1002fab9  ti_sysbios_family_arm_m3_Hwi_initStacks__E                         
1002fb11  ti_sysbios_family_arm_m3_Hwi_pendSV__I                             
1002fb35  ti_sysbios_family_arm_m3_Hwi_return                                
1002fb39  ti_sysbios_family_arm_m3_Hwi_excHandlerAsm__I                      
1002fb59  ti_sysbios_family_xxx_Hwi_switchAndRunFunc                         
1002fb77  ti_sysbios_family_arm_m3_TaskSupport_swap__E                       
1002fb77  ti_sysbios_knl_Task_SupportProxy_swap__E                           
1002fb77  ti_sysbios_knl_Task_SupportProxy_swap__E                           
1002fb83  ti_sysbios_knl_Task_swapReturn                                     
1002fb8f  ti_sysbios_family_arm_m3_TaskSupport_glue                          
1002fba0  ti_sysbios_knl_Task_Object__PARAMS__C                              
1002fbdc  ti_sysbios_knl_Mailbox_Object__PARAMS__C                           
1002fc10  ti_sysbios_family_arm_m3_Hwi_Object__PARAMS__C                     
1002fc40  ti_sysbios_hal_Hwi_Object__PARAMS__C                               
1002fc6c  ti_sysbios_knl_Swi_Object__PARAMS__C                               
1002fc94  ti_sysbios_heaps_HeapMem_Object__PARAMS__C                         
1002fcb8  ti_sysbios_knl_Clock_Object__PARAMS__C                             
1002fcdc  ti_sysbios_knl_Semaphore_Object__PARAMS__C                         
1002fd00  ti_sysbios_gates_GateHwi_Object__PARAMS__C                         
1002fd18  ti_sysbios_gates_GateMutex_Object__PARAMS__C                       
1002fd30  ti_sysbios_knl_Event_Object__PARAMS__C                             
1002fd48  ti_sysbios_knl_Queue_Object__PARAMS__C                             
1002fd80  ti_sysbios_heaps_HeapTrack_Object__PARAMS__C                       
1002fd9c  ti_sysbios_heaps_HeapTrack_Instance_State_trackQueue__O            
1002fda0  ti_sysbios_heaps_HeapTrack_Module__diagsEnabled__C                 
1002fda4  ti_sysbios_heaps_HeapTrack_Module__diagsIncluded__C                
1002fda8  ti_sysbios_heaps_HeapTrack_Module__diagsMask__C                    
1002fddb  strlen                                                             
20000000  ti_sysbios_family_arm_m3_Hwi_ramVectors                            
20000100  xdcRomConstPtr                                                     
20000104  xdcRomExternFuncPtr                                                
20000108  xdcRomStatePtr                                                     
20000510  uartCC26XXObjects                                                  
20000768  ti_sysbios_knl_Task_Instance_State_0_stack__A                      
20000968  maintaskStack                                                      
20000b68  gptimerCC26XXObjects                                               
20000c88  pwmtimerCC26xxObjects                                              
20000d88  adcCC26xxObjects                                                   
20000e64  ti_sysbios_family_arm_m3_Hwi_dispatchTable                         
20000f3c  pinHandleTable                                                     
20000fb8  maintaskStruct                                                     
20001048  uartCC26XXRingBuffer                                               
20001148  FIFOStack                                                          
200011f4  FIFOBuf                                                            
20001268  ClockP_tickPeriod                                                  
2000126c  PowerCC26XX_swiKey                                                 
20001270  PowerCC26XX_taskKey                                                
20001274  keyPadUart                                                         
20001278  sleepTickCount                                                     
2000127c  driverlib_release_0_54539                                          
20001280  __primary_heap_start__                                             
20002280  ROM_stateStruct                                                    
20002280  __primary_heap_end__                                               
20002280  ti_sysbios_knl_Clock_Module__state__V                              
200022ac  ti_sysbios_family_arm_cc26xx_TimestampProvider_Module__state__V    
200022b0  xdc_runtime_Startup_Module__state__V                               
200022b8  xdc_runtime_Registry_Module__state__V                              
200022c0  ti_sysbios_BIOS_Module__state__V                                   
200022e4  ti_sysbios_knl_Swi_Module__state__V                                
20002300  ti_sysbios_knl_Task_Module__state__V                               
20002344  xdc_runtime_Memory_Module__state__V                                
20002348  xdc_runtime_System_Module__state__V                                
20002350  ti_sysbios_family_arm_m3_Hwi_Module__state__V                      
20002384  ti_sysbios_family_arm_cc26xx_Timer_Module__state__V                
2000238c  PowerCC26X2_module                                                 
20002478  ti_sysbios_knl_Task_Object__table__V                               
200024c8  ti_sysbios_family_arm_cc26xx_Timer_Object__table__V                
20002510  ti_sysbios_gates_GateMutex_Object__table__V                        
20002548  ti_sysbios_knl_Swi_Module_State_0_readyQ__A                        
20002578  ti_sysbios_knl_Swi_Object__table__V                                
200025a8  ti_sysbios_knl_Clock_Object__table__V                              
200025c8  ti_sysbios_knl_Task_Module_State_0_readyQ__A                       
200025e8  xdc_runtime_Error_IgnoreBlock                                      
20002608  ledPinTable                                                        
20002620  ti_sysbios_family_arm_m3_Hwi_Object__table__V                      
20002638  ti_sysbios_heaps_HeapMem_Object__table__V                          
20002650  buttonPinTable                                                     
20002668  motorDRPinTable                                                    
20002680  _lock                                                              
20002684  _unlock                                                            
20002688  batteryCntPinTable                                                 
20002698  pinUpperBound                                                      
2000269c  pinLowerBound                                                      
200026a0  keyPadPowerPinTable                                                
200026a8  ti_sysbios_family_arm_m3_Hwi_Module__root__V                       
200026b0  ti_sysbios_gates_GateHwi_Module__root__V                           
200026b8  ti_sysbios_gates_GateMutex_Module__root__V                         
200026c0  ti_sysbios_hal_Hwi_Module__root__V                                 
200026c8  ti_sysbios_heaps_HeapMem_Module__root__V                           
200026d0  ti_sysbios_knl_Clock_Module__root__V                               
200026d8  ti_sysbios_knl_Event_Module__root__V                               
200026e0  ti_sysbios_knl_Mailbox_Module__root__V                             
200026e8  ti_sysbios_knl_Queue_Module__root__V                               
200026f0  ti_sysbios_knl_Semaphore_Module__root__V                           
200026f8  ti_sysbios_knl_Swi_Module__root__V                                 
20002700  ti_sysbios_knl_Task_Module__root__V                                
20002710  xdc_runtime_System_Module_State_0_atexitHandlers__A                
20002718  main_func_sp                                                       
2000271c  ti_sysbios_family_arm_m3_Hwi_Module_State_0_excContext__A          
20002720  ti_sysbios_family_arm_m3_Hwi_Module_State_0_excStack__A            
20002724  ti_sysbios_knl_Task_Module_State_0_idleTask__A                     
2000272a  ti_sysbios_family_arm_m3_Hwi_Module_State_0_excActive__A           
20013c00  __stack                                                            
20014000  __STACK_END                                                        
e000e000  ti_sysbios_family_arm_m3_Hwi_nvic                                  
ffffffff  __TI_pprof_out_hndl                                                
ffffffff  __TI_prof_data_size                                                
ffffffff  __TI_prof_data_start                                               
ffffffff  __binit__                                                          
ffffffff  __c_args__                                                         
ffffffff  binit                                                              
UNDEFED   SHT$$INIT_ARRAY$$Base                                              
UNDEFED   SHT$$INIT_ARRAY$$Limit                                             

[905 symbols]
